Archive member included to satisfy reference by file (symbol)

.\CortexM0\ARM_GCC_541\Debug\synth-wavetable.a(CodecI2CM.o)
                              .\CortexM0\ARM_GCC_541\Debug\main.o (CodecI2CM_Start)
.\CortexM0\ARM_GCC_541\Debug\synth-wavetable.a(CodecI2CM_I2C.o)
                              .\CortexM0\ARM_GCC_541\Debug\synth-wavetable.a(CodecI2CM.o) (CodecI2CM_I2CInit)
.\CortexM0\ARM_GCC_541\Debug\synth-wavetable.a(CodecI2CM_I2C_MASTER.o)
                              .\CortexM0\ARM_GCC_541\Debug\Codec.o (CodecI2CM_I2CMasterSendStart)
.\CortexM0\ARM_GCC_541\Debug\synth-wavetable.a(I2S.o)
                              .\CortexM0\ARM_GCC_541\Debug\main.o (I2S_Start)
.\CortexM0\ARM_GCC_541\Debug\synth-wavetable.a(AudioClkSel.o)
                              .\CortexM0\ARM_GCC_541\Debug\AudioControl.o (AudioClkSel_Write)
.\CortexM0\ARM_GCC_541\Debug\synth-wavetable.a(CyLib.o)
                              .\CortexM0\ARM_GCC_541\Debug\AudioOut.o (CyIntEnable)
.\CortexM0\ARM_GCC_541\Debug\synth-wavetable.a(CyDMA.o)
                              .\CortexM0\ARM_GCC_541\Debug\AudioControl.o (CyDmaEnable)
.\CortexM0\ARM_GCC_541\Debug\synth-wavetable.a(CyLFClk.o)
                              .\CortexM0\ARM_GCC_541\Debug\cyfitter_cfg.o (CySysClkWcoStart)
.\CortexM0\ARM_GCC_541\Debug\synth-wavetable.a(LED.o)
                              .\CortexM0\ARM_GCC_541\Debug\main.o (LED_Write)
.\CortexM0\ARM_GCC_541\Debug\synth-wavetable.a(isr_I2S_underflow.o)
                              .\CortexM0\ARM_GCC_541\Debug\main.o (isr_I2S_underflow_StartEx)
.\CortexM0\ARM_GCC_541\Debug\synth-wavetable.a(ADC.o)
                              .\CortexM0\ARM_GCC_541\Debug\main.o (ADC_Start)
.\CortexM0\ARM_GCC_541\Debug\synth-wavetable.a(ADC_INT.o)
                              .\CortexM0\ARM_GCC_541\Debug\synth-wavetable.a(ADC.o) (ADC_ISR)
.\CortexM0\ARM_GCC_541\Debug\synth-wavetable.a(isr_ADC_EOC.o)
                              .\CortexM0\ARM_GCC_541\Debug\main.o (isr_ADC_EOC_StartEx)
.\CortexM0\ARM_GCC_541\Debug\synth-wavetable.a(TxByteCounter.o)
                              .\CortexM0\ARM_GCC_541\Debug\main.o (TxByteCounter_Start)
.\CortexM0\ARM_GCC_541\Debug\synth-wavetable.a(SPI.o)
                              .\CortexM0\ARM_GCC_541\Debug\main.o (SPI_Start)
.\CortexM0\ARM_GCC_541\Debug\synth-wavetable.a(SPI_SPI_UART.o)
                              .\CortexM0\ARM_GCC_541\Debug\main.o (SPI_SpiUartGetRxBufferSize)
.\CortexM0\ARM_GCC_541\Debug\synth-wavetable.a(SPI_SPI.o)
                              .\CortexM0\ARM_GCC_541\Debug\synth-wavetable.a(SPI.o) (SPI_SpiPostEnable)
.\CortexM0\ARM_GCC_541\Debug\synth-wavetable.a(SPI_SPI_UART_INT.o)
                              .\CortexM0\ARM_GCC_541\Debug\synth-wavetable.a(SPI_SPI.o) (SPI_SPI_UART_ISR)
.\CortexM0\ARM_GCC_541\Debug\synth-wavetable.a(SPI_sclk_m.o)
                              .\CortexM0\ARM_GCC_541\Debug\synth-wavetable.a(SPI_SPI.o) (SPI_sclk_m_Write)
.\CortexM0\ARM_GCC_541\Debug\synth-wavetable.a(SPI_ss0_m.o)
                              .\CortexM0\ARM_GCC_541\Debug\synth-wavetable.a(SPI_SPI.o) (SPI_ss0_m_Write)
.\CortexM0\ARM_GCC_541\Debug\synth-wavetable.a(SPI_TxDMA.o)
                              .\CortexM0\ARM_GCC_541\Debug\AudioOut.o (SPI_TxDMA_Start)
.\CortexM0\ARM_GCC_541\Debug\synth-wavetable.a(SPI_RxDMA.o)
                              .\CortexM0\ARM_GCC_541\Debug\AudioOut.o (SPI_RxDMA_Start)
.\CortexM0\ARM_GCC_541\Debug\synth-wavetable.a(I2STxDMA.o)
                              .\CortexM0\ARM_GCC_541\Debug\AudioOut.o (I2STxDMA_Init)
.\CortexM0\ARM_GCC_541\Debug\synth-wavetable.a(isr_I2STxDone.o)
                              .\CortexM0\ARM_GCC_541\Debug\AudioOut.o (isr_I2STxDone_Enable)
.\CortexM0\ARM_GCC_541\Debug\synth-wavetable.a(SPIByteCounter.o)
                              .\CortexM0\ARM_GCC_541\Debug\main.o (SPIByteCounter_Start)
.\CortexM0\ARM_GCC_541\Debug\synth-wavetable.a(isr_SPIDone.o)
                              .\CortexM0\ARM_GCC_541\Debug\AudioOut.o (isr_SPIDone_Enable)
.\CortexM0\ARM_GCC_541\Debug\synth-wavetable.a(CyBootAsmGnu.o)
                              .\CortexM0\ARM_GCC_541\Debug\cyfitter_cfg.o (CyDelayCycles)
.\CortexM0\ARM_GCC_541\Debug\synth-wavetable.a(CodecI2CM_I2C_INT.o)
                              .\CortexM0\ARM_GCC_541\Debug\synth-wavetable.a(CodecI2CM_I2C.o) (CodecI2CM_I2C_ISR)
.\CortexM0\ARM_GCC_541\Debug\synth-wavetable.a(CyFlash.o)
                              .\CortexM0\ARM_GCC_541\Debug\synth-wavetable.a(CyLib.o) (CySysFlashSetWaitCycles)
c:/program files (x86)/cypress/psoc creator/4.2/psoc creator/import/gnu/arm/5.4.1/bin/../lib/gcc/arm-none-eabi/5.4.1/../../../../arm-none-eabi/lib/armv6-m\libm.a(lib_a-s_sin.o)
                              .\CortexM0\ARM_GCC_541\Debug\waves.o (sin)
c:/program files (x86)/cypress/psoc creator/4.2/psoc creator/import/gnu/arm/5.4.1/bin/../lib/gcc/arm-none-eabi/5.4.1/../../../../arm-none-eabi/lib/armv6-m\libm.a(lib_a-e_rem_pio2.o)
[...]
Memory Configuration

Name             Origin             Length             Attributes
rom              0x00000000         0x00040000         xr
ram              0x20000000         0x00008000         xrw
*default*        0x00000000         0xffffffff

Linker script and memory map

LOAD c:/program files (x86)/cypress/psoc creator/4.2/psoc creator/import/gnu/arm/5.4.1/bin/../lib/gcc/arm-none-eabi/5.4.1/armv6-m/crti.o
LOAD c:/program files (x86)/cypress/psoc creator/4.2/psoc creator/import/gnu/arm/5.4.1/bin/../lib/gcc/arm-none-eabi/5.4.1/armv6-m/crtbegin.o
LOAD c:/program files (x86)/cypress/psoc creator/4.2/psoc creator/import/gnu/arm/5.4.1/bin/../lib/gcc/arm-none-eabi/5.4.1/../../../../arm-none-eabi/lib/armv6-m/crt0.o
START GROUP
LOAD .\CortexM0\ARM_GCC_541\Debug\main.o
LOAD .\CortexM0\ARM_GCC_541\Debug\Codec.o
LOAD .\CortexM0\ARM_GCC_541\Debug\Interrupts.o
LOAD .\CortexM0\ARM_GCC_541\Debug\waves.o
LOAD .\CortexM0\ARM_GCC_541\Debug\AudioControl.o
LOAD .\CortexM0\ARM_GCC_541\Debug\AudioOut.o
LOAD .\CortexM0\ARM_GCC_541\Debug\oscillator.o
LOAD .\CortexM0\ARM_GCC_541\Debug\cyfitter_cfg.o
LOAD .\CortexM0\ARM_GCC_541\Debug\cymetadata.o
LOAD .\CortexM0\ARM_GCC_541\Debug\Cm0Start.o
LOAD .\CortexM0\ARM_GCC_541\Debug\synth-wavetable.a
LOAD c:/program files (x86)/cypress/psoc creator/4.2/psoc creator/import/gnu/arm/5.4.1/bin/../lib/gcc/arm-none-eabi/5.4.1/../../../../arm-none-eabi/lib/armv6-m\libm.a
END GROUP
START GROUP
LOAD c:/program files (x86)/cypress/psoc creator/4.2/psoc creator/import/gnu/arm/5.4.1/bin/../lib/gcc/arm-none-eabi/5.4.1/armv6-m\libgcc.a
LOAD c:/program files (x86)/cypress/psoc creator/4.2/psoc creator/import/gnu/arm/5.4.1/bin/../lib/gcc/arm-none-eabi/5.4.1/../../../../arm-none-eabi/lib/armv6-m\libg_nano.a
LOAD c:/program files (x86)/cypress/psoc creator/4.2/psoc creator/import/gnu/arm/5.4.1/bin/../lib/gcc/arm-none-eabi/5.4.1/../../../../arm-none-eabi/lib/armv6-m\libc_nano.a
END GROUP
START GROUP
LOAD c:/program files (x86)/cypress/psoc creator/4.2/psoc creator/import/gnu/arm/5.4.1/bin/../lib/gcc/arm-none-eabi/5.4.1/armv6-m\libgcc.a
LOAD c:/program files (x86)/cypress/psoc creator/4.2/psoc creator/import/gnu/arm/5.4.1/bin/../lib/gcc/arm-none-eabi/5.4.1/../../../../arm-none-eabi/lib/armv6-m\libc_nano.a
END GROUP
LOAD c:/program files (x86)/cypress/psoc creator/4.2/psoc creator/import/gnu/arm/5.4.1/bin/../lib/gcc/arm-none-eabi/5.4.1/armv6-m/crtend.o
LOAD c:/program files (x86)/cypress/psoc creator/4.2/psoc creator/import/gnu/arm/5.4.1/bin/../lib/gcc/arm-none-eabi/5.4.1/armv6-m/crtn.o
START GROUP
LOAD c:/program files (x86)/cypress/psoc creator/4.2/psoc creator/import/gnu/arm/5.4.1/bin/../lib/gcc/arm-none-eabi/5.4.1/armv6-m\libgcc.a
LOAD c:/program files (x86)/cypress/psoc creator/4.2/psoc creator/import/gnu/arm/5.4.1/bin/../lib/gcc/arm-none-eabi/5.4.1/../../../../arm-none-eabi/lib/armv6-m\libc.a
LOAD c:/program files (x86)/cypress/psoc creator/4.2/psoc creator/import/gnu/arm/5.4.1/bin/../lib/gcc/arm-none-eabi/5.4.1/../../../../arm-none-eabi/lib/armv6-m\libnosys.a
END GROUP
                0x00000000                CY_APPL_ORIGIN = 0x0
                0x00000100                CY_FLASH_ROW_SIZE = 0x100
                0x00000001                CY_APPL_NUM = 0x1
                0x00000001                CY_APPL_MAX = 0x1
                0x00000040                CY_METADATA_SIZE = 0x40
                0x00000000                CY_APPL_LOADABLE = 0x0
                0x00000000                CY_CHECKSUM_EXCLUDE_SIZE = ALIGN (0x0, CY_FLASH_ROW_SIZE)
                0x00000000                CY_APP_FOR_STACK_AND_COPIER = 0x0
                [!provide]                PROVIDE (__cy_heap_start, _end)
                0x00000001                PROVIDE (__cy_region_num, ((__cy_regions_end - __cy_regions) / 0x10))
                0x20008000                PROVIDE (__cy_stack, (ORIGIN (ram) + LENGTH (ram)))
                [!provide]                PROVIDE (__cy_heap_end, (__cy_stack - 0x800))

.cybootloader   0x00000000        0x0
 *(.cybootloader)
                0x00000000                appl1_start = CY_APPL_ORIGIN?CY_APPL_ORIGIN:ALIGN (CY_FLASH_ROW_SIZE)
                0x0001ff00                appl2_start = (appl1_start + ALIGN ((((LENGTH (rom) - appl1_start) - (0x2 * CY_FLASH_ROW_SIZE)) / 0x2), CY_FLASH_ROW_SIZE))
                0x00000000                appl_start = (CY_APPL_NUM == 0x1)?appl1_start:appl2_start
                0x00000001                cy_project_type_bootloader = (appl_start == 0x0)?0x1:0x0
                0x00000000                cy_project_type_app_for_stack_and_copier = (CY_APP_FOR_STACK_AND_COPIER == 0x1)?0x1:0x0

.text           0x00000000     0x4dae
 CREATE_OBJECT_SYMBOLS
                0x00000000                PROVIDE (__cy_interrupt_vector, RomVectors)
 *(.romvectors)
 .romvectors    0x00000000       0x10 .\CortexM0\ARM_GCC_541\Debug\Cm0Start.o
                0x00000000                RomVectors
                0x00000001                ASSERT ((. != __cy_interrupt_vector), No interrupt vector)
                0x00000001                ASSERT (CY_APPL_ORIGIN?(SIZEOF (.cybootloader) <= CY_APPL_ORIGIN):0x1, Wrong image location)
                0x00000010                PROVIDE (__cy_reset, Reset)
 *(.text.Reset)
 .text.Reset    0x00000010        0x8 .\CortexM0\ARM_GCC_541\Debug\Cm0Start.o
                0x00000010                Reset
                0x00000001                ASSERT ((. != __cy_reset), No reset code)
 *(.psocinit)
 .psocinit      0x00000018      0x3d0 .\CortexM0\ARM_GCC_541\Debug\cyfitter_cfg.o
                0x00000200                cyfitter_cfg
                0x000003e8                . = MAX (., 0x100)
 *(.text .text.* .gnu.linkonce.t.*)
 .text          0x000003e8       0x60 c:/program files (x86)/cypress/psoc creator/4.2/psoc creator/import/gnu/arm/5.4.1/bin/../lib/gcc/arm-none-eabi/5.4.1/armv6-m/crtbegin.o
 .text.main     0x00000448       0xc0 .\CortexM0\ARM_GCC_541\Debug\main.o
                0x00000448                main
 .text.Codec_SendData
                0x00000508       0x48 .\CortexM0\ARM_GCC_541\Debug\Codec.o
                0x00000508                Codec_SendData
 .text.Codec_SetSamplingRate
                0x00000550        0xc .\CortexM0\ARM_GCC_541\Debug\Codec.o
                0x00000550                Codec_SetSamplingRate
 .text.Codec_AdjustBothHeadphoneVolume
                0x0000055c       0x18 .\CortexM0\ARM_GCC_541\Debug\Codec.o
                0x0000055c                Codec_AdjustBothHeadphoneVolume
 .text.Codec_Activate
                0x00000574        0xc .\CortexM0\ARM_GCC_541\Debug\Codec.o
                0x00000574                Codec_Activate
 .text.Codec_ResetOverI2C
                0x00000580        0xc .\CortexM0\ARM_GCC_541\Debug\Codec.o
                0x00000580                Codec_ResetOverI2C
 .text.Codec_Init
                0x0000058c       0x34 .\CortexM0\ARM_GCC_541\Debug\Codec.o
                0x0000058c                Codec_Init
 .text.ADC_EOC  0x000005c0        0xc .\CortexM0\ARM_GCC_541\Debug\Interrupts.o
                0x000005c0                ADC_EOC
 .text.I2STxDone
                0x000005cc       0x14 .\CortexM0\ARM_GCC_541\Debug\Interrupts.o
                0x000005cc                I2STxDone
 .text.SPIDone  0x000005e0       0x38 .\CortexM0\ARM_GCC_541\Debug\Interrupts.o
                0x000005e0                SPIDone
 .text.SPI_RxDMA_Done_Interrupt
                0x00000618        0x4 .\CortexM0\ARM_GCC_541\Debug\Interrupts.o
                0x00000618                SPI_RxDMA_Done_Interrupt
 .text.SPI_TxDMA_Done_Interrupt
                0x0000061c        0x4 .\CortexM0\ARM_GCC_541\Debug\Interrupts.o
                0x0000061c                SPI_TxDMA_Done_Interrupt
 .text.I2SUnderflow
                0x00000620        0x4 .\CortexM0\ARM_GCC_541\Debug\Interrupts.o
                0x00000620                I2SUnderflow
 .text.generate_base_sine
                0x00000624       0x48 .\CortexM0\ARM_GCC_541\Debug\waves.o
                0x00000624                generate_base_sine
 .text.generate_base_pos_saw
                0x0000066c       0x24 .\CortexM0\ARM_GCC_541\Debug\waves.o
                0x0000066c                generate_base_pos_saw
 .text.generate_base_sq
                0x00000690       0x28 .\CortexM0\ARM_GCC_541\Debug\waves.o
                0x00000690                generate_base_sq
 .text.generate_lfo_sine
                0x000006b8       0x48 .\CortexM0\ARM_GCC_541\Debug\waves.o
                0x000006b8                generate_lfo_sine
 .text.init_wavetable
                0x00000700       0x2c .\CortexM0\ARM_GCC_541\Debug\waves.o
                0x00000700                init_wavetable
 .text.InitAudioPath
                0x0000072c       0x24 .\CortexM0\ARM_GCC_541\Debug\AudioControl.o
                0x0000072c                InitAudioPath
 .text.InitializeAudioOutPath
                0x00000750      0x114 .\CortexM0\ARM_GCC_541\Debug\AudioOut.o
                0x00000750                InitializeAudioOutPath
 .text.cfg_write_bytes32
                0x00000864       0x34 .\CortexM0\ARM_GCC_541\Debug\cyfitter_cfg.o
 .text.CYMEMZERO
                0x00000898        0xc .\CortexM0\ARM_GCC_541\Debug\cyfitter_cfg.o
 .text.SetAnalogRoutingPumps
                0x000008a4       0x20 .\CortexM0\ARM_GCC_541\Debug\cyfitter_cfg.o
                0x000008a4                SetAnalogRoutingPumps
 .text.AnalogSetDefault
                0x000008c4       0x48 .\CortexM0\ARM_GCC_541\Debug\cyfitter_cfg.o
 .text.IntDefaultHandler
                0x0000090c       0x10 .\CortexM0\ARM_GCC_541\Debug\Cm0Start.o
                0x0000090c                IntDefaultHandler
 .text.Start_c  0x0000091c       0x48 .\CortexM0\ARM_GCC_541\Debug\Cm0Start.o
                0x0000091c                Start_c
 .text.initialize_psoc
                0x00000964       0x4c .\CortexM0\ARM_GCC_541\Debug\Cm0Start.o
                0x00000964                initialize_psoc
 .text.CodecI2CM_ScbEnableIntr
                0x000009b0        0xc .\CortexM0\ARM_GCC_541\Debug\synth-wavetable.a(CodecI2CM.o)
 .text.CodecI2CM_Init
                0x000009bc        0x8 .\CortexM0\ARM_GCC_541\Debug\synth-wavetable.a(CodecI2CM.o)
                0x000009bc                CodecI2CM_Init
 .text.CodecI2CM_Enable
                0x000009c4       0x18 .\CortexM0\ARM_GCC_541\Debug\synth-wavetable.a(CodecI2CM.o)
                0x000009c4                CodecI2CM_Enable
 .text.CodecI2CM_Start
                0x000009dc       0x20 .\CortexM0\ARM_GCC_541\Debug\synth-wavetable.a(CodecI2CM.o)
                0x000009dc                CodecI2CM_Start
 .text.CodecI2CM_I2CInit
                0x000009fc       0xb8 .\CortexM0\ARM_GCC_541\Debug\synth-wavetable.a(CodecI2CM_I2C.o)
                0x000009fc                CodecI2CM_I2CInit
 .text.CodecI2CM_I2CFwBlockReset
                0x00000ab4       0x5c .\CortexM0\ARM_GCC_541\Debug\synth-wavetable.a(CodecI2CM_I2C.o)
                0x00000ab4                CodecI2CM_I2CFwBlockReset
 .text.CodecI2CM_I2CMasterWaitOneUnit
                0x00000b10       0x28 .\CortexM0\ARM_GCC_541\Debug\synth-wavetable.a(CodecI2CM_I2C_MASTER.o)
 .text.CodecI2CM_I2CMasterHandleStatus
                0x00000b38       0xc4 .\CortexM0\ARM_GCC_541\Debug\synth-wavetable.a(CodecI2CM_I2C_MASTER.o)
 .text.CodecI2CM_I2CMasterSendStart
                0x00000bfc       0xc4 .\CortexM0\ARM_GCC_541\Debug\synth-wavetable.a(CodecI2CM_I2C_MASTER.o)
                0x00000bfc                CodecI2CM_I2CMasterSendStart
 .text.CodecI2CM_I2CMasterSendStop
                0x00000cc0       0x58 .\CortexM0\ARM_GCC_541\Debug\synth-wavetable.a(CodecI2CM_I2C_MASTER.o)
                0x00000cc0                CodecI2CM_I2CMasterSendStop
 .text.CodecI2CM_I2CMasterWriteByte
                0x00000d18       0x48 .\CortexM0\ARM_GCC_541\Debug\synth-wavetable.a(CodecI2CM_I2C_MASTER.o)
                0x00000d18                CodecI2CM_I2CMasterWriteByte
 .text.I2S_Enable
                0x00000d60       0x2c .\CortexM0\ARM_GCC_541\Debug\synth-wavetable.a(I2S.o)
                0x00000d60                I2S_Enable
 .text.I2S_Init
                0x00000d8c       0x18 .\CortexM0\ARM_GCC_541\Debug\synth-wavetable.a(I2S.o)
                0x00000d8c                I2S_Init
 .text.I2S_Start
                0x00000da4       0x20 .\CortexM0\ARM_GCC_541\Debug\synth-wavetable.a(I2S.o)
                0x00000da4                I2S_Start
 .text.I2S_EnableTx
                0x00000dc4       0x2c .\CortexM0\ARM_GCC_541\Debug\synth-wavetable.a(I2S.o)
                0x00000dc4                I2S_EnableTx
 .text.AudioClkSel_Write
                0x00000df0        0xc .\CortexM0\ARM_GCC_541\Debug\synth-wavetable.a(AudioClkSel.o)
                0x00000df0                AudioClkSel_Write
 .text.CySysClkImoDisableWcoLock
                0x00000dfc       0x54 .\CortexM0\ARM_GCC_541\Debug\synth-wavetable.a(CyLib.o)
                0x00000dfc                CySysClkImoDisableWcoLock
 .text.CySysClkImoGetWcoLock
                0x00000e50       0x14 .\CortexM0\ARM_GCC_541\Debug\synth-wavetable.a(CyLib.o)
                0x00000e50                CySysClkImoGetWcoLock
 .text.CySysClkImoEnableUsbLock
                0x00000e64       0xf4 .\CortexM0\ARM_GCC_541\Debug\synth-wavetable.a(CyLib.o)
                0x00000e64                CySysClkImoEnableUsbLock
 .text.CySysClkImoDisableUsbLock
                0x00000f58       0x90 .\CortexM0\ARM_GCC_541\Debug\synth-wavetable.a(CyLib.o)
                0x00000f58                CySysClkImoDisableUsbLock
 .text.CySysClkImoGetUsbLock
                0x00000fe8       0x14 .\CortexM0\ARM_GCC_541\Debug\synth-wavetable.a(CyLib.o)
                0x00000fe8                CySysClkImoGetUsbLock
 .text.CySysClkEcoReadStatus
                0x00000ffc       0x14 .\CortexM0\ARM_GCC_541\Debug\synth-wavetable.a(CyLib.o)
                0x00000ffc                CySysClkEcoReadStatus
 .text.CyIntEnable
                0x00001010       0x14 .\CortexM0\ARM_GCC_541\Debug\synth-wavetable.a(CyLib.o)
                0x00001010                CyIntEnable
 .text.CyIntDisable
                0x00001024       0x14 .\CortexM0\ARM_GCC_541\Debug\synth-wavetable.a(CyLib.o)
                0x00001024                CyIntDisable
 .text.CyHalt   0x00001038        0x4 .\CortexM0\ARM_GCC_541\Debug\synth-wavetable.a(CyLib.o)
                0x00001038                CyHalt
 .text.CyIntSetVector
                0x0000103c       0x24 .\CortexM0\ARM_GCC_541\Debug\synth-wavetable.a(CyLib.o)
                0x0000103c                CyIntSetVector
 .text.CyIntSetPriority
                0x00001060       0x4c .\CortexM0\ARM_GCC_541\Debug\synth-wavetable.a(CyLib.o)
                0x00001060                CyIntSetPriority
 .text.CyDelay  0x000010ac       0x30 .\CortexM0\ARM_GCC_541\Debug\synth-wavetable.a(CyLib.o)
                0x000010ac                CyDelay
 .text.CySysClkImoEnableWcoLock
                0x000010dc      0x104 .\CortexM0\ARM_GCC_541\Debug\synth-wavetable.a(CyLib.o)
                0x000010dc                CySysClkImoEnableWcoLock
 .text.CyDelayUs
                0x000011e0       0x14 .\CortexM0\ARM_GCC_541\Debug\synth-wavetable.a(CyLib.o)
                0x000011e0                CyDelayUs
 .text.CySysClkWriteImoFreq
                0x000011f4      0x1bc .\CortexM0\ARM_GCC_541\Debug\synth-wavetable.a(CyLib.o)
                0x000011f4                CySysClkWriteImoFreq
 .text.CySysClkEcoStart
                0x000013b0       0x48 .\CortexM0\ARM_GCC_541\Debug\synth-wavetable.a(CyLib.o)
                0x000013b0                CySysClkEcoStart
 .text.CyDmaInterrupt
                0x000013f8       0x30 .\CortexM0\ARM_GCC_541\Debug\synth-wavetable.a(CyDMA.o)
                0x000013f8                CyDmaInterrupt
 .text.CyDmaDefaultInterruptCallback
                0x00001428        0xc .\CortexM0\ARM_GCC_541\Debug\synth-wavetable.a(CyDMA.o)
 .text.CyDmaSetInterruptVector
                0x00001434        0xc .\CortexM0\ARM_GCC_541\Debug\synth-wavetable.a(CyDMA.o)
                0x00001434                CyDmaSetInterruptVector
 .text.CyDmaEnable
                0x00001440       0x34 .\CortexM0\ARM_GCC_541\Debug\synth-wavetable.a(CyDMA.o)
                0x00001440                CyDmaEnable
 .text.CyDmaSetInterruptCallback
                0x00001474       0x20 .\CortexM0\ARM_GCC_541\Debug\synth-wavetable.a(CyDMA.o)
                0x00001474                CyDmaSetInterruptCallback
 .text.CyDmaChEnable
                0x00001494       0x24 .\CortexM0\ARM_GCC_541\Debug\synth-wavetable.a(CyDMA.o)
                0x00001494                CyDmaChEnable
 .text.CyDmaValidateDescriptor
                0x000014b8       0x34 .\CortexM0\ARM_GCC_541\Debug\synth-wavetable.a(CyDMA.o)
                0x000014b8                CyDmaValidateDescriptor
 .text.CyDmaSetSrcAddress
                0x000014ec       0x2c .\CortexM0\ARM_GCC_541\Debug\synth-wavetable.a(CyDMA.o)
                0x000014ec                CyDmaSetSrcAddress
 .text.CyDmaSetDstAddress
                0x00001518       0x30 .\CortexM0\ARM_GCC_541\Debug\synth-wavetable.a(CyDMA.o)
                0x00001518                CyDmaSetDstAddress
 .text.CyDmaSetNumDataElements
                0x00001548       0x4c .\CortexM0\ARM_GCC_541\Debug\synth-wavetable.a(CyDMA.o)
                0x00001548                CyDmaSetNumDataElements
 .text.CySysWdtLocked
                0x00001594       0x14 .\CortexM0\ARM_GCC_541\Debug\synth-wavetable.a(CyLFClk.o)
 .text.CySysClkWcoStart
                0x000015a8       0x40 .\CortexM0\ARM_GCC_541\Debug\synth-wavetable.a(CyLFClk.o)
                0x000015a8                CySysClkWcoStart
 .text.CySysClkWcoEnabled
                0x000015e8       0x14 .\CortexM0\ARM_GCC_541\Debug\synth-wavetable.a(CyLFClk.o)
                0x000015e8                CySysClkWcoEnabled
 .text.CySysWdtLock
                0x000015fc       0x1c .\CortexM0\ARM_GCC_541\Debug\synth-wavetable.a(CyLFClk.o)
                0x000015fc                CySysWdtLock
 .text.CySysWdtUnlock
                0x00001618       0x30 .\CortexM0\ARM_GCC_541\Debug\synth-wavetable.a(CyLFClk.o)
                0x00001618                CySysWdtUnlock
 .text.CySysWdtClearInterrupt
                0x00001648       0x4c .\CortexM0\ARM_GCC_541\Debug\synth-wavetable.a(CyLFClk.o)
                0x00001648                CySysWdtClearInterrupt
 .text.CySysWdtIsr
                0x00001694       0xa4 .\CortexM0\ARM_GCC_541\Debug\synth-wavetable.a(CyLFClk.o)
                0x00001694                CySysWdtIsr
 .text.LED_Write
                0x00001738       0x18 .\CortexM0\ARM_GCC_541\Debug\synth-wavetable.a(LED.o)
                0x00001738                LED_Write
 .text.isr_I2S_underflow_SetVector
                0x00001750        0xc .\CortexM0\ARM_GCC_541\Debug\synth-wavetable.a(isr_I2S_underflow.o)
                0x00001750                isr_I2S_underflow_SetVector
 .text.isr_I2S_underflow_SetPriority
                0x0000175c       0x24 .\CortexM0\ARM_GCC_541\Debug\synth-wavetable.a(isr_I2S_underflow.o)
                0x0000175c                isr_I2S_underflow_SetPriority
 .text.isr_I2S_underflow_Enable
                0x00001780        0xc .\CortexM0\ARM_GCC_541\Debug\synth-wavetable.a(isr_I2S_underflow.o)
                0x00001780                isr_I2S_underflow_Enable
 .text.isr_I2S_underflow_Disable
                0x0000178c        0xc .\CortexM0\ARM_GCC_541\Debug\synth-wavetable.a(isr_I2S_underflow.o)
                0x0000178c                isr_I2S_underflow_Disable
 .text.isr_I2S_underflow_StartEx
                0x00001798       0x1c .\CortexM0\ARM_GCC_541\Debug\synth-wavetable.a(isr_I2S_underflow.o)
                0x00001798                isr_I2S_underflow_StartEx
 .text.ADC_Init
                0x000017b4      0x184 .\CortexM0\ARM_GCC_541\Debug\synth-wavetable.a(ADC.o)
                0x000017b4                ADC_Init
 .text.ADC_Enable
                0x00001938       0x30 .\CortexM0\ARM_GCC_541\Debug\synth-wavetable.a(ADC.o)
                0x00001938                ADC_Enable
 .text.ADC_Start
                0x00001968       0x20 .\CortexM0\ARM_GCC_541\Debug\synth-wavetable.a(ADC.o)
                0x00001968                ADC_Start
 .text.ADC_StartConvert
                0x00001988       0x14 .\CortexM0\ARM_GCC_541\Debug\synth-wavetable.a(ADC.o)
                0x00001988                ADC_StartConvert
 .text.ADC_ISR  0x0000199c        0xc .\CortexM0\ARM_GCC_541\Debug\synth-wavetable.a(ADC_INT.o)
                0x0000199c                ADC_ISR
 .text.isr_ADC_EOC_SetVector
                0x000019a8        0xc .\CortexM0\ARM_GCC_541\Debug\synth-wavetable.a(isr_ADC_EOC.o)
                0x000019a8                isr_ADC_EOC_SetVector
 .text.isr_ADC_EOC_SetPriority
                0x000019b4       0x20 .\CortexM0\ARM_GCC_541\Debug\synth-wavetable.a(isr_ADC_EOC.o)
                0x000019b4                isr_ADC_EOC_SetPriority
 .text.isr_ADC_EOC_Enable
                0x000019d4        0xc .\CortexM0\ARM_GCC_541\Debug\synth-wavetable.a(isr_ADC_EOC.o)
                0x000019d4                isr_ADC_EOC_Enable
 .text.isr_ADC_EOC_Disable
                0x000019e0        0xc .\CortexM0\ARM_GCC_541\Debug\synth-wavetable.a(isr_ADC_EOC.o)
                0x000019e0                isr_ADC_EOC_Disable
 .text.isr_ADC_EOC_StartEx
                0x000019ec       0x1c .\CortexM0\ARM_GCC_541\Debug\synth-wavetable.a(isr_ADC_EOC.o)
                0x000019ec                isr_ADC_EOC_StartEx
 .text.TxByteCounter_WriteCounter
                0x00001a08       0x10 .\CortexM0\ARM_GCC_541\Debug\synth-wavetable.a(TxByteCounter.o)
                0x00001a08                TxByteCounter_WriteCounter
 .text.TxByteCounter_WritePeriod
                0x00001a18       0x10 .\CortexM0\ARM_GCC_541\Debug\synth-wavetable.a(TxByteCounter.o)
                0x00001a18                TxByteCounter_WritePeriod
 .text.TxByteCounter_TriggerCommand
                0x00001a28       0x1c .\CortexM0\ARM_GCC_541\Debug\synth-wavetable.a(TxByteCounter.o)
                0x00001a28                TxByteCounter_TriggerCommand
 .text.TxByteCounter_Enable
                0x00001a44       0x24 .\CortexM0\ARM_GCC_541\Debug\synth-wavetable.a(TxByteCounter.o)
                0x00001a44                TxByteCounter_Enable
 .text.TxByteCounter_SetInterruptMode
                0x00001a68        0xc .\CortexM0\ARM_GCC_541\Debug\synth-wavetable.a(TxByteCounter.o)
                0x00001a68                TxByteCounter_SetInterruptMode
 .text.TxByteCounter_Init
                0x00001a74       0x2c .\CortexM0\ARM_GCC_541\Debug\synth-wavetable.a(TxByteCounter.o)
                0x00001a74                TxByteCounter_Init
 .text.TxByteCounter_Start
                0x00001aa0       0x20 .\CortexM0\ARM_GCC_541\Debug\synth-wavetable.a(TxByteCounter.o)
                0x00001aa0                TxByteCounter_Start
 .text.SPI_ScbEnableIntr
                0x00001ac0        0xc .\CortexM0\ARM_GCC_541\Debug\synth-wavetable.a(SPI.o)
 .text.SPI_ScbModePostEnable
                0x00001acc        0x8 .\CortexM0\ARM_GCC_541\Debug\synth-wavetable.a(SPI.o)
 .text.SPI_Init
                0x00001ad4        0x8 .\CortexM0\ARM_GCC_541\Debug\synth-wavetable.a(SPI.o)
                0x00001ad4                SPI_Init
 .text.SPI_Enable
                0x00001adc       0x1c .\CortexM0\ARM_GCC_541\Debug\synth-wavetable.a(SPI.o)
                0x00001adc                SPI_Enable
 .text.SPI_Start
                0x00001af8       0x20 .\CortexM0\ARM_GCC_541\Debug\synth-wavetable.a(SPI.o)
                0x00001af8                SPI_Start
 .text.SPI_SpiUartGetRxBufferSize
                0x00001b18       0x10 .\CortexM0\ARM_GCC_541\Debug\synth-wavetable.a(SPI_SPI_UART.o)
                0x00001b18                SPI_SpiUartGetRxBufferSize
 .text.SPI_SpiUartWriteTxData
                0x00001b28       0x1c .\CortexM0\ARM_GCC_541\Debug\synth-wavetable.a(SPI_SPI_UART.o)
                0x00001b28                SPI_SpiUartWriteTxData
 .text.SPI_SpiPostEnable
                0x00001b44       0x2c .\CortexM0\ARM_GCC_541\Debug\synth-wavetable.a(SPI_SPI.o)
                0x00001b44                SPI_SpiPostEnable
 .text.SPI_SpiSetActiveSlaveSelect
                0x00001b70       0x20 .\CortexM0\ARM_GCC_541\Debug\synth-wavetable.a(SPI_SPI.o)
                0x00001b70                SPI_SpiSetActiveSlaveSelect
 .text.SPI_SpiInit
                0x00001b90       0xa4 .\CortexM0\ARM_GCC_541\Debug\synth-wavetable.a(SPI_SPI.o)
                0x00001b90                SPI_SpiInit
 .text.SPI_SPI_UART_ISR
                0x00001c34       0x14 .\CortexM0\ARM_GCC_541\Debug\synth-wavetable.a(SPI_SPI_UART_INT.o)
                0x00001c34                SPI_SPI_UART_ISR
 .text.SPI_TxDMA_Init
                0x00001c48       0x20 .\CortexM0\ARM_GCC_541\Debug\synth-wavetable.a(SPI_TxDMA.o)
                0x00001c48                SPI_TxDMA_Init
 .text.SPI_TxDMA_Start
                0x00001c68       0x44 .\CortexM0\ARM_GCC_541\Debug\synth-wavetable.a(SPI_TxDMA.o)
                0x00001c68                SPI_TxDMA_Start
 .text.SPI_RxDMA_Init
                0x00001cac       0x30 .\CortexM0\ARM_GCC_541\Debug\synth-wavetable.a(SPI_RxDMA.o)
                0x00001cac                SPI_RxDMA_Init
 .text.SPI_RxDMA_Start
                0x00001cdc       0x44 .\CortexM0\ARM_GCC_541\Debug\synth-wavetable.a(SPI_RxDMA.o)
                0x00001cdc                SPI_RxDMA_Start
 .text.I2STxDMA_Init
                0x00001d20       0x2c .\CortexM0\ARM_GCC_541\Debug\synth-wavetable.a(I2STxDMA.o)
                0x00001d20                I2STxDMA_Init
 .text.isr_I2STxDone_SetVector
                0x00001d4c        0xc .\CortexM0\ARM_GCC_541\Debug\synth-wavetable.a(isr_I2STxDone.o)
                0x00001d4c                isr_I2STxDone_SetVector
 .text.isr_I2STxDone_SetPriority
                0x00001d58       0x24 .\CortexM0\ARM_GCC_541\Debug\synth-wavetable.a(isr_I2STxDone.o)
                0x00001d58                isr_I2STxDone_SetPriority
 .text.isr_I2STxDone_Enable
                0x00001d7c        0xc .\CortexM0\ARM_GCC_541\Debug\synth-wavetable.a(isr_I2STxDone.o)
                0x00001d7c                isr_I2STxDone_Enable
 .text.isr_I2STxDone_Disable
                0x00001d88        0xc .\CortexM0\ARM_GCC_541\Debug\synth-wavetable.a(isr_I2STxDone.o)
                0x00001d88                isr_I2STxDone_Disable
 .text.isr_I2STxDone_StartEx
                0x00001d94       0x1c .\CortexM0\ARM_GCC_541\Debug\synth-wavetable.a(isr_I2STxDone.o)
                0x00001d94                isr_I2STxDone_StartEx
 .text.SPIByteCounter_WriteCounter
                0x00001db0       0x10 .\CortexM0\ARM_GCC_541\Debug\synth-wavetable.a(SPIByteCounter.o)
                0x00001db0                SPIByteCounter_WriteCounter
 .text.SPIByteCounter_WritePeriod
                0x00001dc0       0x10 .\CortexM0\ARM_GCC_541\Debug\synth-wavetable.a(SPIByteCounter.o)
                0x00001dc0                SPIByteCounter_WritePeriod
 .text.SPIByteCounter_TriggerCommand
                0x00001dd0       0x1c .\CortexM0\ARM_GCC_541\Debug\synth-wavetable.a(SPIByteCounter.o)
                0x00001dd0                SPIByteCounter_TriggerCommand
 .text.SPIByteCounter_Enable
                0x00001dec       0x24 .\CortexM0\ARM_GCC_541\Debug\synth-wavetable.a(SPIByteCounter.o)
                0x00001dec                SPIByteCounter_Enable
 .text.SPIByteCounter_SetInterruptMode
                0x00001e10        0xc .\CortexM0\ARM_GCC_541\Debug\synth-wavetable.a(SPIByteCounter.o)
                0x00001e10                SPIByteCounter_SetInterruptMode
 .text.SPIByteCounter_Init
                0x00001e1c       0x2c .\CortexM0\ARM_GCC_541\Debug\synth-wavetable.a(SPIByteCounter.o)
                0x00001e1c                SPIByteCounter_Init
 .text.SPIByteCounter_Start
                0x00001e48       0x20 .\CortexM0\ARM_GCC_541\Debug\synth-wavetable.a(SPIByteCounter.o)
                0x00001e48                SPIByteCounter_Start
 .text.isr_SPIDone_SetVector
                0x00001e68        0xc .\CortexM0\ARM_GCC_541\Debug\synth-wavetable.a(isr_SPIDone.o)
                0x00001e68                isr_SPIDone_SetVector
 .text.isr_SPIDone_SetPriority
                0x00001e74       0x20 .\CortexM0\ARM_GCC_541\Debug\synth-wavetable.a(isr_SPIDone.o)
                0x00001e74                isr_SPIDone_SetPriority
 .text.isr_SPIDone_Enable
                0x00001e94        0xc .\CortexM0\ARM_GCC_541\Debug\synth-wavetable.a(isr_SPIDone.o)
                0x00001e94                isr_SPIDone_Enable
 .text.isr_SPIDone_Disable
                0x00001ea0        0xc .\CortexM0\ARM_GCC_541\Debug\synth-wavetable.a(isr_SPIDone.o)
                0x00001ea0                isr_SPIDone_Disable
 .text.isr_SPIDone_StartEx
                0x00001eac       0x1c .\CortexM0\ARM_GCC_541\Debug\synth-wavetable.a(isr_SPIDone.o)
                0x00001eac                isr_SPIDone_StartEx
 .text          0x00001ec8       0x20 .\CortexM0\ARM_GCC_541\Debug\synth-wavetable.a(CyBootAsmGnu.o)
                0x00001ec8                CyDelayCycles
                0x00001eda                CyEnterCriticalSection
                0x00001ee2                CyExitCriticalSection
 .text.CodecI2CM_I2C_ISR
                0x00001ee8      0x340 .\CortexM0\ARM_GCC_541\Debug\synth-wavetable.a(CodecI2CM_I2C_INT.o)
                0x00001ee8                CodecI2CM_I2C_ISR
 .text.CySysFlashSetWaitCycles
                0x00002228       0x54 .\CortexM0\ARM_GCC_541\Debug\synth-wavetable.a(CyFlash.o)
                0x00002228                CySysFlashSetWaitCycles
 .text.sin      0x0000227c       0x90 c:/program files (x86)/cypress/psoc creator/4.2/psoc creator/import/gnu/arm/5.4.1/bin/../lib/gcc/arm-none-eabi/5.4.1/../../../../arm-none-eabi/lib/armv6-m\libm.a(lib_a-s_sin.o)
                0x0000227c                sin
 .text.__ieee754_rem_pio2
                0x0000230c      0x40c c:/program files (x86)/cypress/psoc creator/4.2/psoc creator/import/gnu/arm/5.4.1/bin/../lib/gcc/arm-none-eabi/5.4.1/../../../../arm-none-eabi/lib/armv6-m\libm.a(lib_a-e_rem_pio2.o)
                0x0000230c                __ieee754_rem_pio2
 .text.__kernel_cos
                0x00002718      0x234 c:/program files (x86)/cypress/psoc creator/4.2/psoc creator/import/gnu/arm/5.4.1/bin/../lib/gcc/arm-none-eabi/5.4.1/../../../../arm-none-eabi/lib/armv6-m\libm.a(lib_a-k_cos.o)
                0x00002718                __kernel_cos
 .text.__kernel_rem_pio2
                0x0000294c      0x8a4 c:/program files (x86)/cypress/psoc creator/4.2/psoc creator/import/gnu/arm/5.4.1/bin/../lib/gcc/arm-none-eabi/5.4.1/../../../../arm-none-eabi/lib/armv6-m\libm.a(lib_a-k_rem_pio2.o)
                0x0000294c                __kernel_rem_pio2
 .text.__kernel_sin
                0x000031f0      0x160 c:/program files (x86)/cypress/psoc creator/4.2/psoc creator/import/gnu/arm/5.4.1/bin/../lib/gcc/arm-none-eabi/5.4.1/../../../../arm-none-eabi/lib/armv6-m\libm.a(lib_a-k_sin.o)
                0x000031f0                __kernel_sin
 .text.fabs     0x00003350        0x8 c:/program files (x86)/cypress/psoc creator/4.2/psoc creator/import/gnu/arm/5.4.1/bin/../lib/gcc/arm-none-eabi/5.4.1/../../../../arm-none-eabi/lib/armv6-m\libm.a(lib_a-s_fabs.o)
                0x00003350                fabs
 .text.floor    0x00003358      0x130 c:/program files (x86)/cypress/psoc creator/4.2/psoc creator/import/gnu/arm/5.4.1/bin/../lib/gcc/arm-none-eabi/5.4.1/../../../../arm-none-eabi/lib/armv6-m\libm.a(lib_a-s_floor.o)
                0x00003358                floor
 .text.scalbn   0x00003488       0xd0 c:/program files (x86)/cypress/psoc creator/4.2/psoc creator/import/gnu/arm/5.4.1/bin/../lib/gcc/arm-none-eabi/5.4.1/../../../../arm-none-eabi/lib/armv6-m\libm.a(lib_a-s_scalbn.o)
                0x00003488                scalbn
 .text.copysign
                0x00003558       0x10 c:/program files (x86)/cypress/psoc creator/4.2/psoc creator/import/gnu/arm/5.4.1/bin/../lib/gcc/arm-none-eabi/5.4.1/../../../../arm-none-eabi/lib/armv6-m\libm.a(lib_a-s_copysign.o)
                0x00003558                copysign
 .text          0x00003568      0x1d4 c:/program files (x86)/cypress/psoc creator/4.2/psoc creator/import/gnu/arm/5.4.1/bin/../lib/gcc/arm-none-eabi/5.4.1/armv6-m\libgcc.a(_divsi3.o)
                0x00003568                __divsi3
                0x00003568                __aeabi_idiv
                0x00003734                __aeabi_idivmod
 .text          0x0000373c        0x4 c:/program files (x86)/cypress/psoc creator/4.2/psoc creator/import/gnu/arm/5.4.1/bin/../lib/gcc/arm-none-eabi/5.4.1/armv6-m\libgcc.a(_dvmd_tls.o)
                0x0000373c                __aeabi_idiv0
                0x0000373c                __aeabi_ldiv0
 .text          0x00003740       0x7c c:/program files (x86)/cypress/psoc creator/4.2/psoc creator/import/gnu/arm/5.4.1/bin/../lib/gcc/arm-none-eabi/5.4.1/armv6-m\libgcc.a(_arm_cmpdf2.o)
                0x00003740                __aeabi_cdrcmple
                0x00003750                __aeabi_cdcmple
                0x00003750                __aeabi_cdcmpeq
                0x00003760                __aeabi_dcmpeq
                0x0000376c                __aeabi_dcmplt
                0x00003780                __aeabi_dcmple
                0x00003794                __aeabi_dcmpgt
                0x000037a8                __aeabi_dcmpge
 .text          0x000037bc       0x3c c:/program files (x86)/cypress/psoc creator/4.2/psoc creator/import/gnu/arm/5.4.1/bin/../lib/gcc/arm-none-eabi/5.4.1/armv6-m\libgcc.a(_fixunsdfsi.o)
                0x000037bc                __aeabi_d2uiz
                0x000037bc                __fixunsdfsi
 .text          0x000037f8      0x658 c:/program files (x86)/cypress/psoc creator/4.2/psoc creator/import/gnu/arm/5.4.1/bin/../lib/gcc/arm-none-eabi/5.4.1/armv6-m\libgcc.a(adddf3.o)
                0x000037f8                __aeabi_dadd
 .text          0x00003e50       0x80 c:/program files (x86)/cypress/psoc creator/4.2/psoc creator/import/gnu/arm/5.4.1/bin/../lib/gcc/arm-none-eabi/5.4.1/armv6-m\libgcc.a(eqdf2.o)
                0x00003e50                __nedf2
                0x00003e50                __eqdf2
 .text          0x00003ed0       0xc8 c:/program files (x86)/cypress/psoc creator/4.2/psoc creator/import/gnu/arm/5.4.1/bin/../lib/gcc/arm-none-eabi/5.4.1/armv6-m\libgcc.a(gedf2.o)
                0x00003ed0                __gedf2
                0x00003ed0                __gtdf2
 .text          0x00003f98       0xd4 c:/program files (x86)/cypress/psoc creator/4.2/psoc creator/import/gnu/arm/5.4.1/bin/../lib/gcc/arm-none-eabi/5.4.1/armv6-m\libgcc.a(ledf2.o)
                0x00003f98                __ledf2
                0x00003f98                __ltdf2
 .text          0x0000406c      0x4f4 c:/program files (x86)/cypress/psoc creator/4.2/psoc creator/import/gnu/arm/5.4.1/bin/../lib/gcc/arm-none-eabi/5.4.1/armv6-m\libgcc.a(muldf3.o)
                0x0000406c                __aeabi_dmul
 .text          0x00004560      0x6a8 c:/program files (x86)/cypress/psoc creator/4.2/psoc creator/import/gnu/arm/5.4.1/bin/../lib/gcc/arm-none-eabi/5.4.1/armv6-m\libgcc.a(subdf3.o)
                0x00004560                __aeabi_dsub
 .text          0x00004c08       0x6c c:/program files (x86)/cypress/psoc creator/4.2/psoc creator/import/gnu/arm/5.4.1/bin/../lib/gcc/arm-none-eabi/5.4.1/armv6-m\libgcc.a(fixdfsi.o)
                0x00004c08                __aeabi_d2iz
 .text          0x00004c74       0x84 c:/program files (x86)/cypress/psoc creator/4.2/psoc creator/import/gnu/arm/5.4.1/bin/../lib/gcc/arm-none-eabi/5.4.1/armv6-m\libgcc.a(floatsidf.o)
                0x00004c74                __aeabi_i2d
 .text          0x00004cf8       0x3c c:/program files (x86)/cypress/psoc creator/4.2/psoc creator/import/gnu/arm/5.4.1/bin/../lib/gcc/arm-none-eabi/5.4.1/armv6-m\libgcc.a(_clzsi2.o)
                0x00004cf8                __clzsi2
 .text.__errno  0x00004d34        0xc c:/program files (x86)/cypress/psoc creator/4.2/psoc creator/import/gnu/arm/5.4.1/bin/../lib/gcc/arm-none-eabi/5.4.1/../../../../arm-none-eabi/lib/armv6-m\libg_nano.a(lib_a-errno.o)
                0x00004d34                __errno
 .text.__libc_init_array
                0x00004d40       0x4c c:/program files (x86)/cypress/psoc creator/4.2/psoc creator/import/gnu/arm/5.4.1/bin/../lib/gcc/arm-none-eabi/5.4.1/../../../../arm-none-eabi/lib/armv6-m\libg_nano.a(lib_a-init.o)
                0x00004d40                __libc_init_array
 .text.memcpy   0x00004d8c       0x12 c:/program files (x86)/cypress/psoc creator/4.2/psoc creator/import/gnu/arm/5.4.1/bin/../lib/gcc/arm-none-eabi/5.4.1/../../../../arm-none-eabi/lib/armv6-m\libg_nano.a(lib_a-memcpy-stub.o)
                0x00004d8c                memcpy
 .text.memset   0x00004d9e       0x10 c:/program files (x86)/cypress/psoc creator/4.2/psoc creator/import/gnu/arm/5.4.1/bin/../lib/gcc/arm-none-eabi/5.4.1/../../../../arm-none-eabi/lib/armv6-m\libg_nano.a(lib_a-memset.o)
                0x00004d9e                memset
 *(.plt)
 *(.gnu.warning)
 *(.glue_7t)
 .glue_7t       0x00004dae        0x0 linker stubs
 *(.glue_7)
 .glue_7        0x00004dae        0x0 linker stubs
 *(.vfp11_veneer)
 .vfp11_veneer  0x00004dae        0x0 linker stubs
 *(.bootloader)
 *(.ARM.extab* .gnu.linkonce.armextab.*)
 *(.gcc_except_table)

.v4_bx          0x00004db0        0x0
 .v4_bx         0x00004db0        0x0 linker stubs

.iplt           0x00004db0        0x0
 .iplt          0x00004db0        0x0 c:/program files (x86)/cypress/psoc creator/4.2/psoc creator/import/gnu/arm/5.4.1/bin/../lib/gcc/arm-none-eabi/5.4.1/armv6-m/crtbegin.o

.eh_frame_hdr
 *(.eh_frame_hdr)

.eh_frame       0x00004db0        0x4
 *(.eh_frame)
 .eh_frame      0x00004db0        0x0 c:/program files (x86)/cypress/psoc creator/4.2/psoc creator/import/gnu/arm/5.4.1/bin/../lib/gcc/arm-none-eabi/5.4.1/armv6-m/crtbegin.o
 .eh_frame      0x00004db0        0x4 c:/program files (x86)/cypress/psoc creator/4.2/psoc creator/import/gnu/arm/5.4.1/bin/../lib/gcc/arm-none-eabi/5.4.1/armv6-m/crtend.o
                [!provide]                PROVIDE (__exidx_start, .)

.ARM.exidx
 *(.ARM.exidx* .gnu.linkonce.armexidx.*)
                0x00004db4                __exidx_end = .

.rodata         0x00004db8      0x570
 *(.rodata .rodata.* .gnu.linkonce.r.*)
 .rodata        0x00004db8      0x2d8 .\CortexM0\ARM_GCC_541\Debug\cyfitter_cfg.o
 .rodata        0x00005090       0x2e .\CortexM0\ARM_GCC_541\Debug\synth-wavetable.a(CyLib.o)
                0x00005090                cyImoFreqMhz2Reg
 *fill*         0x000050be        0x2 
 .rodata        0x000050c0       0x14 .\CortexM0\ARM_GCC_541\Debug\synth-wavetable.a(ADC.o)
 .rodata.npio2_hw
                0x000050d4       0x80 c:/program files (x86)/cypress/psoc creator/4.2/psoc creator/import/gnu/arm/5.4.1/bin/../lib/gcc/arm-none-eabi/5.4.1/../../../../arm-none-eabi/lib/armv6-m\libm.a(lib_a-e_rem_pio2.o)
 .rodata.two_over_pi
                0x00005154      0x108 c:/program files (x86)/cypress/psoc creator/4.2/psoc creator/import/gnu/arm/5.4.1/bin/../lib/gcc/arm-none-eabi/5.4.1/../../../../arm-none-eabi/lib/armv6-m\libm.a(lib_a-e_rem_pio2.o)
 .rodata.init_jk
                0x0000525c       0x10 c:/program files (x86)/cypress/psoc creator/4.2/psoc creator/import/gnu/arm/5.4.1/bin/../lib/gcc/arm-none-eabi/5.4.1/../../../../arm-none-eabi/lib/armv6-m\libm.a(lib_a-k_rem_pio2.o)
 *fill*         0x0000526c        0x4 
 .rodata.PIo2   0x00005270       0x40 c:/program files (x86)/cypress/psoc creator/4.2/psoc creator/import/gnu/arm/5.4.1/bin/../lib/gcc/arm-none-eabi/5.4.1/../../../../arm-none-eabi/lib/armv6-m\libm.a(lib_a-k_rem_pio2.o)
 .rodata        0x000052b0       0x40 c:/program files (x86)/cypress/psoc creator/4.2/psoc creator/import/gnu/arm/5.4.1/bin/../lib/gcc/arm-none-eabi/5.4.1/armv6-m\libgcc.a(muldf3.o)
 .rodata.str1.1
                0x000052f0        0x2 c:/program files (x86)/cypress/psoc creator/4.2/psoc creator/import/gnu/arm/5.4.1/bin/../lib/gcc/arm-none-eabi/5.4.1/../../../../arm-none-eabi/lib/armv6-m\libg_nano.a(lib_a-impure.o)
                0x000052f4                . = ALIGN (0x4)
 *fill*         0x000052f2        0x2 
 *(.init)
 .init          0x000052f4        0x4 c:/program files (x86)/cypress/psoc creator/4.2/psoc creator/import/gnu/arm/5.4.1/bin/../lib/gcc/arm-none-eabi/5.4.1/armv6-m/crti.o
                0x000052f4                _init
 .init          0x000052f8        0x8 c:/program files (x86)/cypress/psoc creator/4.2/psoc creator/import/gnu/arm/5.4.1/bin/../lib/gcc/arm-none-eabi/5.4.1/armv6-m/crtn.o
                0x00005300                . = ALIGN (0x4)
                0x00005300                __preinit_array_start = .
 *(.preinit_array)
                0x00005300                __preinit_array_end = .
                0x00005300                . = ALIGN (0x4)
                0x00005300                __init_array_start = .
 *(SORT(.init_array.*))
 *(.init_array)
 .init_array    0x00005300        0x4 c:/program files (x86)/cypress/psoc creator/4.2/psoc creator/import/gnu/arm/5.4.1/bin/../lib/gcc/arm-none-eabi/5.4.1/armv6-m/crtbegin.o
 .init_array    0x00005304        0x4 .\CortexM0\ARM_GCC_541\Debug\Cm0Start.o
                0x00005308                __init_array_end = .
                0x00005308                . = ALIGN (0x4)
 *(.fini)
 .fini          0x00005308        0x4 c:/program files (x86)/cypress/psoc creator/4.2/psoc creator/import/gnu/arm/5.4.1/bin/../lib/gcc/arm-none-eabi/5.4.1/armv6-m/crti.o
                0x00005308                _fini
 .fini          0x0000530c        0x8 c:/program files (x86)/cypress/psoc creator/4.2/psoc creator/import/gnu/arm/5.4.1/bin/../lib/gcc/arm-none-eabi/5.4.1/armv6-m/crtn.o
                0x00005314                . = ALIGN (0x4)
                0x00005314                __fini_array_start = .
 *(.fini_array)
 .fini_array    0x00005314        0x4 c:/program files (x86)/cypress/psoc creator/4.2/psoc creator/import/gnu/arm/5.4.1/bin/../lib/gcc/arm-none-eabi/5.4.1/armv6-m/crtbegin.o
 *(SORT(.fini_array.*))
                0x00005318                __fini_array_end = .
                0x00005318                . = ALIGN (0x4)
 *crtbegin.o(.ctors)
 *(EXCLUDE_FILE(*crtend.o) .ctors)
 *(SORT(.ctors.*))
 *crtend.o(.ctors)
                0x00005318                . = ALIGN (0x4)
 *crtbegin.o(.dtors)
 *(EXCLUDE_FILE(*crtend.o) .dtors)
 *(SORT(.dtors.*))
 *crtend.o(.dtors)
                0x00005318                . = ALIGN (0x4)
                0x00005318                __cy_regions = .
                0x00005318        0x4 LONG 0x5328 __cy_region_init_ram
                0x0000531c        0x4 LONG 0x200000c0 __cy_region_start_data
                0x00005320        0x4 LONG 0x128 __cy_region_init_size_ram
                0x00005324        0x4 LONG 0x62d0 __cy_region_zero_size_ram
                0x00005328                __cy_regions_end = .
                0x00005328                . = ALIGN (0x8)
                0x00005328                _etext = .

.cy_checksum_exclude
                0x00005328        0x0
 *(.cy_checksum_exclude)

.ramvectors     0x20000000       0xc0
                0x20000000                __cy_region_start_ram = .
 *(.ramvectors)
 .ramvectors    0x20000000       0xc0 .\CortexM0\ARM_GCC_541\Debug\Cm0Start.o
                0x20000000                CyRamVectors

.noinit
 *(.noinit)

.data           0x200000c0      0x128 load address 0x00005328
                0x200000c0                __cy_region_start_data = .
 *(.jcr)
 .jcr           0x200000c0        0x0 c:/program files (x86)/cypress/psoc creator/4.2/psoc creator/import/gnu/arm/5.4.1/bin/../lib/gcc/arm-none-eabi/5.4.1/armv6-m/crtbegin.o
 .jcr           0x200000c0        0x4 c:/program files (x86)/cypress/psoc creator/4.2/psoc creator/import/gnu/arm/5.4.1/bin/../lib/gcc/arm-none-eabi/5.4.1/armv6-m/crtend.o
 *(.got.plt)
 *(.got)
 *(.shdata)
 *(.data .data.* .gnu.linkonce.d.*)
 .data          0x200000c4       0x20 .\CortexM0\ARM_GCC_541\Debug\main.o
                0x200000c4                masterTxBuffer
 .data          0x200000e4       0x14 .\CortexM0\ARM_GCC_541\Debug\synth-wavetable.a(CyLib.o)
                0x200000e4                CySysClkPumpConfig
                0x200000e8                cydelay32kMs
                0x200000ec                cydelayFreqKhz
                0x200000f0                cydelayFreqMhz
                0x200000f4                cydelayFreqHz
 .data          0x200000f8       0x84 .\CortexM0\ARM_GCC_541\Debug\synth-wavetable.a(CyDMA.o)
 .data          0x2000017c        0x8 .\CortexM0\ARM_GCC_541\Debug\synth-wavetable.a(CyLFClk.o)
 .data.impure_data
                0x20000184       0x60 c:/program files (x86)/cypress/psoc creator/4.2/psoc creator/import/gnu/arm/5.4.1/bin/../lib/gcc/arm-none-eabi/5.4.1/../../../../arm-none-eabi/lib/armv6-m\libg_nano.a(lib_a-impure.o)
 .data._impure_ptr
                0x200001e4        0x4 c:/program files (x86)/cypress/psoc creator/4.2/psoc creator/import/gnu/arm/5.4.1/bin/../lib/gcc/arm-none-eabi/5.4.1/../../../../arm-none-eabi/lib/armv6-m\libg_nano.a(lib_a-impure.o)
                0x200001e4                _impure_ptr
                0x200001e8                . = ALIGN (0x8)
 *(.ram)
                0x200001e8                _edata = .

.igot.plt       0x200001e8        0x0 load address 0x00005450
 .igot.plt      0x200001e8        0x0 c:/program files (x86)/cypress/psoc creator/4.2/psoc creator/import/gnu/arm/5.4.1/bin/../lib/gcc/arm-none-eabi/5.4.1/armv6-m/crtbegin.o

.bss            0x200001e8     0x62d0 load address 0x00005450
                0x200001e8                PROVIDE (__bss_start__, .)
 *(.shbss)
 *(.bss .bss.* .gnu.linkonce.b.*)
 .bss           0x200001e8       0x1c c:/program files (x86)/cypress/psoc creator/4.2/psoc creator/import/gnu/arm/5.4.1/bin/../lib/gcc/arm-none-eabi/5.4.1/armv6-m/crtbegin.o
 .bss           0x20000204       0xb0 .\CortexM0\ARM_GCC_541\Debug\main.o
                0x20000204                inqFlagsOld
                0x20000205                usbActivityCounter
                0x20000206                waveshape
                0x20000208                release_freq
                0x2000020a                sustain_freq
                0x2000020c                decay_freq
                0x2000020e                attack_freq
                0x20000210                current_env_mode
                0x20000214                masterRxBuffer
                0x20000234                v8
                0x20000244                v7
                0x20000254                v6
                0x20000264                v5
                0x20000274                v4
                0x20000284                v3
                0x20000294                v2
                0x200002a4                v1
 .bss           0x200002b4        0x5 .\CortexM0\ARM_GCC_541\Debug\Interrupts.o
                0x200002b4                update_ADC_flag
                0x200002b5                DMA_done_flag
                0x200002b6                DMA_counter
                0x200002b7                trigger_flag
                0x200002b8                FIFO_DMA_REQ_FLAG
 *fill*         0x200002b9        0x3 
 .bss           0x200002bc        0x8 .\CortexM0\ARM_GCC_541\Debug\synth-wavetable.a(CodecI2CM.o)
                0x200002bc                CodecI2CM_initVar
                0x200002c0                CodecI2CM_customIntrHandler
 .bss           0x200002c4        0x1 .\CortexM0\ARM_GCC_541\Debug\synth-wavetable.a(I2S.o)
                0x200002c4                I2S_initVar
 *fill*         0x200002c5        0x3 
 .bss           0x200002c8       0x20 .\CortexM0\ARM_GCC_541\Debug\synth-wavetable.a(CyLib.o)
                0x200002c8                CySysClkImoTrim4
                0x200002cc                CySysClkImoTrim5
                0x200002e4                CySysTickInitVar
 .bss           0x200002e8        0x1 .\CortexM0\ARM_GCC_541\Debug\synth-wavetable.a(CyDMA.o)
 *fill*         0x200002e9        0x3 
 .bss           0x200002ec       0x28 .\CortexM0\ARM_GCC_541\Debug\synth-wavetable.a(CyLFClk.o)
 .bss           0x20000314        0x1 .\CortexM0\ARM_GCC_541\Debug\synth-wavetable.a(ADC.o)
                0x20000314                ADC_initVar
 .bss           0x20000315        0x1 .\CortexM0\ARM_GCC_541\Debug\synth-wavetable.a(TxByteCounter.o)
                0x20000315                TxByteCounter_initVar
 *fill*         0x20000316        0x2 
 .bss           0x20000318        0xa .\CortexM0\ARM_GCC_541\Debug\synth-wavetable.a(SPI.o)
                0x20000318                SPI_initVar
                0x2000031c                SPI_customIntrHandler
                0x20000320                SPI_IntrTxMask
 .bss           0x20000322        0x1 .\CortexM0\ARM_GCC_541\Debug\synth-wavetable.a(SPI_TxDMA.o)
                0x20000322                SPI_TxDMA_initVar
 .bss           0x20000323        0x1 .\CortexM0\ARM_GCC_541\Debug\synth-wavetable.a(SPI_RxDMA.o)
                0x20000323                SPI_RxDMA_initVar
 .bss           0x20000324        0x1 .\CortexM0\ARM_GCC_541\Debug\synth-wavetable.a(SPIByteCounter.o)
                0x20000324                SPIByteCounter_initVar
 *(COMMON)
 *fill*         0x20000325        0x3 
 COMMON         0x20000328     0x412c .\CortexM0\ARM_GCC_541\Debug\main.o
                0x20000328                base_sq
                0x20001328                USB_MIDI1_InqFlags
                0x2000132c                midiMsg
                0x20001330                buff
                0x20001350                base_pos_saw
                0x20002350                lfo_sine
                0x20002450                base_sine
                0x20004450                sample
 COMMON         0x20004454        0x4 .\CortexM0\ARM_GCC_541\Debug\Interrupts.o
                0x20004454                current_buffer
 COMMON         0x20004458     0x2020 .\CortexM0\ARM_GCC_541\Debug\AudioOut.o
                0x20004458                freq
                0x2000445c                buffer_index2
                0x20004460                freq8
                0x20004462                freq7
                0x20004464                output_buffer2
                0x20005464                output_buffer
                0x20006464                freq6
                0x20006466                freq5
                0x20006468                freq3
                0x2000646a                freq4
                0x2000646c                lfo_freq
                0x20006470                freq2
                0x20006474                buffer_index
 COMMON         0x20006478        0x1 .\CortexM0\ARM_GCC_541\Debug\synth-wavetable.a(CodecI2CM_I2C.o)
                0x20006478                CodecI2CM_state
 *fill*         0x20006479        0x3 
 COMMON         0x2000647c       0x24 .\CortexM0\ARM_GCC_541\Debug\synth-wavetable.a(CodecI2CM_I2C_MASTER.o)
                0x2000647c                CodecI2CM_mstrWrBufPtr
                0x20006480                CodecI2CM_mstrWrBufSize
                0x20006484                CodecI2CM_mstrWrBufIndexTmp
                0x20006488                CodecI2CM_mstrWrBufIndex
                0x2000648c                CodecI2CM_mstrStatus
                0x20006490                CodecI2CM_mstrRdBufIndex
                0x20006494                CodecI2CM_mstrRdBufPtr
                0x20006498                CodecI2CM_mstrControl
                0x2000649c                CodecI2CM_mstrRdBufSize
 COMMON         0x200064a0       0x18 .\CortexM0\ARM_GCC_541\Debug\synth-wavetable.a(ADC.o)
                0x200064a0                ADC_countsPer10Volt
                0x200064b0                ADC_offset
                0x200064b8                . = ALIGN (0x8)
 *(.ram.b)
                0x200064b8                _end = .
                0x200064b8                __end = .
                0x200064b8                PROVIDE (end, .)
                0x200064b8                PROVIDE (__bss_end__, .)
                0x00005328                __cy_region_init_ram = LOADADDR (.data)
                0x00000128                __cy_region_init_size_ram = (_edata - ADDR (.data))
                0x000062d0                __cy_region_zero_size_ram = (_end - _edata)

.heap           0x200064b8      0x800 load address 0x00005450
                0x200064b8                . = _end
                0x20006cb8                . = (. + 0x800)
 *fill*         0x200064b8      0x800 
                0x20006cb8                __cy_heap_limit = .

.stack          0x20007800      0x800
                0x20007800                __cy_stack_limit = .
                0x20008000                . = (. + 0x800)
 *fill*         0x20007800      0x800 
                0x00000001                ASSERT ((__cy_stack_limit >= __cy_heap_limit), region RAM overflowed with stack)
                0x00000000                cy_checksum_exclude_size = (CY_APPL_LOADABLE == 0x1)?SIZEOF (.cy_checksum_exclude):0x0
                0x00000001                ASSERT ((cy_checksum_exclude_size <= CY_CHECKSUM_EXCLUDE_SIZE), CY_BOOT: Section .cy_checksum_exclude size exceedes specified limit.)
                0x0003ffc0                cyloadermeta_start = (cy_project_type_bootloader || cy_project_type_app_for_stack_and_copier)?(LENGTH (rom) - CY_METADATA_SIZE):0xf0000000

.cyloadermeta
 *(.cyloadermeta)
                0x0003ffc0                cyloadablemeta_start = cy_project_type_app_for_stack_and_copier?((LENGTH (rom) - CY_FLASH_ROW_SIZE) - CY_METADATA_SIZE):((LENGTH (rom) - (CY_FLASH_ROW_SIZE * (CY_APPL_NUM - 0x1))) - CY_METADATA_SIZE)

.cyloadablemeta
 *(.cyloadablemeta)

.cyflashprotect
                0x90400000       0x80
 *(.cyflashprotect)
 .cyflashprotect
                0x90400000       0x80 .\CortexM0\ARM_GCC_541\Debug\cymetadata.o
                0x90400000                cy_meta_flashprotect

.cymeta         0x90500000        0xc
 *(.cymeta)
 .cymeta        0x90500000        0xc .\CortexM0\ARM_GCC_541\Debug\cymetadata.o
                0x90500000                cy_metadata

.cychipprotect  0x90600000        0x1
 *(.cychipprotect)
 .cychipprotect
                0x90600000        0x1 .\CortexM0\ARM_GCC_541\Debug\cymetadata.o
                0x90600000                cy_meta_chipprotect

.rel.dyn        0x00005450        0x0 load address 0x90600004
 .rel.iplt      0x00005450        0x0 c:/program files (x86)/cypress/psoc creator/4.2/psoc creator/import/gnu/arm/5.4.1/bin/../lib/gcc/arm-none-eabi/5.4.1/armv6-m/crtbegin.o

.stab
 *(.stab)

.stabstr
 *(.stabstr)

.debug
 *(.debug)

.line
 *(.line)

.debug_srcinfo
 *(.debug_srcinfo)

.debug_sfnames
 *(.debug_sfnames)

.debug_aranges  0x00000000     0x1210
 *(.debug_aranges)
 .debug_aranges
                0x00000000       0x48 .\CortexM0\ARM_GCC_541\Debug\main.o
 .debug_aranges
                0x00000048       0x70 .\CortexM0\ARM_GCC_541\Debug\Codec.o
 .debug_aranges
                0x000000b8       0x50 .\CortexM0\ARM_GCC_541\Debug\Interrupts.o
 .debug_aranges
                0x00000108       0x50 .\CortexM0\ARM_GCC_541\Debug\waves.o
 .debug_aranges
                0x00000158       0x20 .\CortexM0\ARM_GCC_541\Debug\AudioControl.o
 .debug_aranges
                0x00000178       0x30 .\CortexM0\ARM_GCC_541\Debug\AudioOut.o
 .debug_aranges
                0x000001a8       0x30 .\CortexM0\ARM_GCC_541\Debug\oscillator.o
 .debug_aranges
                0x000001d8       0x48 .\CortexM0\ARM_GCC_541\Debug\cyfitter_cfg.o
 .debug_aranges
                0x00000220       0x18 .\CortexM0\ARM_GCC_541\Debug\cymetadata.o
 .debug_aranges
                0x00000238       0x48 .\CortexM0\ARM_GCC_541\Debug\Cm0Start.o
 .debug_aranges
                0x00000280       0x60 .\CortexM0\ARM_GCC_541\Debug\synth-wavetable.a(CodecI2CM.o)
 .debug_aranges
                0x000002e0       0x30 .\CortexM0\ARM_GCC_541\Debug\synth-wavetable.a(CodecI2CM_I2C.o)
 .debug_aranges
                0x00000310       0x98 .\CortexM0\ARM_GCC_541\Debug\synth-wavetable.a(CodecI2CM_I2C_MASTER.o)
 .debug_aranges
                0x000003a8       0x50 .\CortexM0\ARM_GCC_541\Debug\synth-wavetable.a(I2S.o)
 .debug_aranges
                0x000003f8       0x28 .\CortexM0\ARM_GCC_541\Debug\synth-wavetable.a(AudioClkSel.o)
 .debug_aranges
                0x00000420      0x260 .\CortexM0\ARM_GCC_541\Debug\synth-wavetable.a(CyLib.o)
 .debug_aranges
                0x00000680      0x198 .\CortexM0\ARM_GCC_541\Debug\synth-wavetable.a(CyDMA.o)
 .debug_aranges
                0x00000818      0x188 .\CortexM0\ARM_GCC_541\Debug\synth-wavetable.a(CyLFClk.o)
 .debug_aranges
                0x000009a0       0x48 .\CortexM0\ARM_GCC_541\Debug\synth-wavetable.a(LED.o)
 .debug_aranges
                0x000009e8       0x80 .\CortexM0\ARM_GCC_541\Debug\synth-wavetable.a(isr_I2S_underflow.o)
 .debug_aranges
                0x00000a68       0xa8 .\CortexM0\ARM_GCC_541\Debug\synth-wavetable.a(ADC.o)
 .debug_aranges
                0x00000b10       0x20 .\CortexM0\ARM_GCC_541\Debug\synth-wavetable.a(ADC_INT.o)
 .debug_aranges
                0x00000b30       0x80 .\CortexM0\ARM_GCC_541\Debug\synth-wavetable.a(isr_ADC_EOC.o)
 .debug_aranges
                0x00000bb0      0x158 .\CortexM0\ARM_GCC_541\Debug\synth-wavetable.a(TxByteCounter.o)
 .debug_aranges
                0x00000d08       0x68 .\CortexM0\ARM_GCC_541\Debug\synth-wavetable.a(SPI.o)
 .debug_aranges
                0x00000d70       0x60 .\CortexM0\ARM_GCC_541\Debug\synth-wavetable.a(SPI_SPI_UART.o)
 .debug_aranges
                0x00000dd0       0x40 .\CortexM0\ARM_GCC_541\Debug\synth-wavetable.a(SPI_SPI.o)
 .debug_aranges
                0x00000e10       0x20 .\CortexM0\ARM_GCC_541\Debug\synth-wavetable.a(SPI_SPI_UART_INT.o)
 .debug_aranges
                0x00000e30       0x48 .\CortexM0\ARM_GCC_541\Debug\synth-wavetable.a(SPI_sclk_m.o)
 .debug_aranges
                0x00000e78       0x48 .\CortexM0\ARM_GCC_541\Debug\synth-wavetable.a(SPI_ss0_m.o)
 .debug_aranges
                0x00000ec0       0x28 .\CortexM0\ARM_GCC_541\Debug\synth-wavetable.a(SPI_TxDMA.o)
 .debug_aranges
                0x00000ee8       0x28 .\CortexM0\ARM_GCC_541\Debug\synth-wavetable.a(SPI_RxDMA.o)
 .debug_aranges
                0x00000f10       0x28 .\CortexM0\ARM_GCC_541\Debug\synth-wavetable.a(I2STxDMA.o)
 .debug_aranges
                0x00000f38       0x80 .\CortexM0\ARM_GCC_541\Debug\synth-wavetable.a(isr_I2STxDone.o)
 .debug_aranges
                0x00000fb8      0x158 .\CortexM0\ARM_GCC_541\Debug\synth-wavetable.a(SPIByteCounter.o)
 .debug_aranges
                0x00001110       0x80 .\CortexM0\ARM_GCC_541\Debug\synth-wavetable.a(isr_SPIDone.o)
 .debug_aranges
                0x00001190       0x20 .\CortexM0\ARM_GCC_541\Debug\synth-wavetable.a(CyBootAsmGnu.o)
 .debug_aranges
                0x000011b0       0x20 .\CortexM0\ARM_GCC_541\Debug\synth-wavetable.a(CodecI2CM_I2C_INT.o)
 .debug_aranges
                0x000011d0       0x40 .\CortexM0\ARM_GCC_541\Debug\synth-wavetable.a(CyFlash.o)

.debug_pubnames
 *(.debug_pubnames)

.debug_info     0x00000000     0xb3bc
 *(.debug_info .gnu.linkonce.wi.*)
 .debug_info    0x00000000      0x633 .\CortexM0\ARM_GCC_541\Debug\main.o
 .debug_info    0x00000633      0x43c .\CortexM0\ARM_GCC_541\Debug\Codec.o
 .debug_info    0x00000a6f      0x4a4 .\CortexM0\ARM_GCC_541\Debug\Interrupts.o
 .debug_info    0x00000f13      0x3a9 .\CortexM0\ARM_GCC_541\Debug\waves.o
 .debug_info    0x000012bc      0x13b .\CortexM0\ARM_GCC_541\Debug\AudioControl.o
 .debug_info    0x000013f7      0x944 .\CortexM0\ARM_GCC_541\Debug\AudioOut.o
 .debug_info    0x00001d3b      0x30f .\CortexM0\ARM_GCC_541\Debug\oscillator.o
 .debug_info    0x0000204a      0x4c8 .\CortexM0\ARM_GCC_541\Debug\cyfitter_cfg.o
 .debug_info    0x00002512       0xf8 .\CortexM0\ARM_GCC_541\Debug\cymetadata.o
 .debug_info    0x0000260a      0x3a2 .\CortexM0\ARM_GCC_541\Debug\Cm0Start.o
 .debug_info    0x000029ac      0x298 .\CortexM0\ARM_GCC_541\Debug\synth-wavetable.a(CodecI2CM.o)
 .debug_info    0x00002c44      0x195 .\CortexM0\ARM_GCC_541\Debug\synth-wavetable.a(CodecI2CM_I2C.o)
 .debug_info    0x00002dd9      0x813 .\CortexM0\ARM_GCC_541\Debug\synth-wavetable.a(CodecI2CM_I2C_MASTER.o)
 .debug_info    0x000035ec      0x237 .\CortexM0\ARM_GCC_541\Debug\synth-wavetable.a(I2S.o)
 .debug_info    0x00003823       0xd6 .\CortexM0\ARM_GCC_541\Debug\synth-wavetable.a(AudioClkSel.o)
 .debug_info    0x000038f9     0x17ad .\CortexM0\ARM_GCC_541\Debug\synth-wavetable.a(CyLib.o)
 .debug_info    0x000050a6     0x1230 .\CortexM0\ARM_GCC_541\Debug\synth-wavetable.a(CyDMA.o)
 .debug_info    0x000062d6     0x1058 .\CortexM0\ARM_GCC_541\Debug\synth-wavetable.a(CyLFClk.o)
 .debug_info    0x0000732e      0x19d .\CortexM0\ARM_GCC_541\Debug\synth-wavetable.a(LED.o)
 .debug_info    0x000074cb      0x305 .\CortexM0\ARM_GCC_541\Debug\synth-wavetable.a(isr_I2S_underflow.o)
 .debug_info    0x000077d0      0x5a5 .\CortexM0\ARM_GCC_541\Debug\synth-wavetable.a(ADC.o)
 .debug_info    0x00007d75       0xcb .\CortexM0\ARM_GCC_541\Debug\synth-wavetable.a(ADC_INT.o)
 .debug_info    0x00007e40      0x305 .\CortexM0\ARM_GCC_541\Debug\synth-wavetable.a(isr_ADC_EOC.o)
 .debug_info    0x00008145      0x8f4 .\CortexM0\ARM_GCC_541\Debug\synth-wavetable.a(TxByteCounter.o)
 .debug_info    0x00008a39      0x2e9 .\CortexM0\ARM_GCC_541\Debug\synth-wavetable.a(SPI.o)
 .debug_info    0x00008d22      0x220 .\CortexM0\ARM_GCC_541\Debug\synth-wavetable.a(SPI_SPI_UART.o)
 .debug_info    0x00008f42      0x220 .\CortexM0\ARM_GCC_541\Debug\synth-wavetable.a(SPI_SPI.o)
 .debug_info    0x00009162       0xbe .\CortexM0\ARM_GCC_541\Debug\synth-wavetable.a(SPI_SPI_UART_INT.o)
 .debug_info    0x00009220      0x19d .\CortexM0\ARM_GCC_541\Debug\synth-wavetable.a(SPI_sclk_m.o)
 .debug_info    0x000093bd      0x19d .\CortexM0\ARM_GCC_541\Debug\synth-wavetable.a(SPI_ss0_m.o)
 .debug_info    0x0000955a      0x33a .\CortexM0\ARM_GCC_541\Debug\synth-wavetable.a(SPI_TxDMA.o)
 .debug_info    0x00009894      0x34b .\CortexM0\ARM_GCC_541\Debug\synth-wavetable.a(SPI_RxDMA.o)
 .debug_info    0x00009bdf      0x34b .\CortexM0\ARM_GCC_541\Debug\synth-wavetable.a(I2STxDMA.o)
 .debug_info    0x00009f2a      0x305 .\CortexM0\ARM_GCC_541\Debug\synth-wavetable.a(isr_I2STxDone.o)
 .debug_info    0x0000a22f      0x8f4 .\CortexM0\ARM_GCC_541\Debug\synth-wavetable.a(SPIByteCounter.o)
 .debug_info    0x0000ab23      0x305 .\CortexM0\ARM_GCC_541\Debug\synth-wavetable.a(isr_SPIDone.o)
 .debug_info    0x0000ae28       0x9a .\CortexM0\ARM_GCC_541\Debug\synth-wavetable.a(CyBootAsmGnu.o)
 .debug_info    0x0000aec2      0x1a8 .\CortexM0\ARM_GCC_541\Debug\synth-wavetable.a(CodecI2CM_I2C_INT.o)
 .debug_info    0x0000b06a      0x352 .\CortexM0\ARM_GCC_541\Debug\synth-wavetable.a(CyFlash.o)

.debug_abbrev   0x00000000     0x3027
 *(.debug_abbrev)
 .debug_abbrev  0x00000000      0x1a4 .\CortexM0\ARM_GCC_541\Debug\main.o
 .debug_abbrev  0x000001a4      0x11c .\CortexM0\ARM_GCC_541\Debug\Codec.o
 .debug_abbrev  0x000002c0      0x180 .\CortexM0\ARM_GCC_541\Debug\Interrupts.o
 .debug_abbrev  0x00000440      0x13f .\CortexM0\ARM_GCC_541\Debug\waves.o
 .debug_abbrev  0x0000057f       0x9e .\CortexM0\ARM_GCC_541\Debug\AudioControl.o
 .debug_abbrev  0x0000061d      0x1e6 .\CortexM0\ARM_GCC_541\Debug\AudioOut.o
 .debug_abbrev  0x00000803      0x11a .\CortexM0\ARM_GCC_541\Debug\oscillator.o
 .debug_abbrev  0x0000091d      0x1d8 .\CortexM0\ARM_GCC_541\Debug\cyfitter_cfg.o
 .debug_abbrev  0x00000af5       0x5d .\CortexM0\ARM_GCC_541\Debug\cymetadata.o
 .debug_abbrev  0x00000b52      0x1d7 .\CortexM0\ARM_GCC_541\Debug\Cm0Start.o
 .debug_abbrev  0x00000d29      0x118 .\CortexM0\ARM_GCC_541\Debug\synth-wavetable.a(CodecI2CM.o)
 .debug_abbrev  0x00000e41       0xc7 .\CortexM0\ARM_GCC_541\Debug\synth-wavetable.a(CodecI2CM_I2C.o)
 .debug_abbrev  0x00000f08      0x1c2 .\CortexM0\ARM_GCC_541\Debug\synth-wavetable.a(CodecI2CM_I2C_MASTER.o)
 .debug_abbrev  0x000010ca       0xd5 .\CortexM0\ARM_GCC_541\Debug\synth-wavetable.a(I2S.o)
 .debug_abbrev  0x0000119f       0x81 .\CortexM0\ARM_GCC_541\Debug\synth-wavetable.a(AudioClkSel.o)
 .debug_abbrev  0x00001220      0x270 .\CortexM0\ARM_GCC_541\Debug\synth-wavetable.a(CyLib.o)
 .debug_abbrev  0x00001490      0x210 .\CortexM0\ARM_GCC_541\Debug\synth-wavetable.a(CyDMA.o)
 .debug_abbrev  0x000016a0      0x248 .\CortexM0\ARM_GCC_541\Debug\synth-wavetable.a(CyLFClk.o)
 .debug_abbrev  0x000018e8       0xc8 .\CortexM0\ARM_GCC_541\Debug\synth-wavetable.a(LED.o)
 .debug_abbrev  0x000019b0      0x19a .\CortexM0\ARM_GCC_541\Debug\synth-wavetable.a(isr_I2S_underflow.o)
 .debug_abbrev  0x00001b4a      0x19e .\CortexM0\ARM_GCC_541\Debug\synth-wavetable.a(ADC.o)
 .debug_abbrev  0x00001ce8       0x65 .\CortexM0\ARM_GCC_541\Debug\synth-wavetable.a(ADC_INT.o)
 .debug_abbrev  0x00001d4d      0x19a .\CortexM0\ARM_GCC_541\Debug\synth-wavetable.a(isr_ADC_EOC.o)
 .debug_abbrev  0x00001ee7      0x119 .\CortexM0\ARM_GCC_541\Debug\synth-wavetable.a(TxByteCounter.o)
 .debug_abbrev  0x00002000      0x118 .\CortexM0\ARM_GCC_541\Debug\synth-wavetable.a(SPI.o)
 .debug_abbrev  0x00002118      0x14f .\CortexM0\ARM_GCC_541\Debug\synth-wavetable.a(SPI_SPI_UART.o)
 .debug_abbrev  0x00002267      0x108 .\CortexM0\ARM_GCC_541\Debug\synth-wavetable.a(SPI_SPI.o)
 .debug_abbrev  0x0000236f       0x70 .\CortexM0\ARM_GCC_541\Debug\synth-wavetable.a(SPI_SPI_UART_INT.o)
 .debug_abbrev  0x000023df       0xc8 .\CortexM0\ARM_GCC_541\Debug\synth-wavetable.a(SPI_sclk_m.o)
 .debug_abbrev  0x000024a7       0xc8 .\CortexM0\ARM_GCC_541\Debug\synth-wavetable.a(SPI_ss0_m.o)
 .debug_abbrev  0x0000256f      0x161 .\CortexM0\ARM_GCC_541\Debug\synth-wavetable.a(SPI_TxDMA.o)
 .debug_abbrev  0x000026d0      0x168 .\CortexM0\ARM_GCC_541\Debug\synth-wavetable.a(SPI_RxDMA.o)
 .debug_abbrev  0x00002838      0x168 .\CortexM0\ARM_GCC_541\Debug\synth-wavetable.a(I2STxDMA.o)
 .debug_abbrev  0x000029a0      0x19a .\CortexM0\ARM_GCC_541\Debug\synth-wavetable.a(isr_I2STxDone.o)
 .debug_abbrev  0x00002b3a      0x119 .\CortexM0\ARM_GCC_541\Debug\synth-wavetable.a(SPIByteCounter.o)
 .debug_abbrev  0x00002c53      0x19a .\CortexM0\ARM_GCC_541\Debug\synth-wavetable.a(isr_SPIDone.o)
 .debug_abbrev  0x00002ded       0x14 .\CortexM0\ARM_GCC_541\Debug\synth-wavetable.a(CyBootAsmGnu.o)
 .debug_abbrev  0x00002e01       0xa4 .\CortexM0\ARM_GCC_541\Debug\synth-wavetable.a(CodecI2CM_I2C_INT.o)
 .debug_abbrev  0x00002ea5      0x182 .\CortexM0\ARM_GCC_541\Debug\synth-wavetable.a(CyFlash.o)

.debug_line     0x00000000     0x4a01
 *(.debug_line)
 .debug_line    0x00000000      0x2d2 .\CortexM0\ARM_GCC_541\Debug\main.o
 .debug_line    0x000002d2      0x146 .\CortexM0\ARM_GCC_541\Debug\Codec.o
 .debug_line    0x00000418      0x239 .\CortexM0\ARM_GCC_541\Debug\Interrupts.o
 .debug_line    0x00000651      0x299 .\CortexM0\ARM_GCC_541\Debug\waves.o
 .debug_line    0x000008ea       0x94 .\CortexM0\ARM_GCC_541\Debug\AudioControl.o
 .debug_line    0x0000097e      0x2f8 .\CortexM0\ARM_GCC_541\Debug\AudioOut.o
 .debug_line    0x00000c76      0x1fb .\CortexM0\ARM_GCC_541\Debug\oscillator.o
 .debug_line    0x00000e71      0x1fa .\CortexM0\ARM_GCC_541\Debug\cyfitter_cfg.o
 .debug_line    0x0000106b      0x141 .\CortexM0\ARM_GCC_541\Debug\cymetadata.o
 .debug_line    0x000011ac      0x236 .\CortexM0\ARM_GCC_541\Debug\Cm0Start.o
 .debug_line    0x000013e2      0x130 .\CortexM0\ARM_GCC_541\Debug\synth-wavetable.a(CodecI2CM.o)
 .debug_line    0x00001512       0xce .\CortexM0\ARM_GCC_541\Debug\synth-wavetable.a(CodecI2CM_I2C.o)
 .debug_line    0x000015e0      0x308 .\CortexM0\ARM_GCC_541\Debug\synth-wavetable.a(CodecI2CM_I2C_MASTER.o)
 .debug_line    0x000018e8       0xec .\CortexM0\ARM_GCC_541\Debug\synth-wavetable.a(I2S.o)
 .debug_line    0x000019d4       0x74 .\CortexM0\ARM_GCC_541\Debug\synth-wavetable.a(AudioClkSel.o)
 .debug_line    0x00001a48      0x8ea .\CortexM0\ARM_GCC_541\Debug\synth-wavetable.a(CyLib.o)
 .debug_line    0x00002332      0x656 .\CortexM0\ARM_GCC_541\Debug\synth-wavetable.a(CyDMA.o)
 .debug_line    0x00002988      0x5d1 .\CortexM0\ARM_GCC_541\Debug\synth-wavetable.a(CyLFClk.o)
 .debug_line    0x00002f59       0xbb .\CortexM0\ARM_GCC_541\Debug\synth-wavetable.a(LED.o)
 .debug_line    0x00003014      0x15d .\CortexM0\ARM_GCC_541\Debug\synth-wavetable.a(isr_I2S_underflow.o)
 .debug_line    0x00003171      0x292 .\CortexM0\ARM_GCC_541\Debug\synth-wavetable.a(ADC.o)
 .debug_line    0x00003403       0x62 .\CortexM0\ARM_GCC_541\Debug\synth-wavetable.a(ADC_INT.o)
 .debug_line    0x00003465      0x153 .\CortexM0\ARM_GCC_541\Debug\synth-wavetable.a(isr_ADC_EOC.o)
 .debug_line    0x000035b8      0x381 .\CortexM0\ARM_GCC_541\Debug\synth-wavetable.a(TxByteCounter.o)
 .debug_line    0x00003939      0x13c .\CortexM0\ARM_GCC_541\Debug\synth-wavetable.a(SPI.o)
 .debug_line    0x00003a75      0x119 .\CortexM0\ARM_GCC_541\Debug\synth-wavetable.a(SPI_SPI_UART.o)
 .debug_line    0x00003b8e      0x105 .\CortexM0\ARM_GCC_541\Debug\synth-wavetable.a(SPI_SPI.o)
 .debug_line    0x00003c93       0x7b .\CortexM0\ARM_GCC_541\Debug\synth-wavetable.a(SPI_SPI_UART_INT.o)
 .debug_line    0x00003d0e       0xc2 .\CortexM0\ARM_GCC_541\Debug\synth-wavetable.a(SPI_sclk_m.o)
 .debug_line    0x00003dd0       0xc1 .\CortexM0\ARM_GCC_541\Debug\synth-wavetable.a(SPI_ss0_m.o)
 .debug_line    0x00003e91       0xa7 .\CortexM0\ARM_GCC_541\Debug\synth-wavetable.a(SPI_TxDMA.o)
 .debug_line    0x00003f38       0xa8 .\CortexM0\ARM_GCC_541\Debug\synth-wavetable.a(SPI_RxDMA.o)
 .debug_line    0x00003fe0       0xa6 .\CortexM0\ARM_GCC_541\Debug\synth-wavetable.a(I2STxDMA.o)
 .debug_line    0x00004086      0x159 .\CortexM0\ARM_GCC_541\Debug\synth-wavetable.a(isr_I2STxDone.o)
 .debug_line    0x000041df      0x382 .\CortexM0\ARM_GCC_541\Debug\synth-wavetable.a(SPIByteCounter.o)
 .debug_line    0x00004561      0x157 .\CortexM0\ARM_GCC_541\Debug\synth-wavetable.a(isr_SPIDone.o)
 .debug_line    0x000046b8       0x68 .\CortexM0\ARM_GCC_541\Debug\synth-wavetable.a(CyBootAsmGnu.o)
 .debug_line    0x00004720      0x16e .\CortexM0\ARM_GCC_541\Debug\synth-wavetable.a(CodecI2CM_I2C_INT.o)
 .debug_line    0x0000488e      0x173 .\CortexM0\ARM_GCC_541\Debug\synth-wavetable.a(CyFlash.o)

.debug_frame    0x00000000     0x32b0
 *(.debug_frame)
 .debug_frame   0x00000000       0x7c .\CortexM0\ARM_GCC_541\Debug\main.o
 .debug_frame   0x0000007c      0x148 .\CortexM0\ARM_GCC_541\Debug\Codec.o
 .debug_frame   0x000001c4       0x8c .\CortexM0\ARM_GCC_541\Debug\Interrupts.o
 .debug_frame   0x00000250       0xb8 .\CortexM0\ARM_GCC_541\Debug\waves.o
 .debug_frame   0x00000308       0x2c .\CortexM0\ARM_GCC_541\Debug\AudioControl.o
 .debug_frame   0x00000334       0x74 .\CortexM0\ARM_GCC_541\Debug\AudioOut.o
 .debug_frame   0x000003a8       0x4c .\CortexM0\ARM_GCC_541\Debug\oscillator.o
 .debug_frame   0x000003f4       0xb8 .\CortexM0\ARM_GCC_541\Debug\cyfitter_cfg.o
 .debug_frame   0x000004ac       0xbc .\CortexM0\ARM_GCC_541\Debug\Cm0Start.o
 .debug_frame   0x00000568       0xe8 .\CortexM0\ARM_GCC_541\Debug\synth-wavetable.a(CodecI2CM.o)
 .debug_frame   0x00000650       0x58 .\CortexM0\ARM_GCC_541\Debug\synth-wavetable.a(CodecI2CM_I2C.o)
 .debug_frame   0x000006a8      0x1d8 .\CortexM0\ARM_GCC_541\Debug\synth-wavetable.a(CodecI2CM_I2C_MASTER.o)
 .debug_frame   0x00000880       0xc8 .\CortexM0\ARM_GCC_541\Debug\synth-wavetable.a(I2S.o)
 .debug_frame   0x00000948       0x30 .\CortexM0\ARM_GCC_541\Debug\synth-wavetable.a(AudioClkSel.o)
 .debug_frame   0x00000978      0x704 .\CortexM0\ARM_GCC_541\Debug\synth-wavetable.a(CyLib.o)
 .debug_frame   0x0000107c      0x538 .\CortexM0\ARM_GCC_541\Debug\synth-wavetable.a(CyDMA.o)
 .debug_frame   0x000015b4      0x4a4 .\CortexM0\ARM_GCC_541\Debug\synth-wavetable.a(CyLFClk.o)
 .debug_frame   0x00001a58       0x70 .\CortexM0\ARM_GCC_541\Debug\synth-wavetable.a(LED.o)
 .debug_frame   0x00001ac8      0x110 .\CortexM0\ARM_GCC_541\Debug\synth-wavetable.a(isr_I2S_underflow.o)
 .debug_frame   0x00001bd8      0x1b0 .\CortexM0\ARM_GCC_541\Debug\synth-wavetable.a(ADC.o)
 .debug_frame   0x00001d88       0x20 .\CortexM0\ARM_GCC_541\Debug\synth-wavetable.a(ADC_INT.o)
 .debug_frame   0x00001da8      0x110 .\CortexM0\ARM_GCC_541\Debug\synth-wavetable.a(isr_ADC_EOC.o)
 .debug_frame   0x00001eb8      0x3a0 .\CortexM0\ARM_GCC_541\Debug\synth-wavetable.a(TxByteCounter.o)
 .debug_frame   0x00002258      0x104 .\CortexM0\ARM_GCC_541\Debug\synth-wavetable.a(SPI.o)
 .debug_frame   0x0000235c       0xb0 .\CortexM0\ARM_GCC_541\Debug\synth-wavetable.a(SPI_SPI_UART.o)
 .debug_frame   0x0000240c       0x7c .\CortexM0\ARM_GCC_541\Debug\synth-wavetable.a(SPI_SPI.o)
 .debug_frame   0x00002488       0x2c .\CortexM0\ARM_GCC_541\Debug\synth-wavetable.a(SPI_SPI_UART_INT.o)
 .debug_frame   0x000024b4       0x70 .\CortexM0\ARM_GCC_541\Debug\synth-wavetable.a(SPI_sclk_m.o)
 .debug_frame   0x00002524       0x70 .\CortexM0\ARM_GCC_541\Debug\synth-wavetable.a(SPI_ss0_m.o)
 .debug_frame   0x00002594       0x40 .\CortexM0\ARM_GCC_541\Debug\synth-wavetable.a(SPI_TxDMA.o)
 .debug_frame   0x000025d4       0x40 .\CortexM0\ARM_GCC_541\Debug\synth-wavetable.a(SPI_RxDMA.o)
 .debug_frame   0x00002614       0x40 .\CortexM0\ARM_GCC_541\Debug\synth-wavetable.a(I2STxDMA.o)
 .debug_frame   0x00002654      0x110 .\CortexM0\ARM_GCC_541\Debug\synth-wavetable.a(isr_I2STxDone.o)
 .debug_frame   0x00002764      0x3a0 .\CortexM0\ARM_GCC_541\Debug\synth-wavetable.a(SPIByteCounter.o)
 .debug_frame   0x00002b04      0x110 .\CortexM0\ARM_GCC_541\Debug\synth-wavetable.a(isr_SPIDone.o)
 .debug_frame   0x00002c14       0x2c .\CortexM0\ARM_GCC_541\Debug\synth-wavetable.a(CodecI2CM_I2C_INT.o)
 .debug_frame   0x00002c40       0x90 .\CortexM0\ARM_GCC_541\Debug\synth-wavetable.a(CyFlash.o)
 .debug_frame   0x00002cd0       0x2c c:/program files (x86)/cypress/psoc creator/4.2/psoc creator/import/gnu/arm/5.4.1/bin/../lib/gcc/arm-none-eabi/5.4.1/../../../../arm-none-eabi/lib/armv6-m\libm.a(lib_a-s_sin.o)
 .debug_frame   0x00002cfc       0x3c c:/program files (x86)/cypress/psoc creator/4.2/psoc creator/import/gnu/arm/5.4.1/bin/../lib/gcc/arm-none-eabi/5.4.1/../../../../arm-none-eabi/lib/armv6-m\libm.a(lib_a-e_rem_pio2.o)
 .debug_frame   0x00002d38       0x38 c:/program files (x86)/cypress/psoc creator/4.2/psoc creator/import/gnu/arm/5.4.1/bin/../lib/gcc/arm-none-eabi/5.4.1/../../../../arm-none-eabi/lib/armv6-m\libm.a(lib_a-k_cos.o)
 .debug_frame   0x00002d70       0x3c c:/program files (x86)/cypress/psoc creator/4.2/psoc creator/import/gnu/arm/5.4.1/bin/../lib/gcc/arm-none-eabi/5.4.1/../../../../arm-none-eabi/lib/armv6-m\libm.a(lib_a-k_rem_pio2.o)
 .debug_frame   0x00002dac       0x38 c:/program files (x86)/cypress/psoc creator/4.2/psoc creator/import/gnu/arm/5.4.1/bin/../lib/gcc/arm-none-eabi/5.4.1/../../../../arm-none-eabi/lib/armv6-m\libm.a(lib_a-k_sin.o)
 .debug_frame   0x00002de4       0x20 c:/program files (x86)/cypress/psoc creator/4.2/psoc creator/import/gnu/arm/5.4.1/bin/../lib/gcc/arm-none-eabi/5.4.1/../../../../arm-none-eabi/lib/armv6-m\libm.a(lib_a-s_fabs.o)
 .debug_frame   0x00002e04       0x3c c:/program files (x86)/cypress/psoc creator/4.2/psoc creator/import/gnu/arm/5.4.1/bin/../lib/gcc/arm-none-eabi/5.4.1/../../../../arm-none-eabi/lib/armv6-m\libm.a(lib_a-s_floor.o)
 .debug_frame   0x00002e40       0x2c c:/program files (x86)/cypress/psoc creator/4.2/psoc creator/import/gnu/arm/5.4.1/bin/../lib/gcc/arm-none-eabi/5.4.1/../../../../arm-none-eabi/lib/armv6-m\libm.a(lib_a-s_scalbn.o)
 .debug_frame   0x00002e6c       0x2c c:/program files (x86)/cypress/psoc creator/4.2/psoc creator/import/gnu/arm/5.4.1/bin/../lib/gcc/arm-none-eabi/5.4.1/../../../../arm-none-eabi/lib/armv6-m\libm.a(lib_a-s_copysign.o)
 .debug_frame   0x00002e98       0x20 c:/program files (x86)/cypress/psoc creator/4.2/psoc creator/import/gnu/arm/5.4.1/bin/../lib/gcc/arm-none-eabi/5.4.1/armv6-m\libgcc.a(_udivsi3.o)
 .debug_frame   0x00002eb8       0x20 c:/program files (x86)/cypress/psoc creator/4.2/psoc creator/import/gnu/arm/5.4.1/bin/../lib/gcc/arm-none-eabi/5.4.1/armv6-m\libgcc.a(_divsi3.o)
 .debug_frame   0x00002ed8       0x34 c:/program files (x86)/cypress/psoc creator/4.2/psoc creator/import/gnu/arm/5.4.1/bin/../lib/gcc/arm-none-eabi/5.4.1/armv6-m\libgcc.a(_muldi3.o)
 .debug_frame   0x00002f0c       0x2c c:/program files (x86)/cypress/psoc creator/4.2/psoc creator/import/gnu/arm/5.4.1/bin/../lib/gcc/arm-none-eabi/5.4.1/armv6-m\libgcc.a(_fixunsdfsi.o)
 .debug_frame   0x00002f38       0x30 c:/program files (x86)/cypress/psoc creator/4.2/psoc creator/import/gnu/arm/5.4.1/bin/../lib/gcc/arm-none-eabi/5.4.1/armv6-m\libgcc.a(bpabi.o)
 .debug_frame   0x00002f68       0x3c c:/program files (x86)/cypress/psoc creator/4.2/psoc creator/import/gnu/arm/5.4.1/bin/../lib/gcc/arm-none-eabi/5.4.1/armv6-m\libgcc.a(divsf3.o)
 .debug_frame   0x00002fa4       0x38 c:/program files (x86)/cypress/psoc creator/4.2/psoc creator/import/gnu/arm/5.4.1/bin/../lib/gcc/arm-none-eabi/5.4.1/armv6-m\libgcc.a(mulsf3.o)
 .debug_frame   0x00002fdc       0x2c c:/program files (x86)/cypress/psoc creator/4.2/psoc creator/import/gnu/arm/5.4.1/bin/../lib/gcc/arm-none-eabi/5.4.1/armv6-m\libgcc.a(floatsisf.o)
 .debug_frame   0x00003008       0x3c c:/program files (x86)/cypress/psoc creator/4.2/psoc creator/import/gnu/arm/5.4.1/bin/../lib/gcc/arm-none-eabi/5.4.1/armv6-m\libgcc.a(adddf3.o)
 .debug_frame   0x00003044       0x38 c:/program files (x86)/cypress/psoc creator/4.2/psoc creator/import/gnu/arm/5.4.1/bin/../lib/gcc/arm-none-eabi/5.4.1/armv6-m\libgcc.a(eqdf2.o)
 .debug_frame   0x0000307c       0x38 c:/program files (x86)/cypress/psoc creator/4.2/psoc creator/import/gnu/arm/5.4.1/bin/../lib/gcc/arm-none-eabi/5.4.1/armv6-m\libgcc.a(gedf2.o)
 .debug_frame   0x000030b4       0x38 c:/program files (x86)/cypress/psoc creator/4.2/psoc creator/import/gnu/arm/5.4.1/bin/../lib/gcc/arm-none-eabi/5.4.1/armv6-m\libgcc.a(ledf2.o)
 .debug_frame   0x000030ec       0x3c c:/program files (x86)/cypress/psoc creator/4.2/psoc creator/import/gnu/arm/5.4.1/bin/../lib/gcc/arm-none-eabi/5.4.1/armv6-m\libgcc.a(muldf3.o)
 .debug_frame   0x00003128       0x38 c:/program files (x86)/cypress/psoc creator/4.2/psoc creator/import/gnu/arm/5.4.1/bin/../lib/gcc/arm-none-eabi/5.4.1/armv6-m\libgcc.a(subdf3.o)
 .debug_frame   0x00003160       0x2c c:/program files (x86)/cypress/psoc creator/4.2/psoc creator/import/gnu/arm/5.4.1/bin/../lib/gcc/arm-none-eabi/5.4.1/armv6-m\libgcc.a(fixdfsi.o)
 .debug_frame   0x0000318c       0x2c c:/program files (x86)/cypress/psoc creator/4.2/psoc creator/import/gnu/arm/5.4.1/bin/../lib/gcc/arm-none-eabi/5.4.1/armv6-m\libgcc.a(floatsidf.o)
 .debug_frame   0x000031b8       0x3c c:/program files (x86)/cypress/psoc creator/4.2/psoc creator/import/gnu/arm/5.4.1/bin/../lib/gcc/arm-none-eabi/5.4.1/armv6-m\libgcc.a(_divdi3.o)
 .debug_frame   0x000031f4       0x20 c:/program files (x86)/cypress/psoc creator/4.2/psoc creator/import/gnu/arm/5.4.1/bin/../lib/gcc/arm-none-eabi/5.4.1/../../../../arm-none-eabi/lib/armv6-m\libg_nano.a(lib_a-errno.o)
 .debug_frame   0x00003214       0x28 c:/program files (x86)/cypress/psoc creator/4.2/psoc creator/import/gnu/arm/5.4.1/bin/../lib/gcc/arm-none-eabi/5.4.1/../../../../arm-none-eabi/lib/armv6-m\libg_nano.a(lib_a-exit.o)
 .debug_frame   0x0000323c       0x2c c:/program files (x86)/cypress/psoc creator/4.2/psoc creator/import/gnu/arm/5.4.1/bin/../lib/gcc/arm-none-eabi/5.4.1/../../../../arm-none-eabi/lib/armv6-m\libg_nano.a(lib_a-init.o)
 .debug_frame   0x00003268       0x28 c:/program files (x86)/cypress/psoc creator/4.2/psoc creator/import/gnu/arm/5.4.1/bin/../lib/gcc/arm-none-eabi/5.4.1/../../../../arm-none-eabi/lib/armv6-m\libg_nano.a(lib_a-memcpy-stub.o)
 .debug_frame   0x00003290       0x20 c:/program files (x86)/cypress/psoc creator/4.2/psoc creator/import/gnu/arm/5.4.1/bin/../lib/gcc/arm-none-eabi/5.4.1/../../../../arm-none-eabi/lib/armv6-m\libg_nano.a(lib_a-memset.o)

.debug_str      0x00000000     0x404a
 *(.debug_str)
 .debug_str     0x00000000      0x487 .\CortexM0\ARM_GCC_541\Debug\main.o
                                0x51d (size before relaxing)
 .debug_str     0x00000487      0x1b1 .\CortexM0\ARM_GCC_541\Debug\Codec.o
                                0x35b (size before relaxing)
 .debug_str     0x00000638      0x146 .\CortexM0\ARM_GCC_541\Debug\Interrupts.o
                                0x3e5 (size before relaxing)
 .debug_str     0x0000077e       0x82 .\CortexM0\ARM_GCC_541\Debug\waves.o
                                0x279 (size before relaxing)
 .debug_str     0x00000800       0x6c .\CortexM0\ARM_GCC_541\Debug\AudioControl.o
                                0x205 (size before relaxing)
 .debug_str     0x0000086c      0x2bf .\CortexM0\ARM_GCC_541\Debug\AudioOut.o
                                0x5ef (size before relaxing)
 .debug_str     0x00000b2b       0x40 .\CortexM0\ARM_GCC_541\Debug\oscillator.o
                                0x2c0 (size before relaxing)
 .debug_str     0x00000b6b      0x181 .\CortexM0\ARM_GCC_541\Debug\cyfitter_cfg.o
                                0x365 (size before relaxing)
 .debug_str     0x00000cec       0x9d .\CortexM0\ARM_GCC_541\Debug\cymetadata.o
                                0x1ca (size before relaxing)
 .debug_str     0x00000d89      0x13a .\CortexM0\ARM_GCC_541\Debug\Cm0Start.o
                                0x30b (size before relaxing)
 .debug_str     0x00000ec3      0x168 .\CortexM0\ARM_GCC_541\Debug\synth-wavetable.a(CodecI2CM.o)
                                0x31c (size before relaxing)
 .debug_str     0x0000102b       0xa9 .\CortexM0\ARM_GCC_541\Debug\synth-wavetable.a(CodecI2CM_I2C.o)
                                0x288 (size before relaxing)
 .debug_str     0x000010d4      0x2d3 .\CortexM0\ARM_GCC_541\Debug\synth-wavetable.a(CodecI2CM_I2C_MASTER.o)
                                0x568 (size before relaxing)
 .debug_str     0x000013a7       0xa2 .\CortexM0\ARM_GCC_541\Debug\synth-wavetable.a(I2S.o)
                                0x249 (size before relaxing)
 .debug_str     0x00001449       0x3e .\CortexM0\ARM_GCC_541\Debug\synth-wavetable.a(AudioClkSel.o)
                                0x1cb (size before relaxing)
 .debug_str     0x00001487      0x875 .\CortexM0\ARM_GCC_541\Debug\synth-wavetable.a(CyLib.o)
                                0xb30 (size before relaxing)
 .debug_str     0x00001cfc      0x52c .\CortexM0\ARM_GCC_541\Debug\synth-wavetable.a(CyDMA.o)
                                0x7fc (size before relaxing)
 .debug_str     0x00002228      0x6bb .\CortexM0\ARM_GCC_541\Debug\synth-wavetable.a(CyLFClk.o)
                                0x927 (size before relaxing)
 .debug_str     0x000028e3       0x93 .\CortexM0\ARM_GCC_541\Debug\synth-wavetable.a(LED.o)
                                0x232 (size before relaxing)
 .debug_str     0x00002976      0x183 .\CortexM0\ARM_GCC_541\Debug\synth-wavetable.a(isr_I2S_underflow.o)
                                0x39c (size before relaxing)
 .debug_str     0x00002af9      0x1bc .\CortexM0\ARM_GCC_541\Debug\synth-wavetable.a(ADC.o)
                                0x3e2 (size before relaxing)
 .debug_str     0x00002cb5       0x35 .\CortexM0\ARM_GCC_541\Debug\synth-wavetable.a(ADC_INT.o)
                                0x1c7 (size before relaxing)
 .debug_str     0x00002cea      0x126 .\CortexM0\ARM_GCC_541\Debug\synth-wavetable.a(isr_ADC_EOC.o)
                                0x348 (size before relaxing)
 .debug_str     0x00002e10      0x503 .\CortexM0\ARM_GCC_541\Debug\synth-wavetable.a(TxByteCounter.o)
                                0x70b (size before relaxing)
 .debug_str     0x00003313      0x111 .\CortexM0\ARM_GCC_541\Debug\synth-wavetable.a(SPI.o)
                                0x306 (size before relaxing)
 .debug_str     0x00003424       0xf9 .\CortexM0\ARM_GCC_541\Debug\synth-wavetable.a(SPI_SPI_UART.o)
                                0x2ce (size before relaxing)
 .debug_str     0x0000351d       0xa4 .\CortexM0\ARM_GCC_541\Debug\synth-wavetable.a(SPI_SPI.o)
                                0x2a9 (size before relaxing)
 .debug_str     0x000035c1       0x3b .\CortexM0\ARM_GCC_541\Debug\synth-wavetable.a(SPI_SPI_UART_INT.o)
                                0x1e3 (size before relaxing)
 .debug_str     0x000035fc       0x99 .\CortexM0\ARM_GCC_541\Debug\synth-wavetable.a(SPI_sclk_m.o)
                                0x263 (size before relaxing)
 .debug_str     0x00003695       0x93 .\CortexM0\ARM_GCC_541\Debug\synth-wavetable.a(SPI_ss0_m.o)
                                0x25c (size before relaxing)
 .debug_str     0x00003728       0x74 .\CortexM0\ARM_GCC_541\Debug\synth-wavetable.a(SPI_TxDMA.o)
                                0x30d (size before relaxing)
 .debug_str     0x0000379c       0xa4 .\CortexM0\ARM_GCC_541\Debug\synth-wavetable.a(SPI_RxDMA.o)
                                0x313 (size before relaxing)
 .debug_str     0x00003840       0x42 .\CortexM0\ARM_GCC_541\Debug\synth-wavetable.a(I2STxDMA.o)
                                0x30b (size before relaxing)
 .debug_str     0x00003882      0x12b .\CortexM0\ARM_GCC_541\Debug\synth-wavetable.a(isr_I2STxDone.o)
                                0x364 (size before relaxing)
 .debug_str     0x000039ad      0x48c .\CortexM0\ARM_GCC_541\Debug\synth-wavetable.a(SPIByteCounter.o)
                                0x735 (size before relaxing)
 .debug_str     0x00003e39      0x113 .\CortexM0\ARM_GCC_541\Debug\synth-wavetable.a(isr_SPIDone.o)
                                0x348 (size before relaxing)
 .debug_str     0x00003f4c       0x53 .\CortexM0\ARM_GCC_541\Debug\synth-wavetable.a(CodecI2CM_I2C_INT.o)
                                0x31c (size before relaxing)
 .debug_str     0x00003f9f       0xab .\CortexM0\ARM_GCC_541\Debug\synth-wavetable.a(CyFlash.o)
                                0x2ba (size before relaxing)

.debug_loc      0x00000000     0x602b
 *(.debug_loc)
 .debug_loc     0x00000000       0x40 .\CortexM0\ARM_GCC_541\Debug\main.o
 .debug_loc     0x00000040      0x154 .\CortexM0\ARM_GCC_541\Debug\Codec.o
 .debug_loc     0x00000194       0x28 .\CortexM0\ARM_GCC_541\Debug\Interrupts.o
 .debug_loc     0x000001bc      0x17a .\CortexM0\ARM_GCC_541\Debug\waves.o
 .debug_loc     0x00000336      0x1a4 .\CortexM0\ARM_GCC_541\Debug\AudioOut.o
 .debug_loc     0x000004da       0x21 .\CortexM0\ARM_GCC_541\Debug\oscillator.o
 .debug_loc     0x000004fb      0x160 .\CortexM0\ARM_GCC_541\Debug\cyfitter_cfg.o
 .debug_loc     0x0000065b      0x14f .\CortexM0\ARM_GCC_541\Debug\Cm0Start.o
 .debug_loc     0x000007aa       0x7e .\CortexM0\ARM_GCC_541\Debug\synth-wavetable.a(CodecI2CM.o)
 .debug_loc     0x00000828      0xa49 .\CortexM0\ARM_GCC_541\Debug\synth-wavetable.a(CodecI2CM_I2C_MASTER.o)
 .debug_loc     0x00001271       0x5f .\CortexM0\ARM_GCC_541\Debug\synth-wavetable.a(I2S.o)
 .debug_loc     0x000012d0     0x188b .\CortexM0\ARM_GCC_541\Debug\synth-wavetable.a(CyLib.o)
 .debug_loc     0x00002b5b      0xd74 .\CortexM0\ARM_GCC_541\Debug\synth-wavetable.a(CyDMA.o)
 .debug_loc     0x000038cf      0xdb7 .\CortexM0\ARM_GCC_541\Debug\synth-wavetable.a(CyLFClk.o)
 .debug_loc     0x00004686       0xa2 .\CortexM0\ARM_GCC_541\Debug\synth-wavetable.a(LED.o)
 .debug_loc     0x00004728       0x82 .\CortexM0\ARM_GCC_541\Debug\synth-wavetable.a(isr_I2S_underflow.o)
 .debug_loc     0x000047aa      0x4ba .\CortexM0\ARM_GCC_541\Debug\synth-wavetable.a(ADC.o)
 .debug_loc     0x00004c64       0x82 .\CortexM0\ARM_GCC_541\Debug\synth-wavetable.a(isr_ADC_EOC.o)
 .debug_loc     0x00004ce6      0x547 .\CortexM0\ARM_GCC_541\Debug\synth-wavetable.a(TxByteCounter.o)
 .debug_loc     0x0000522d       0x7e .\CortexM0\ARM_GCC_541\Debug\synth-wavetable.a(SPI.o)
 .debug_loc     0x000052ab       0x96 .\CortexM0\ARM_GCC_541\Debug\synth-wavetable.a(SPI_SPI_UART.o)
 .debug_loc     0x00005341       0xc1 .\CortexM0\ARM_GCC_541\Debug\synth-wavetable.a(SPI_SPI.o)
 .debug_loc     0x00005402       0xa2 .\CortexM0\ARM_GCC_541\Debug\synth-wavetable.a(SPI_sclk_m.o)
 .debug_loc     0x000054a4       0xa2 .\CortexM0\ARM_GCC_541\Debug\synth-wavetable.a(SPI_ss0_m.o)
 .debug_loc     0x00005546       0xba .\CortexM0\ARM_GCC_541\Debug\synth-wavetable.a(SPI_TxDMA.o)
 .debug_loc     0x00005600       0xba .\CortexM0\ARM_GCC_541\Debug\synth-wavetable.a(SPI_RxDMA.o)
 .debug_loc     0x000056ba       0xba .\CortexM0\ARM_GCC_541\Debug\synth-wavetable.a(I2STxDMA.o)
 .debug_loc     0x00005774       0x82 .\CortexM0\ARM_GCC_541\Debug\synth-wavetable.a(isr_I2STxDone.o)
 .debug_loc     0x000057f6      0x547 .\CortexM0\ARM_GCC_541\Debug\synth-wavetable.a(SPIByteCounter.o)
 .debug_loc     0x00005d3d       0x82 .\CortexM0\ARM_GCC_541\Debug\synth-wavetable.a(isr_SPIDone.o)
 .debug_loc     0x00005dbf      0x10c .\CortexM0\ARM_GCC_541\Debug\synth-wavetable.a(CodecI2CM_I2C_INT.o)
 .debug_loc     0x00005ecb      0x160 .\CortexM0\ARM_GCC_541\Debug\synth-wavetable.a(CyFlash.o)

.debug_macinfo
 *(.debug_macinfo)

.debug_ranges   0x00000000      0xf88
 *(.debug_ranges)
 .debug_ranges  0x00000000       0x38 .\CortexM0\ARM_GCC_541\Debug\main.o
 .debug_ranges  0x00000038       0x60 .\CortexM0\ARM_GCC_541\Debug\Codec.o
 .debug_ranges  0x00000098       0x40 .\CortexM0\ARM_GCC_541\Debug\Interrupts.o
 .debug_ranges  0x000000d8       0x40 .\CortexM0\ARM_GCC_541\Debug\waves.o
 .debug_ranges  0x00000118       0x10 .\CortexM0\ARM_GCC_541\Debug\AudioControl.o
 .debug_ranges  0x00000128       0x20 .\CortexM0\ARM_GCC_541\Debug\AudioOut.o
 .debug_ranges  0x00000148       0x20 .\CortexM0\ARM_GCC_541\Debug\oscillator.o
 .debug_ranges  0x00000168       0x38 .\CortexM0\ARM_GCC_541\Debug\cyfitter_cfg.o
 .debug_ranges  0x000001a0       0x38 .\CortexM0\ARM_GCC_541\Debug\Cm0Start.o
 .debug_ranges  0x000001d8       0x50 .\CortexM0\ARM_GCC_541\Debug\synth-wavetable.a(CodecI2CM.o)
 .debug_ranges  0x00000228       0x20 .\CortexM0\ARM_GCC_541\Debug\synth-wavetable.a(CodecI2CM_I2C.o)
 .debug_ranges  0x00000248       0x88 .\CortexM0\ARM_GCC_541\Debug\synth-wavetable.a(CodecI2CM_I2C_MASTER.o)
 .debug_ranges  0x000002d0       0x40 .\CortexM0\ARM_GCC_541\Debug\synth-wavetable.a(I2S.o)
 .debug_ranges  0x00000310       0x18 .\CortexM0\ARM_GCC_541\Debug\synth-wavetable.a(AudioClkSel.o)
 .debug_ranges  0x00000328      0x250 .\CortexM0\ARM_GCC_541\Debug\synth-wavetable.a(CyLib.o)
 .debug_ranges  0x00000578      0x188 .\CortexM0\ARM_GCC_541\Debug\synth-wavetable.a(CyDMA.o)
 .debug_ranges  0x00000700      0x178 .\CortexM0\ARM_GCC_541\Debug\synth-wavetable.a(CyLFClk.o)
 .debug_ranges  0x00000878       0x38 .\CortexM0\ARM_GCC_541\Debug\synth-wavetable.a(LED.o)
 .debug_ranges  0x000008b0       0x70 .\CortexM0\ARM_GCC_541\Debug\synth-wavetable.a(isr_I2S_underflow.o)
 .debug_ranges  0x00000920       0x98 .\CortexM0\ARM_GCC_541\Debug\synth-wavetable.a(ADC.o)
 .debug_ranges  0x000009b8       0x10 .\CortexM0\ARM_GCC_541\Debug\synth-wavetable.a(ADC_INT.o)
 .debug_ranges  0x000009c8       0x70 .\CortexM0\ARM_GCC_541\Debug\synth-wavetable.a(isr_ADC_EOC.o)
 .debug_ranges  0x00000a38      0x148 .\CortexM0\ARM_GCC_541\Debug\synth-wavetable.a(TxByteCounter.o)
 .debug_ranges  0x00000b80       0x58 .\CortexM0\ARM_GCC_541\Debug\synth-wavetable.a(SPI.o)
 .debug_ranges  0x00000bd8       0x50 .\CortexM0\ARM_GCC_541\Debug\synth-wavetable.a(SPI_SPI_UART.o)
 .debug_ranges  0x00000c28       0x30 .\CortexM0\ARM_GCC_541\Debug\synth-wavetable.a(SPI_SPI.o)
 .debug_ranges  0x00000c58       0x10 .\CortexM0\ARM_GCC_541\Debug\synth-wavetable.a(SPI_SPI_UART_INT.o)
 .debug_ranges  0x00000c68       0x38 .\CortexM0\ARM_GCC_541\Debug\synth-wavetable.a(SPI_sclk_m.o)
 .debug_ranges  0x00000ca0       0x38 .\CortexM0\ARM_GCC_541\Debug\synth-wavetable.a(SPI_ss0_m.o)
 .debug_ranges  0x00000cd8       0x18 .\CortexM0\ARM_GCC_541\Debug\synth-wavetable.a(SPI_TxDMA.o)
 .debug_ranges  0x00000cf0       0x18 .\CortexM0\ARM_GCC_541\Debug\synth-wavetable.a(SPI_RxDMA.o)
 .debug_ranges  0x00000d08       0x18 .\CortexM0\ARM_GCC_541\Debug\synth-wavetable.a(I2STxDMA.o)
 .debug_ranges  0x00000d20       0x70 .\CortexM0\ARM_GCC_541\Debug\synth-wavetable.a(isr_I2STxDone.o)
 .debug_ranges  0x00000d90      0x148 .\CortexM0\ARM_GCC_541\Debug\synth-wavetable.a(SPIByteCounter.o)
 .debug_ranges  0x00000ed8       0x70 .\CortexM0\ARM_GCC_541\Debug\synth-wavetable.a(isr_SPIDone.o)
 .debug_ranges  0x00000f48       0x10 .\CortexM0\ARM_GCC_541\Debug\synth-wavetable.a(CodecI2CM_I2C_INT.o)
 .debug_ranges  0x00000f58       0x30 .\CortexM0\ARM_GCC_541\Debug\synth-wavetable.a(CyFlash.o)

.comment        0x00000000       0x6e
 .comment       0x00000000       0x6e .\CortexM0\ARM_GCC_541\Debug\main.o
                                 0x6f (size before relaxing)
 .comment       0x0000006e       0x6f .\CortexM0\ARM_GCC_541\Debug\Codec.o
 .comment       0x0000006e       0x6f .\CortexM0\ARM_GCC_541\Debug\Interrupts.o
 .comment       0x0000006e       0x6f .\CortexM0\ARM_GCC_541\Debug\waves.o
 .comment       0x0000006e       0x6f .\CortexM0\ARM_GCC_541\Debug\AudioControl.o
 .comment       0x0000006e       0x6f .\CortexM0\ARM_GCC_541\Debug\AudioOut.o
 .comment       0x0000006e       0x6f .\CortexM0\ARM_GCC_541\Debug\oscillator.o
 .comment       0x0000006e       0x6f .\CortexM0\ARM_GCC_541\Debug\cyfitter_cfg.o
 .comment       0x0000006e       0x6f .\CortexM0\ARM_GCC_541\Debug\cymetadata.o
 .comment       0x0000006e       0x6f .\CortexM0\ARM_GCC_541\Debug\Cm0Start.o
 .comment       0x0000006e       0x6f .\CortexM0\ARM_GCC_541\Debug\synth-wavetable.a(CodecI2CM.o)
 .comment       0x0000006e       0x6f .\CortexM0\ARM_GCC_541\Debug\synth-wavetable.a(CodecI2CM_I2C.o)
 .comment       0x0000006e       0x6f .\CortexM0\ARM_GCC_541\Debug\synth-wavetable.a(CodecI2CM_I2C_MASTER.o)
 .comment       0x0000006e       0x6f .\CortexM0\ARM_GCC_541\Debug\synth-wavetable.a(I2S.o)
 .comment       0x0000006e       0x6f .\CortexM0\ARM_GCC_541\Debug\synth-wavetable.a(AudioClkSel.o)
 .comment       0x0000006e       0x6f .\CortexM0\ARM_GCC_541\Debug\synth-wavetable.a(CyLib.o)
 .comment       0x0000006e       0x6f .\CortexM0\ARM_GCC_541\Debug\synth-wavetable.a(CyDMA.o)
 .comment       0x0000006e       0x6f .\CortexM0\ARM_GCC_541\Debug\synth-wavetable.a(CyLFClk.o)
 .comment       0x0000006e       0x6f .\CortexM0\ARM_GCC_541\Debug\synth-wavetable.a(LED.o)
 .comment       0x0000006e       0x6f .\CortexM0\ARM_GCC_541\Debug\synth-wavetable.a(isr_I2S_underflow.o)
 .comment       0x0000006e       0x6f .\CortexM0\ARM_GCC_541\Debug\synth-wavetable.a(ADC.o)
 .comment       0x0000006e       0x6f .\CortexM0\ARM_GCC_541\Debug\synth-wavetable.a(ADC_INT.o)
 .comment       0x0000006e       0x6f .\CortexM0\ARM_GCC_541\Debug\synth-wavetable.a(isr_ADC_EOC.o)
 .comment       0x0000006e       0x6f .\CortexM0\ARM_GCC_541\Debug\synth-wavetable.a(TxByteCounter.o)
 .comment       0x0000006e       0x6f .\CortexM0\ARM_GCC_541\Debug\synth-wavetable.a(SPI.o)