ARM GAS  C:\Users\psmus\AppData\Local\Temp\ccXmhGNj.s 			page 1


   1              		.syntax unified
   2              		.cpu cortex-m0
   3              		.fpu softvfp
   4              		.eabi_attribute 20, 1
   5              		.eabi_attribute 21, 1
   6              		.eabi_attribute 23, 3
   7              		.eabi_attribute 24, 1
   8              		.eabi_attribute 25, 1
   9              		.eabi_attribute 26, 1
  10              		.eabi_attribute 30, 1
  11              		.eabi_attribute 34, 0
  12              		.eabi_attribute 18, 4
  13              		.thumb
  14              		.syntax unified
  15              		.file	"USB_audio.c"
  16              		.text
  17              	.Ltext0:
  18              		.cfi_sections	.debug_frame
  19              		.section	.text.USB_DispatchAUDIOClassRqst,"ax",%progbits
  20              		.align	2
  21              		.global	USB_DispatchAUDIOClassRqst
  22              		.code	16
  23              		.thumb_func
  24              		.type	USB_DispatchAUDIOClassRqst, %function
  25              	USB_DispatchAUDIOClassRqst:
  26              	.LFB1:
  27              		.file 1 "Generated_Source\\PSoC4\\USB_audio.c"
   1:Generated_Source\PSoC4/USB_audio.c **** /***************************************************************************//**
   2:Generated_Source\PSoC4/USB_audio.c **** * \file USB_audio.c
   3:Generated_Source\PSoC4/USB_audio.c **** * \version 3.20
   4:Generated_Source\PSoC4/USB_audio.c **** *
   5:Generated_Source\PSoC4/USB_audio.c **** * \brief
   6:Generated_Source\PSoC4/USB_audio.c **** *  This file contains the USB AUDIO Class request handler.
   7:Generated_Source\PSoC4/USB_audio.c **** *
   8:Generated_Source\PSoC4/USB_audio.c **** * Related Document:
   9:Generated_Source\PSoC4/USB_audio.c **** *  Universal Serial Bus Device Class Definition for Audio Devices Release 1.0
  10:Generated_Source\PSoC4/USB_audio.c **** *
  11:Generated_Source\PSoC4/USB_audio.c **** ********************************************************************************
  12:Generated_Source\PSoC4/USB_audio.c **** * \copyright
  13:Generated_Source\PSoC4/USB_audio.c **** * Copyright 2008-2016, Cypress Semiconductor Corporation.  All rights reserved.
  14:Generated_Source\PSoC4/USB_audio.c **** * You may use this file only in accordance with the license, terms, conditions,
  15:Generated_Source\PSoC4/USB_audio.c **** * disclaimers, and limitations in the end user license agreement accompanying
  16:Generated_Source\PSoC4/USB_audio.c **** * the software package with which this file was provided.
  17:Generated_Source\PSoC4/USB_audio.c **** *******************************************************************************/
  18:Generated_Source\PSoC4/USB_audio.c **** 
  19:Generated_Source\PSoC4/USB_audio.c **** #include "USB_audio.h"
  20:Generated_Source\PSoC4/USB_audio.c **** #include "USB_pvt.h"
  21:Generated_Source\PSoC4/USB_audio.c **** #include "cyapicallbacks.h"
  22:Generated_Source\PSoC4/USB_audio.c **** 
  23:Generated_Source\PSoC4/USB_audio.c **** #if defined(USB_ENABLE_AUDIO_CLASS)
  24:Generated_Source\PSoC4/USB_audio.c **** 
  25:Generated_Source\PSoC4/USB_audio.c **** /***************************************
  26:Generated_Source\PSoC4/USB_audio.c **** * Custom Declarations
  27:Generated_Source\PSoC4/USB_audio.c **** ***************************************/
  28:Generated_Source\PSoC4/USB_audio.c **** 
  29:Generated_Source\PSoC4/USB_audio.c **** /* `#START CUSTOM_DECLARATIONS` Place your declaration here */
  30:Generated_Source\PSoC4/USB_audio.c **** 
ARM GAS  C:\Users\psmus\AppData\Local\Temp\ccXmhGNj.s 			page 2


  31:Generated_Source\PSoC4/USB_audio.c **** /* `#END` */
  32:Generated_Source\PSoC4/USB_audio.c **** 
  33:Generated_Source\PSoC4/USB_audio.c **** 
  34:Generated_Source\PSoC4/USB_audio.c **** #if !defined(USER_SUPPLIED_AUDIO_HANDLER)
  35:Generated_Source\PSoC4/USB_audio.c **** 
  36:Generated_Source\PSoC4/USB_audio.c **** /***************************************
  37:Generated_Source\PSoC4/USB_audio.c **** *    AUDIO Variables
  38:Generated_Source\PSoC4/USB_audio.c **** ***************************************/
  39:Generated_Source\PSoC4/USB_audio.c **** 
  40:Generated_Source\PSoC4/USB_audio.c **** #if defined(USB_ENABLE_AUDIO_STREAMING)
  41:Generated_Source\PSoC4/USB_audio.c ****     /** Contains the current audio sample frequency. It is set by the host using a SET_CUR request 
  42:Generated_Source\PSoC4/USB_audio.c ****     volatile uint8 USB_currentSampleFrequency[USB_MAX_EP][USB_SAMPLE_FREQ_LEN];
  43:Generated_Source\PSoC4/USB_audio.c ****     /** Used as a flag for the user code, to inform it that the host has been sent a request 
  44:Generated_Source\PSoC4/USB_audio.c ****      * to change the sample frequency. The sample frequency will be sent on the next OUT transactio
  45:Generated_Source\PSoC4/USB_audio.c ****      * It contains the endpoint address when set. The following code is recommended for 
  46:Generated_Source\PSoC4/USB_audio.c ****      * detecting new sample frequency in main code:
  47:Generated_Source\PSoC4/USB_audio.c ****      * \snippet  /USBFS_sut_02.cydsn/main.c Detecting new Sample Frequency
  48:Generated_Source\PSoC4/USB_audio.c ****      *     
  49:Generated_Source\PSoC4/USB_audio.c ****      * The USBFS_transferState variable is checked to make sure that the transfer completes. */
  50:Generated_Source\PSoC4/USB_audio.c ****     volatile uint8 USB_frequencyChanged;
  51:Generated_Source\PSoC4/USB_audio.c ****     /** Contains the mute configuration set by the host.*/
  52:Generated_Source\PSoC4/USB_audio.c ****     volatile uint8 USB_currentMute;
  53:Generated_Source\PSoC4/USB_audio.c ****     /** Contains the volume level set by the host.*/
  54:Generated_Source\PSoC4/USB_audio.c ****     volatile uint8 USB_currentVolume[USB_VOLUME_LEN];
  55:Generated_Source\PSoC4/USB_audio.c ****     volatile uint8 USB_minimumVolume[USB_VOLUME_LEN] = {USB_VOL_MIN_LSB,
  56:Generated_Source\PSoC4/USB_audio.c ****                                                                                   USB_VOL_MIN_MSB};
  57:Generated_Source\PSoC4/USB_audio.c ****     volatile uint8 USB_maximumVolume[USB_VOLUME_LEN] = {USB_VOL_MAX_LSB,
  58:Generated_Source\PSoC4/USB_audio.c ****                                                                                   USB_VOL_MAX_MSB};
  59:Generated_Source\PSoC4/USB_audio.c ****     volatile uint8 USB_resolutionVolume[USB_VOLUME_LEN] = {USB_VOL_RES_LSB,
  60:Generated_Source\PSoC4/USB_audio.c ****                                                                                      USB_VOL_RES_MS
  61:Generated_Source\PSoC4/USB_audio.c **** #endif /*  USB_ENABLE_AUDIO_STREAMING */
  62:Generated_Source\PSoC4/USB_audio.c **** 
  63:Generated_Source\PSoC4/USB_audio.c **** 
  64:Generated_Source\PSoC4/USB_audio.c **** /*******************************************************************************
  65:Generated_Source\PSoC4/USB_audio.c **** * Function Name: USB_DispatchAUDIOClassRqst
  66:Generated_Source\PSoC4/USB_audio.c **** ****************************************************************************//**
  67:Generated_Source\PSoC4/USB_audio.c **** *
  68:Generated_Source\PSoC4/USB_audio.c **** *  This routine dispatches class requests
  69:Generated_Source\PSoC4/USB_audio.c **** *
  70:Generated_Source\PSoC4/USB_audio.c **** * \return
  71:Generated_Source\PSoC4/USB_audio.c **** *  Results of Audio Class request handling: 
  72:Generated_Source\PSoC4/USB_audio.c **** *  - USB_TRUE  - request was handled without errors
  73:Generated_Source\PSoC4/USB_audio.c **** *  - USB_FALSE - error occurs during handling of request     
  74:Generated_Source\PSoC4/USB_audio.c **** *
  75:Generated_Source\PSoC4/USB_audio.c **** * \globalvars
  76:Generated_Source\PSoC4/USB_audio.c **** *   USB_currentSampleFrequency: Contains the current audio Sample
  77:Generated_Source\PSoC4/USB_audio.c **** *       Frequency. It is set by the Host using SET_CUR request to the endpoint.
  78:Generated_Source\PSoC4/USB_audio.c **** *   USB_frequencyChanged: This variable is used as a flag for the
  79:Generated_Source\PSoC4/USB_audio.c **** *       user code, to be aware that Host has been sent request for changing
  80:Generated_Source\PSoC4/USB_audio.c **** *       Sample Frequency. Sample frequency will be sent on the next OUT
  81:Generated_Source\PSoC4/USB_audio.c **** *       transaction. It is contains endpoint address when set. The following
  82:Generated_Source\PSoC4/USB_audio.c **** *       code is recommended for detecting new Sample Frequency in main code:
  83:Generated_Source\PSoC4/USB_audio.c **** *       
  84:Generated_Source\PSoC4/USB_audio.c **** *  \snippet  /USBFS_sut_02.cydsn/main.c Detecting new Sample Frequency
  85:Generated_Source\PSoC4/USB_audio.c **** *      
  86:Generated_Source\PSoC4/USB_audio.c **** *   USB_transferState variable is checked to be sure that transfer
  87:Generated_Source\PSoC4/USB_audio.c **** *              completes.
ARM GAS  C:\Users\psmus\AppData\Local\Temp\ccXmhGNj.s 			page 3


  88:Generated_Source\PSoC4/USB_audio.c **** *   USB_currentMute: Contains mute configuration set by Host.
  89:Generated_Source\PSoC4/USB_audio.c **** *   USB_currentVolume: Contains volume level set by Host.
  90:Generated_Source\PSoC4/USB_audio.c **** *
  91:Generated_Source\PSoC4/USB_audio.c **** * \reentrant
  92:Generated_Source\PSoC4/USB_audio.c **** *  No.
  93:Generated_Source\PSoC4/USB_audio.c **** *
  94:Generated_Source\PSoC4/USB_audio.c **** *******************************************************************************/
  95:Generated_Source\PSoC4/USB_audio.c **** uint8 USB_DispatchAUDIOClassRqst(void) 
  96:Generated_Source\PSoC4/USB_audio.c **** {
  28              		.loc 1 96 0
  29              		.cfi_startproc
  30              		@ args = 0, pretend = 0, frame = 0
  31              		@ frame_needed = 0, uses_anonymous_args = 0
  32              		@ link register save eliminated.
  33              	.LVL0:
  97:Generated_Source\PSoC4/USB_audio.c ****     uint8 requestHandled = USB_FALSE;
  98:Generated_Source\PSoC4/USB_audio.c ****     
  99:Generated_Source\PSoC4/USB_audio.c ****     uint8 RqstRcpt = (uint8)(USB_bmRequestTypeReg & USB_RQST_RCPT_MASK);
  34              		.loc 1 99 0
  35 0000 0D4A     		ldr	r2, .L6
  36 0002 1168     		ldr	r1, [r2]
  37 0004 0323     		movs	r3, #3
  38 0006 0B40     		ands	r3, r1
  39              	.LVL1:
 100:Generated_Source\PSoC4/USB_audio.c **** #if defined(USB_ENABLE_AUDIO_STREAMING)
 101:Generated_Source\PSoC4/USB_audio.c ****     uint8 wValueHi = (uint8) USB_wValueHiReg;
 102:Generated_Source\PSoC4/USB_audio.c ****     uint8 epNumber = (uint8) USB_wIndexLoReg & USB_DIR_UNUSED;
 103:Generated_Source\PSoC4/USB_audio.c **** #endif /* (USB_ENABLE_AUDIO_STREAMING) */
 104:Generated_Source\PSoC4/USB_audio.c ****     
 105:Generated_Source\PSoC4/USB_audio.c ****     /* Check request direction: D2H or H2D. */
 106:Generated_Source\PSoC4/USB_audio.c ****     if (0u != (USB_bmRequestTypeReg & USB_RQST_DIR_D2H))
  40              		.loc 1 106 0
  41 0008 1268     		ldr	r2, [r2]
  42 000a 1206     		lsls	r2, r2, #24
  43 000c 09D5     		bpl	.L2
 107:Generated_Source\PSoC4/USB_audio.c ****     {
 108:Generated_Source\PSoC4/USB_audio.c ****         /* Handle direction from device to host. */
 109:Generated_Source\PSoC4/USB_audio.c ****         
 110:Generated_Source\PSoC4/USB_audio.c ****         if (USB_RQST_RCPT_EP == RqstRcpt)
  44              		.loc 1 110 0
  45 000e 022B     		cmp	r3, #2
  46 0010 02D1     		bne	.L3
 111:Generated_Source\PSoC4/USB_audio.c ****         {
 112:Generated_Source\PSoC4/USB_audio.c ****             /* Request recipient is to endpoint. */
 113:Generated_Source\PSoC4/USB_audio.c ****             switch (USB_bRequestReg)
  47              		.loc 1 113 0
  48 0012 094B     		ldr	r3, .L6
  49              	.LVL2:
  50 0014 5B68     		ldr	r3, [r3, #4]
  51 0016 0DE0     		b	.L4
  52              	.LVL3:
  53              	.L3:
 114:Generated_Source\PSoC4/USB_audio.c ****             {
 115:Generated_Source\PSoC4/USB_audio.c ****                 case USB_GET_CUR:
 116:Generated_Source\PSoC4/USB_audio.c ****                 #if defined(USB_ENABLE_AUDIO_STREAMING)
 117:Generated_Source\PSoC4/USB_audio.c ****                     if (wValueHi == USB_SAMPLING_FREQ_CONTROL)
 118:Generated_Source\PSoC4/USB_audio.c ****                     {
ARM GAS  C:\Users\psmus\AppData\Local\Temp\ccXmhGNj.s 			page 4


 119:Generated_Source\PSoC4/USB_audio.c ****                          /* point Control Selector is Sampling Frequency */
 120:Generated_Source\PSoC4/USB_audio.c ****                         USB_currentTD.wCount = USB_SAMPLE_FREQ_LEN;
 121:Generated_Source\PSoC4/USB_audio.c ****                         USB_currentTD.pData  = USB_currentSampleFrequency[epNumber];
 122:Generated_Source\PSoC4/USB_audio.c ****                         
 123:Generated_Source\PSoC4/USB_audio.c ****                         requestHandled   = USB_InitControlRead();
 124:Generated_Source\PSoC4/USB_audio.c ****                     }
 125:Generated_Source\PSoC4/USB_audio.c ****                 #endif /* (USB_ENABLE_AUDIO_STREAMING) */
 126:Generated_Source\PSoC4/USB_audio.c ****                 
 127:Generated_Source\PSoC4/USB_audio.c ****                     /* `#START AUDIO_READ_REQUESTS` Place other request handler here */
 128:Generated_Source\PSoC4/USB_audio.c **** 
 129:Generated_Source\PSoC4/USB_audio.c ****                     /* `#END` */
 130:Generated_Source\PSoC4/USB_audio.c ****                 
 131:Generated_Source\PSoC4/USB_audio.c ****                 #ifdef USB_DISPATCH_AUDIO_CLASS_AUDIO_READ_REQUESTS_CALLBACK    
 132:Generated_Source\PSoC4/USB_audio.c ****                     USB_DispatchAUDIOClass_AUDIO_READ_REQUESTS_Callback();
 133:Generated_Source\PSoC4/USB_audio.c ****                 #endif /* (USB_DISPATCH_AUDIO_CLASS_AUDIO_READ_REQUESTS_CALLBACK) */               
 134:Generated_Source\PSoC4/USB_audio.c ****                 break;
 135:Generated_Source\PSoC4/USB_audio.c ****                 
 136:Generated_Source\PSoC4/USB_audio.c ****                 default:
 137:Generated_Source\PSoC4/USB_audio.c ****                     /* Do not handle this request unless callback is defined. */
 138:Generated_Source\PSoC4/USB_audio.c ****                     break;
 139:Generated_Source\PSoC4/USB_audio.c ****             }
 140:Generated_Source\PSoC4/USB_audio.c ****         
 141:Generated_Source\PSoC4/USB_audio.c ****         }
 142:Generated_Source\PSoC4/USB_audio.c ****         else if (USB_RQST_RCPT_IFC == RqstRcpt)
  54              		.loc 1 142 0
  55 0018 012B     		cmp	r3, #1
  56 001a 0BD1     		bne	.L4
 143:Generated_Source\PSoC4/USB_audio.c ****         {
 144:Generated_Source\PSoC4/USB_audio.c ****             /* Request recipient is interface or entity ID. */
 145:Generated_Source\PSoC4/USB_audio.c ****             switch (USB_bRequestReg)
  57              		.loc 1 145 0
  58 001c 064B     		ldr	r3, .L6
  59              	.LVL4:
  60 001e 5B68     		ldr	r3, [r3, #4]
  61 0020 08E0     		b	.L4
  62              	.LVL5:
  63              	.L2:
 146:Generated_Source\PSoC4/USB_audio.c ****             {
 147:Generated_Source\PSoC4/USB_audio.c ****                 case USB_GET_CUR:
 148:Generated_Source\PSoC4/USB_audio.c ****                 #if defined(USB_ENABLE_AUDIO_STREAMING)
 149:Generated_Source\PSoC4/USB_audio.c ****                     if (wValueHi == USB_MUTE_CONTROL)
 150:Generated_Source\PSoC4/USB_audio.c ****                     {
 151:Generated_Source\PSoC4/USB_audio.c ****                         /* `#START MUTE_CONTROL_GET_REQUEST` Place multi-channel handler here */
 152:Generated_Source\PSoC4/USB_audio.c **** 
 153:Generated_Source\PSoC4/USB_audio.c ****                         /* `#END` */
 154:Generated_Source\PSoC4/USB_audio.c **** 
 155:Generated_Source\PSoC4/USB_audio.c ****                     #ifdef USB_DISPATCH_AUDIO_CLASS_MUTE_CONTROL_GET_REQUEST_CALLBACK
 156:Generated_Source\PSoC4/USB_audio.c ****                         USB_DispatchAUDIOClass_MUTE_CONTROL_GET_REQUEST_Callback();
 157:Generated_Source\PSoC4/USB_audio.c ****                     #endif /* (USB_DISPATCH_AUDIO_CLASS_MUTE_CONTROL_GET_REQUEST_CALLBACK) */
 158:Generated_Source\PSoC4/USB_audio.c **** 
 159:Generated_Source\PSoC4/USB_audio.c ****                         /* Entity ID Control Selector is MUTE */
 160:Generated_Source\PSoC4/USB_audio.c ****                         USB_currentTD.wCount = 1u;
 161:Generated_Source\PSoC4/USB_audio.c ****                         USB_currentTD.pData  = &USB_currentMute;
 162:Generated_Source\PSoC4/USB_audio.c ****                         
 163:Generated_Source\PSoC4/USB_audio.c ****                         requestHandled = USB_InitControlRead();
 164:Generated_Source\PSoC4/USB_audio.c ****                     }
 165:Generated_Source\PSoC4/USB_audio.c ****                     else if (wValueHi == USB_VOLUME_CONTROL)
ARM GAS  C:\Users\psmus\AppData\Local\Temp\ccXmhGNj.s 			page 5


 166:Generated_Source\PSoC4/USB_audio.c ****                     {
 167:Generated_Source\PSoC4/USB_audio.c ****                         /* `#START VOLUME_CONTROL_GET_REQUEST` Place multi-channel handler here */
 168:Generated_Source\PSoC4/USB_audio.c **** 
 169:Generated_Source\PSoC4/USB_audio.c ****                         /* `#END` */
 170:Generated_Source\PSoC4/USB_audio.c **** 
 171:Generated_Source\PSoC4/USB_audio.c ****                     #ifdef USB_DISPATCH_AUDIO_CLASS_VOLUME_CONTROL_GET_REQUEST_CALLBACK
 172:Generated_Source\PSoC4/USB_audio.c ****                         USB_DispatchAUDIOClass_VOLUME_CONTROL_GET_REQUEST_Callback();
 173:Generated_Source\PSoC4/USB_audio.c ****                     #endif /* (USB_DISPATCH_AUDIO_CLASS_VOLUME_CONTROL_GET_REQUEST_CALLBACK) */
 174:Generated_Source\PSoC4/USB_audio.c **** 
 175:Generated_Source\PSoC4/USB_audio.c ****                         /* Entity ID Control Selector is VOLUME, */
 176:Generated_Source\PSoC4/USB_audio.c ****                         USB_currentTD.wCount = USB_VOLUME_LEN;
 177:Generated_Source\PSoC4/USB_audio.c ****                         USB_currentTD.pData  = USB_currentVolume;
 178:Generated_Source\PSoC4/USB_audio.c ****                         
 179:Generated_Source\PSoC4/USB_audio.c ****                         requestHandled = USB_InitControlRead();
 180:Generated_Source\PSoC4/USB_audio.c ****                     }
 181:Generated_Source\PSoC4/USB_audio.c ****                     else
 182:Generated_Source\PSoC4/USB_audio.c ****                     {
 183:Generated_Source\PSoC4/USB_audio.c ****                         /* `#START OTHER_GET_CUR_REQUESTS` Place other request handler here */
 184:Generated_Source\PSoC4/USB_audio.c **** 
 185:Generated_Source\PSoC4/USB_audio.c ****                         /* `#END` */
 186:Generated_Source\PSoC4/USB_audio.c **** 
 187:Generated_Source\PSoC4/USB_audio.c ****                     #ifdef USB_DISPATCH_AUDIO_CLASS_OTHER_GET_CUR_REQUESTS_CALLBACK
 188:Generated_Source\PSoC4/USB_audio.c ****                         USB_DispatchAUDIOClass_OTHER_GET_CUR_REQUESTS_Callback();
 189:Generated_Source\PSoC4/USB_audio.c ****                     #endif /* (USB_DISPATCH_AUDIO_CLASS_OTHER_GET_CUR_REQUESTS_CALLBACK) */
 190:Generated_Source\PSoC4/USB_audio.c ****                     }
 191:Generated_Source\PSoC4/USB_audio.c ****                     break;
 192:Generated_Source\PSoC4/USB_audio.c ****                     
 193:Generated_Source\PSoC4/USB_audio.c ****                 case USB_GET_MIN:
 194:Generated_Source\PSoC4/USB_audio.c ****                     if (wValueHi == USB_VOLUME_CONTROL)
 195:Generated_Source\PSoC4/USB_audio.c ****                     {
 196:Generated_Source\PSoC4/USB_audio.c ****                         /* Entity ID Control Selector is VOLUME, */
 197:Generated_Source\PSoC4/USB_audio.c ****                         USB_currentTD.wCount = USB_VOLUME_LEN;
 198:Generated_Source\PSoC4/USB_audio.c ****                         USB_currentTD.pData  = &USB_minimumVolume[0];
 199:Generated_Source\PSoC4/USB_audio.c ****                         
 200:Generated_Source\PSoC4/USB_audio.c ****                         requestHandled = USB_InitControlRead();
 201:Generated_Source\PSoC4/USB_audio.c ****                     }
 202:Generated_Source\PSoC4/USB_audio.c ****                     break;
 203:Generated_Source\PSoC4/USB_audio.c ****                     
 204:Generated_Source\PSoC4/USB_audio.c ****                 case USB_GET_MAX:
 205:Generated_Source\PSoC4/USB_audio.c ****                     if (wValueHi == USB_VOLUME_CONTROL)
 206:Generated_Source\PSoC4/USB_audio.c ****                     {
 207:Generated_Source\PSoC4/USB_audio.c ****                         /* Entity ID Control Selector is VOLUME, */
 208:Generated_Source\PSoC4/USB_audio.c ****                         USB_currentTD.wCount = USB_VOLUME_LEN;
 209:Generated_Source\PSoC4/USB_audio.c ****                         USB_currentTD.pData  = &USB_maximumVolume[0];
 210:Generated_Source\PSoC4/USB_audio.c ****                         
 211:Generated_Source\PSoC4/USB_audio.c ****                         requestHandled = USB_InitControlRead();
 212:Generated_Source\PSoC4/USB_audio.c ****                     }
 213:Generated_Source\PSoC4/USB_audio.c ****                     break;
 214:Generated_Source\PSoC4/USB_audio.c ****                     
 215:Generated_Source\PSoC4/USB_audio.c ****                 case USB_GET_RES:
 216:Generated_Source\PSoC4/USB_audio.c ****                     if (wValueHi == USB_VOLUME_CONTROL)
 217:Generated_Source\PSoC4/USB_audio.c ****                     {
 218:Generated_Source\PSoC4/USB_audio.c ****                          /* Entity ID Control Selector is VOLUME, */
 219:Generated_Source\PSoC4/USB_audio.c ****                         USB_currentTD.wCount = USB_VOLUME_LEN;
 220:Generated_Source\PSoC4/USB_audio.c ****                         USB_currentTD.pData  = &USB_resolutionVolume[0];
 221:Generated_Source\PSoC4/USB_audio.c ****                         
 222:Generated_Source\PSoC4/USB_audio.c ****                         requestHandled   = USB_InitControlRead();
ARM GAS  C:\Users\psmus\AppData\Local\Temp\ccXmhGNj.s 			page 6


 223:Generated_Source\PSoC4/USB_audio.c ****                     }
 224:Generated_Source\PSoC4/USB_audio.c ****                     break;
 225:Generated_Source\PSoC4/USB_audio.c ****                     
 226:Generated_Source\PSoC4/USB_audio.c ****                 /* The contents of the status message is reserved for future use.
 227:Generated_Source\PSoC4/USB_audio.c ****                 * For the time being, a null packet should be returned in the data stage of the
 228:Generated_Source\PSoC4/USB_audio.c ****                 * control transfer, and the received null packet should be ACKed.
 229:Generated_Source\PSoC4/USB_audio.c ****                 */
 230:Generated_Source\PSoC4/USB_audio.c ****                 case USB_GET_STAT:
 231:Generated_Source\PSoC4/USB_audio.c ****                     USB_currentTD.wCount = 0u;    
 232:Generated_Source\PSoC4/USB_audio.c ****                     
 233:Generated_Source\PSoC4/USB_audio.c ****                     requestHandled = USB_InitControlWrite();
 234:Generated_Source\PSoC4/USB_audio.c **** 
 235:Generated_Source\PSoC4/USB_audio.c ****                 #endif /* (USB_ENABLE_AUDIO_STREAMING) */
 236:Generated_Source\PSoC4/USB_audio.c ****                 
 237:Generated_Source\PSoC4/USB_audio.c ****                     /* `#START AUDIO_WRITE_REQUESTS` Place other request handler here */
 238:Generated_Source\PSoC4/USB_audio.c **** 
 239:Generated_Source\PSoC4/USB_audio.c ****                     /* `#END` */
 240:Generated_Source\PSoC4/USB_audio.c ****                 
 241:Generated_Source\PSoC4/USB_audio.c ****                 #ifdef USB_DISPATCH_AUDIO_CLASS_AUDIO_WRITE_REQUESTS_CALLBACK
 242:Generated_Source\PSoC4/USB_audio.c ****                     USB_DispatchAUDIOClass_AUDIO_WRITE_REQUESTS_Callback();
 243:Generated_Source\PSoC4/USB_audio.c ****                 #endif /* (USB_DISPATCH_AUDIO_CLASS_AUDIO_WRITE_REQUESTS_CALLBACK) */
 244:Generated_Source\PSoC4/USB_audio.c ****                     break;
 245:Generated_Source\PSoC4/USB_audio.c ****                 
 246:Generated_Source\PSoC4/USB_audio.c ****                 default:
 247:Generated_Source\PSoC4/USB_audio.c ****                     /* Do not handle this request. */
 248:Generated_Source\PSoC4/USB_audio.c ****                     break;
 249:Generated_Source\PSoC4/USB_audio.c ****             }
 250:Generated_Source\PSoC4/USB_audio.c ****         }
 251:Generated_Source\PSoC4/USB_audio.c ****         else
 252:Generated_Source\PSoC4/USB_audio.c ****         {   
 253:Generated_Source\PSoC4/USB_audio.c ****             /* Do not handle other requests recipients. */
 254:Generated_Source\PSoC4/USB_audio.c ****         }
 255:Generated_Source\PSoC4/USB_audio.c ****     }
 256:Generated_Source\PSoC4/USB_audio.c ****     else
 257:Generated_Source\PSoC4/USB_audio.c ****     {
 258:Generated_Source\PSoC4/USB_audio.c ****         /* Handle direction from host to device. */
 259:Generated_Source\PSoC4/USB_audio.c ****         
 260:Generated_Source\PSoC4/USB_audio.c ****         if (USB_RQST_RCPT_EP == RqstRcpt)
  64              		.loc 1 260 0
  65 0022 022B     		cmp	r3, #2
  66 0024 02D1     		bne	.L5
 261:Generated_Source\PSoC4/USB_audio.c ****         {
 262:Generated_Source\PSoC4/USB_audio.c ****             /* Request recipient is endpoint. */
 263:Generated_Source\PSoC4/USB_audio.c ****             switch (USB_bRequestReg)
  67              		.loc 1 263 0
  68 0026 044B     		ldr	r3, .L6
  69              	.LVL6:
  70 0028 5B68     		ldr	r3, [r3, #4]
  71 002a 03E0     		b	.L4
  72              	.LVL7:
  73              	.L5:
 264:Generated_Source\PSoC4/USB_audio.c ****             {
 265:Generated_Source\PSoC4/USB_audio.c ****                 case USB_SET_CUR:
 266:Generated_Source\PSoC4/USB_audio.c ****                 #if defined(USB_ENABLE_AUDIO_STREAMING)
 267:Generated_Source\PSoC4/USB_audio.c ****                     if (wValueHi == USB_SAMPLING_FREQ_CONTROL)
 268:Generated_Source\PSoC4/USB_audio.c ****                     {
 269:Generated_Source\PSoC4/USB_audio.c ****                          /* point Control Selector is Sampling Frequency */
ARM GAS  C:\Users\psmus\AppData\Local\Temp\ccXmhGNj.s 			page 7


 270:Generated_Source\PSoC4/USB_audio.c ****                         USB_currentTD.wCount = USB_SAMPLE_FREQ_LEN;
 271:Generated_Source\PSoC4/USB_audio.c ****                         USB_currentTD.pData  = USB_currentSampleFrequency[epNumber];
 272:Generated_Source\PSoC4/USB_audio.c ****                         USB_frequencyChanged = (uint8) epNumber;
 273:Generated_Source\PSoC4/USB_audio.c ****                         
 274:Generated_Source\PSoC4/USB_audio.c ****                         requestHandled   = USB_InitControlWrite();
 275:Generated_Source\PSoC4/USB_audio.c ****                     }
 276:Generated_Source\PSoC4/USB_audio.c ****                 #endif /* (USB_ENABLE_AUDIO_STREAMING) */
 277:Generated_Source\PSoC4/USB_audio.c **** 
 278:Generated_Source\PSoC4/USB_audio.c ****                     /* `#START AUDIO_SAMPLING_FREQ_REQUESTS` Place other request handler here */
 279:Generated_Source\PSoC4/USB_audio.c **** 
 280:Generated_Source\PSoC4/USB_audio.c ****                     /* `#END` */
 281:Generated_Source\PSoC4/USB_audio.c **** 
 282:Generated_Source\PSoC4/USB_audio.c ****                 #ifdef USB_DISPATCH_AUDIO_CLASS_AUDIO_SAMPLING_FREQ_REQUESTS_CALLBACK
 283:Generated_Source\PSoC4/USB_audio.c ****                     USB_DispatchAUDIOClass_AUDIO_SAMPLING_FREQ_REQUESTS_Callback();
 284:Generated_Source\PSoC4/USB_audio.c ****                 #endif /* (USB_DISPATCH_AUDIO_CLASS_AUDIO_SAMPLING_FREQ_REQUESTS_CALLBACK) */
 285:Generated_Source\PSoC4/USB_audio.c ****                     break;
 286:Generated_Source\PSoC4/USB_audio.c ****                 
 287:Generated_Source\PSoC4/USB_audio.c ****                 default:
 288:Generated_Source\PSoC4/USB_audio.c ****                     /* Do not handle this request. */
 289:Generated_Source\PSoC4/USB_audio.c ****                     break;
 290:Generated_Source\PSoC4/USB_audio.c ****             }
 291:Generated_Source\PSoC4/USB_audio.c ****         }
 292:Generated_Source\PSoC4/USB_audio.c ****         else if(USB_RQST_RCPT_IFC == RqstRcpt)
  74              		.loc 1 292 0
  75 002c 012B     		cmp	r3, #1
  76 002e 01D1     		bne	.L4
 293:Generated_Source\PSoC4/USB_audio.c ****         {
 294:Generated_Source\PSoC4/USB_audio.c ****             /* Request recipient is interface or entity ID. */
 295:Generated_Source\PSoC4/USB_audio.c ****             switch (USB_bRequestReg)
  77              		.loc 1 295 0
  78 0030 014B     		ldr	r3, .L6
  79              	.LVL8:
  80 0032 5B68     		ldr	r3, [r3, #4]
  81              	.L4:
 296:Generated_Source\PSoC4/USB_audio.c ****             {
 297:Generated_Source\PSoC4/USB_audio.c ****                 case USB_SET_CUR:
 298:Generated_Source\PSoC4/USB_audio.c ****                 #if defined(USB_ENABLE_AUDIO_STREAMING)
 299:Generated_Source\PSoC4/USB_audio.c ****                     if (wValueHi == USB_MUTE_CONTROL)
 300:Generated_Source\PSoC4/USB_audio.c ****                     {
 301:Generated_Source\PSoC4/USB_audio.c ****                         /* `#START MUTE_SET_REQUEST` Place multi-channel handler here */
 302:Generated_Source\PSoC4/USB_audio.c **** 
 303:Generated_Source\PSoC4/USB_audio.c ****                         /* `#END` */
 304:Generated_Source\PSoC4/USB_audio.c **** 
 305:Generated_Source\PSoC4/USB_audio.c ****                     #ifdef USB_DISPATCH_AUDIO_CLASS_MUTE_SET_REQUEST_CALLBACK
 306:Generated_Source\PSoC4/USB_audio.c ****                         USB_DispatchAUDIOClass_MUTE_SET_REQUEST_Callback();
 307:Generated_Source\PSoC4/USB_audio.c ****                     #endif /* (USB_DISPATCH_AUDIO_CLASS_MUTE_SET_REQUEST_CALLBACK) */
 308:Generated_Source\PSoC4/USB_audio.c **** 
 309:Generated_Source\PSoC4/USB_audio.c ****                         /* Entity ID Control Selector is MUTE */
 310:Generated_Source\PSoC4/USB_audio.c ****                         USB_currentTD.wCount = 1u;
 311:Generated_Source\PSoC4/USB_audio.c ****                         USB_currentTD.pData  = &USB_currentMute;
 312:Generated_Source\PSoC4/USB_audio.c ****                         
 313:Generated_Source\PSoC4/USB_audio.c ****                         requestHandled = USB_InitControlWrite();
 314:Generated_Source\PSoC4/USB_audio.c ****                     }
 315:Generated_Source\PSoC4/USB_audio.c ****                     else if (wValueHi == USB_VOLUME_CONTROL)
 316:Generated_Source\PSoC4/USB_audio.c ****                     {
 317:Generated_Source\PSoC4/USB_audio.c ****                         /* `#START VOLUME_CONTROL_SET_REQUEST` Place multi-channel handler here */
 318:Generated_Source\PSoC4/USB_audio.c **** 
ARM GAS  C:\Users\psmus\AppData\Local\Temp\ccXmhGNj.s 			page 8


 319:Generated_Source\PSoC4/USB_audio.c ****                         /* `#END` */
 320:Generated_Source\PSoC4/USB_audio.c **** 
 321:Generated_Source\PSoC4/USB_audio.c ****                     #ifdef USB_DISPATCH_AUDIO_CLASS_VOLUME_CONTROL_SET_REQUEST_CALLBACK
 322:Generated_Source\PSoC4/USB_audio.c ****                         USB_DispatchAUDIOClass_VOLUME_CONTROL_SET_REQUEST_Callback();
 323:Generated_Source\PSoC4/USB_audio.c ****                     #endif /* (USB_DISPATCH_AUDIO_CLASS_VOLUME_CONTROL_SET_REQUEST_CALLBACK) */
 324:Generated_Source\PSoC4/USB_audio.c **** 
 325:Generated_Source\PSoC4/USB_audio.c ****                         /* Entity ID Control Selector is VOLUME */
 326:Generated_Source\PSoC4/USB_audio.c ****                         USB_currentTD.wCount = USB_VOLUME_LEN;
 327:Generated_Source\PSoC4/USB_audio.c ****                         USB_currentTD.pData  = USB_currentVolume;
 328:Generated_Source\PSoC4/USB_audio.c ****                         
 329:Generated_Source\PSoC4/USB_audio.c ****                         requestHandled = USB_InitControlWrite();
 330:Generated_Source\PSoC4/USB_audio.c ****                     }
 331:Generated_Source\PSoC4/USB_audio.c ****                     else
 332:Generated_Source\PSoC4/USB_audio.c ****                     {
 333:Generated_Source\PSoC4/USB_audio.c ****                         /* `#START OTHER_SET_CUR_REQUESTS` Place other request handler here */
 334:Generated_Source\PSoC4/USB_audio.c **** 
 335:Generated_Source\PSoC4/USB_audio.c ****                         /* `#END` */
 336:Generated_Source\PSoC4/USB_audio.c **** 
 337:Generated_Source\PSoC4/USB_audio.c ****                     #ifdef USB_DISPATCH_AUDIO_CLASS_OTHER_SET_CUR_REQUESTS_CALLBACK
 338:Generated_Source\PSoC4/USB_audio.c ****                         USB_DispatchAUDIOClass_OTHER_SET_CUR_REQUESTS_Callback();
 339:Generated_Source\PSoC4/USB_audio.c ****                     #endif /* (USB_DISPATCH_AUDIO_CLASS_OTHER_SET_CUR_REQUESTS_CALLBACK) */
 340:Generated_Source\PSoC4/USB_audio.c ****                     }
 341:Generated_Source\PSoC4/USB_audio.c ****                 #endif /*  USB_ENABLE_AUDIO_STREAMING */
 342:Generated_Source\PSoC4/USB_audio.c ****                 
 343:Generated_Source\PSoC4/USB_audio.c ****                 
 344:Generated_Source\PSoC4/USB_audio.c ****                     /* `#START AUDIO_CONTROL_SEL_REQUESTS` Place other request handler here */
 345:Generated_Source\PSoC4/USB_audio.c **** 
 346:Generated_Source\PSoC4/USB_audio.c ****                     /* `#END` */
 347:Generated_Source\PSoC4/USB_audio.c ****                     
 348:Generated_Source\PSoC4/USB_audio.c ****                 #ifdef USB_DISPATCH_AUDIO_CLASS_AUDIO_CONTROL_SEL_REQUESTS_CALLBACK
 349:Generated_Source\PSoC4/USB_audio.c ****                     USB_DispatchAUDIOClass_AUDIO_CONTROL_SEL_REQUESTS_Callback();
 350:Generated_Source\PSoC4/USB_audio.c ****                 #endif /* (USB_DISPATCH_AUDIO_CLASS_AUDIO_CONTROL_SEL_REQUESTS_CALLBACK) */
 351:Generated_Source\PSoC4/USB_audio.c ****                 break;
 352:Generated_Source\PSoC4/USB_audio.c **** 
 353:Generated_Source\PSoC4/USB_audio.c ****                 default:
 354:Generated_Source\PSoC4/USB_audio.c ****                     /* Do not handle this request. */
 355:Generated_Source\PSoC4/USB_audio.c ****                 break;
 356:Generated_Source\PSoC4/USB_audio.c ****             }
 357:Generated_Source\PSoC4/USB_audio.c ****         }
 358:Generated_Source\PSoC4/USB_audio.c ****         else
 359:Generated_Source\PSoC4/USB_audio.c ****         {
 360:Generated_Source\PSoC4/USB_audio.c ****             /* Do not handle other requests recipients. */
 361:Generated_Source\PSoC4/USB_audio.c ****         }
 362:Generated_Source\PSoC4/USB_audio.c ****     }
 363:Generated_Source\PSoC4/USB_audio.c **** 
 364:Generated_Source\PSoC4/USB_audio.c ****     return (requestHandled);
 365:Generated_Source\PSoC4/USB_audio.c **** }
  82              		.loc 1 365 0
  83 0034 0020     		movs	r0, #0
  84              		@ sp needed
  85 0036 7047     		bx	lr
  86              	.L7:
  87              		.align	2
  88              	.L6:
  89 0038 00002C40 		.word	1076625408
  90              		.cfi_endproc
  91              	.LFE1:
ARM GAS  C:\Users\psmus\AppData\Local\Temp\ccXmhGNj.s 			page 9


  92              		.size	USB_DispatchAUDIOClassRqst, .-USB_DispatchAUDIOClassRqst
  93              		.text
  94              	.Letext0:
  95              		.file 2 "Generated_Source\\PSoC4\\cytypes.h"
  96              		.file 3 "Generated_Source\\PSoC4\\USB.h"
  97              		.section	.debug_info,"",%progbits
  98              	.Ldebug_info0:
  99 0000 04010000 		.4byte	0x104
 100 0004 0400     		.2byte	0x4
 101 0006 00000000 		.4byte	.Ldebug_abbrev0
 102 000a 04       		.byte	0x4
 103 000b 01       		.uleb128 0x1
 104 000c 14010000 		.4byte	.LASF19
 105 0010 0C       		.byte	0xc
 106 0011 29000000 		.4byte	.LASF20
 107 0015 C9000000 		.4byte	.LASF21
 108 0019 00000000 		.4byte	.Ldebug_ranges0+0
 109 001d 00000000 		.4byte	0
 110 0021 00000000 		.4byte	.Ldebug_line0
 111 0025 02       		.uleb128 0x2
 112 0026 01       		.byte	0x1
 113 0027 06       		.byte	0x6
 114 0028 B5010000 		.4byte	.LASF0
 115 002c 02       		.uleb128 0x2
 116 002d 01       		.byte	0x1
 117 002e 08       		.byte	0x8
 118 002f 90000000 		.4byte	.LASF1
 119 0033 02       		.uleb128 0x2
 120 0034 02       		.byte	0x2
 121 0035 05       		.byte	0x5
 122 0036 E8010000 		.4byte	.LASF2
 123 003a 02       		.uleb128 0x2
 124 003b 02       		.byte	0x2
 125 003c 07       		.byte	0x7
 126 003d A2010000 		.4byte	.LASF3
 127 0041 02       		.uleb128 0x2
 128 0042 04       		.byte	0x4
 129 0043 05       		.byte	0x5
 130 0044 AC000000 		.4byte	.LASF4
 131 0048 02       		.uleb128 0x2
 132 0049 04       		.byte	0x4
 133 004a 07       		.byte	0x7
 134 004b 52000000 		.4byte	.LASF5
 135 004f 02       		.uleb128 0x2
 136 0050 08       		.byte	0x8
 137 0051 05       		.byte	0x5
 138 0052 00000000 		.4byte	.LASF6
 139 0056 02       		.uleb128 0x2
 140 0057 08       		.byte	0x8
 141 0058 07       		.byte	0x7
 142 0059 73000000 		.4byte	.LASF7
 143 005d 03       		.uleb128 0x3
 144 005e 04       		.byte	0x4
 145 005f 05       		.byte	0x5
 146 0060 696E7400 		.ascii	"int\000"
 147 0064 02       		.uleb128 0x2
 148 0065 04       		.byte	0x4
ARM GAS  C:\Users\psmus\AppData\Local\Temp\ccXmhGNj.s 			page 10


 149 0066 07       		.byte	0x7
 150 0067 1C000000 		.4byte	.LASF8
 151 006b 04       		.uleb128 0x4
 152 006c 4C000000 		.4byte	.LASF9
 153 0070 02       		.byte	0x2
 154 0071 E401     		.2byte	0x1e4
 155 0073 2C000000 		.4byte	0x2c
 156 0077 04       		.uleb128 0x4
 157 0078 0E000000 		.4byte	.LASF10
 158 007c 02       		.byte	0x2
 159 007d E601     		.2byte	0x1e6
 160 007f 48000000 		.4byte	0x48
 161 0083 02       		.uleb128 0x2
 162 0084 04       		.byte	0x4
 163 0085 04       		.byte	0x4
 164 0086 8A000000 		.4byte	.LASF11
 165 008a 02       		.uleb128 0x2
 166 008b 08       		.byte	0x8
 167 008c 04       		.byte	0x4
 168 008d 0D010000 		.4byte	.LASF12
 169 0091 02       		.uleb128 0x2
 170 0092 01       		.byte	0x1
 171 0093 08       		.byte	0x8
 172 0094 9E000000 		.4byte	.LASF13
 173 0098 02       		.uleb128 0x2
 174 0099 08       		.byte	0x8
 175 009a 04       		.byte	0x4
 176 009b C1010000 		.4byte	.LASF14
 177 009f 02       		.uleb128 0x2
 178 00a0 04       		.byte	0x4
 179 00a1 07       		.byte	0x7
 180 00a2 F2010000 		.4byte	.LASF15
 181 00a6 05       		.uleb128 0x5
 182 00a7 20       		.byte	0x20
 183 00a8 03       		.byte	0x3
 184 00a9 C6       		.byte	0xc6
 185 00aa BB000000 		.4byte	0xbb
 186 00ae 06       		.uleb128 0x6
 187 00af 15000000 		.4byte	.LASF22
 188 00b3 03       		.byte	0x3
 189 00b4 C8       		.byte	0xc8
 190 00b5 BB000000 		.4byte	0xbb
 191 00b9 00       		.byte	0
 192 00ba 00       		.byte	0
 193 00bb 07       		.uleb128 0x7
 194 00bc 77000000 		.4byte	0x77
 195 00c0 CB000000 		.4byte	0xcb
 196 00c4 08       		.uleb128 0x8
 197 00c5 9F000000 		.4byte	0x9f
 198 00c9 07       		.byte	0x7
 199 00ca 00       		.byte	0
 200 00cb 09       		.uleb128 0x9
 201 00cc B5000000 		.4byte	.LASF16
 202 00d0 03       		.byte	0x3
 203 00d1 C9       		.byte	0xc9
 204 00d2 A6000000 		.4byte	0xa6
 205 00d6 0A       		.uleb128 0xa
ARM GAS  C:\Users\psmus\AppData\Local\Temp\ccXmhGNj.s 			page 11


 206 00d7 CD010000 		.4byte	.LASF23
 207 00db 01       		.byte	0x1
 208 00dc 5F       		.byte	0x5f
 209 00dd 6B000000 		.4byte	0x6b
 210 00e1 00000000 		.4byte	.LFB1
 211 00e5 3C000000 		.4byte	.LFE1-.LFB1
 212 00e9 01       		.uleb128 0x1
 213 00ea 9C       		.byte	0x9c
 214 00eb 0B       		.uleb128 0xb
 215 00ec 64000000 		.4byte	.LASF17
 216 00f0 01       		.byte	0x1
 217 00f1 61       		.byte	0x61
 218 00f2 6B000000 		.4byte	0x6b
 219 00f6 00       		.byte	0
 220 00f7 0C       		.uleb128 0xc
 221 00f8 A3000000 		.4byte	.LASF18
 222 00fc 01       		.byte	0x1
 223 00fd 63       		.byte	0x63
 224 00fe 6B000000 		.4byte	0x6b
 225 0102 00000000 		.4byte	.LLST0
 226 0106 00       		.byte	0
 227 0107 00       		.byte	0
 228              		.section	.debug_abbrev,"",%progbits
 229              	.Ldebug_abbrev0:
 230 0000 01       		.uleb128 0x1
 231 0001 11       		.uleb128 0x11
 232 0002 01       		.byte	0x1
 233 0003 25       		.uleb128 0x25
 234 0004 0E       		.uleb128 0xe
 235 0005 13       		.uleb128 0x13
 236 0006 0B       		.uleb128 0xb
 237 0007 03       		.uleb128 0x3
 238 0008 0E       		.uleb128 0xe
 239 0009 1B       		.uleb128 0x1b
 240 000a 0E       		.uleb128 0xe
 241 000b 55       		.uleb128 0x55
 242 000c 17       		.uleb128 0x17
 243 000d 11       		.uleb128 0x11
 244 000e 01       		.uleb128 0x1
 245 000f 10       		.uleb128 0x10
 246 0010 17       		.uleb128 0x17
 247 0011 00       		.byte	0
 248 0012 00       		.byte	0
 249 0013 02       		.uleb128 0x2
 250 0014 24       		.uleb128 0x24
 251 0015 00       		.byte	0
 252 0016 0B       		.uleb128 0xb
 253 0017 0B       		.uleb128 0xb
 254 0018 3E       		.uleb128 0x3e
 255 0019 0B       		.uleb128 0xb
 256 001a 03       		.uleb128 0x3
 257 001b 0E       		.uleb128 0xe
 258 001c 00       		.byte	0
 259 001d 00       		.byte	0
 260 001e 03       		.uleb128 0x3
 261 001f 24       		.uleb128 0x24
 262 0020 00       		.byte	0
ARM GAS  C:\Users\psmus\AppData\Local\Temp\ccXmhGNj.s 			page 12


 263 0021 0B       		.uleb128 0xb
 264 0022 0B       		.uleb128 0xb
 265 0023 3E       		.uleb128 0x3e
 266 0024 0B       		.uleb128 0xb
 267 0025 03       		.uleb128 0x3
 268 0026 08       		.uleb128 0x8
 269 0027 00       		.byte	0
 270 0028 00       		.byte	0
 271 0029 04       		.uleb128 0x4
 272 002a 16       		.uleb128 0x16
 273 002b 00       		.byte	0
 274 002c 03       		.uleb128 0x3
 275 002d 0E       		.uleb128 0xe
 276 002e 3A       		.uleb128 0x3a
 277 002f 0B       		.uleb128 0xb
 278 0030 3B       		.uleb128 0x3b
 279 0031 05       		.uleb128 0x5
 280 0032 49       		.uleb128 0x49
 281 0033 13       		.uleb128 0x13
 282 0034 00       		.byte	0
 283 0035 00       		.byte	0
 284 0036 05       		.uleb128 0x5
 285 0037 13       		.uleb128 0x13
 286 0038 01       		.byte	0x1
 287 0039 0B       		.uleb128 0xb
 288 003a 0B       		.uleb128 0xb
 289 003b 3A       		.uleb128 0x3a
 290 003c 0B       		.uleb128 0xb
 291 003d 3B       		.uleb128 0x3b
 292 003e 0B       		.uleb128 0xb
 293 003f 01       		.uleb128 0x1
 294 0040 13       		.uleb128 0x13
 295 0041 00       		.byte	0
 296 0042 00       		.byte	0
 297 0043 06       		.uleb128 0x6
 298 0044 0D       		.uleb128 0xd
 299 0045 00       		.byte	0
 300 0046 03       		.uleb128 0x3
 301 0047 0E       		.uleb128 0xe
 302 0048 3A       		.uleb128 0x3a
 303 0049 0B       		.uleb128 0xb
 304 004a 3B       		.uleb128 0x3b
 305 004b 0B       		.uleb128 0xb
 306 004c 49       		.uleb128 0x49
 307 004d 13       		.uleb128 0x13
 308 004e 38       		.uleb128 0x38
 309 004f 0B       		.uleb128 0xb
 310 0050 00       		.byte	0
 311 0051 00       		.byte	0
 312 0052 07       		.uleb128 0x7
 313 0053 01       		.uleb128 0x1
 314 0054 01       		.byte	0x1
 315 0055 49       		.uleb128 0x49
 316 0056 13       		.uleb128 0x13
 317 0057 01       		.uleb128 0x1
 318 0058 13       		.uleb128 0x13
 319 0059 00       		.byte	0
ARM GAS  C:\Users\psmus\AppData\Local\Temp\ccXmhGNj.s 			page 13


 320 005a 00       		.byte	0
 321 005b 08       		.uleb128 0x8
 322 005c 21       		.uleb128 0x21
 323 005d 00       		.byte	0
 324 005e 49       		.uleb128 0x49
 325 005f 13       		.uleb128 0x13
 326 0060 2F       		.uleb128 0x2f
 327 0061 0B       		.uleb128 0xb
 328 0062 00       		.byte	0
 329 0063 00       		.byte	0
 330 0064 09       		.uleb128 0x9
 331 0065 16       		.uleb128 0x16
 332 0066 00       		.byte	0
 333 0067 03       		.uleb128 0x3
 334 0068 0E       		.uleb128 0xe
 335 0069 3A       		.uleb128 0x3a
 336 006a 0B       		.uleb128 0xb
 337 006b 3B       		.uleb128 0x3b
 338 006c 0B       		.uleb128 0xb
 339 006d 49       		.uleb128 0x49
 340 006e 13       		.uleb128 0x13
 341 006f 00       		.byte	0
 342 0070 00       		.byte	0
 343 0071 0A       		.uleb128 0xa
 344 0072 2E       		.uleb128 0x2e
 345 0073 01       		.byte	0x1
 346 0074 3F       		.uleb128 0x3f
 347 0075 19       		.uleb128 0x19
 348 0076 03       		.uleb128 0x3
 349 0077 0E       		.uleb128 0xe
 350 0078 3A       		.uleb128 0x3a
 351 0079 0B       		.uleb128 0xb
 352 007a 3B       		.uleb128 0x3b
 353 007b 0B       		.uleb128 0xb
 354 007c 27       		.uleb128 0x27
 355 007d 19       		.uleb128 0x19
 356 007e 49       		.uleb128 0x49
 357 007f 13       		.uleb128 0x13
 358 0080 11       		.uleb128 0x11
 359 0081 01       		.uleb128 0x1
 360 0082 12       		.uleb128 0x12
 361 0083 06       		.uleb128 0x6
 362 0084 40       		.uleb128 0x40
 363 0085 18       		.uleb128 0x18
 364 0086 9742     		.uleb128 0x2117
 365 0088 19       		.uleb128 0x19
 366 0089 00       		.byte	0
 367 008a 00       		.byte	0
 368 008b 0B       		.uleb128 0xb
 369 008c 34       		.uleb128 0x34
 370 008d 00       		.byte	0
 371 008e 03       		.uleb128 0x3
 372 008f 0E       		.uleb128 0xe
 373 0090 3A       		.uleb128 0x3a
 374 0091 0B       		.uleb128 0xb
 375 0092 3B       		.uleb128 0x3b
 376 0093 0B       		.uleb128 0xb
ARM GAS  C:\Users\psmus\AppData\Local\Temp\ccXmhGNj.s 			page 14


 377 0094 49       		.uleb128 0x49
 378 0095 13       		.uleb128 0x13
 379 0096 1C       		.uleb128 0x1c
 380 0097 0B       		.uleb128 0xb
 381 0098 00       		.byte	0
 382 0099 00       		.byte	0
 383 009a 0C       		.uleb128 0xc
 384 009b 34       		.uleb128 0x34
 385 009c 00       		.byte	0
 386 009d 03       		.uleb128 0x3
 387 009e 0E       		.uleb128 0xe
 388 009f 3A       		.uleb128 0x3a
 389 00a0 0B       		.uleb128 0xb
 390 00a1 3B       		.uleb128 0x3b
 391 00a2 0B       		.uleb128 0xb
 392 00a3 49       		.uleb128 0x49
 393 00a4 13       		.uleb128 0x13
 394 00a5 02       		.uleb128 0x2
 395 00a6 17       		.uleb128 0x17
 396 00a7 00       		.byte	0
 397 00a8 00       		.byte	0
 398 00a9 00       		.byte	0
 399              		.section	.debug_loc,"",%progbits
 400              	.Ldebug_loc0:
 401              	.LLST0:
 402 0000 08000000 		.4byte	.LVL1
 403 0004 14000000 		.4byte	.LVL2
 404 0008 0100     		.2byte	0x1
 405 000a 53       		.byte	0x53
 406 000b 14000000 		.4byte	.LVL2
 407 000f 18000000 		.4byte	.LVL3
 408 0013 0500     		.2byte	0x5
 409 0015 71       		.byte	0x71
 410 0016 00       		.sleb128 0
 411 0017 33       		.byte	0x33
 412 0018 1A       		.byte	0x1a
 413 0019 9F       		.byte	0x9f
 414 001a 18000000 		.4byte	.LVL3
 415 001e 1E000000 		.4byte	.LVL4
 416 0022 0100     		.2byte	0x1
 417 0024 53       		.byte	0x53
 418 0025 1E000000 		.4byte	.LVL4
 419 0029 22000000 		.4byte	.LVL5
 420 002d 0500     		.2byte	0x5
 421 002f 71       		.byte	0x71
 422 0030 00       		.sleb128 0
 423 0031 33       		.byte	0x33
 424 0032 1A       		.byte	0x1a
 425 0033 9F       		.byte	0x9f
 426 0034 22000000 		.4byte	.LVL5
 427 0038 28000000 		.4byte	.LVL6
 428 003c 0100     		.2byte	0x1
 429 003e 53       		.byte	0x53
 430 003f 28000000 		.4byte	.LVL6
 431 0043 2C000000 		.4byte	.LVL7
 432 0047 0500     		.2byte	0x5
 433 0049 71       		.byte	0x71
ARM GAS  C:\Users\psmus\AppData\Local\Temp\ccXmhGNj.s 			page 15


 434 004a 00       		.sleb128 0
 435 004b 33       		.byte	0x33
 436 004c 1A       		.byte	0x1a
 437 004d 9F       		.byte	0x9f
 438 004e 2C000000 		.4byte	.LVL7
 439 0052 32000000 		.4byte	.LVL8
 440 0056 0100     		.2byte	0x1
 441 0058 53       		.byte	0x53
 442 0059 32000000 		.4byte	.LVL8
 443 005d 3C000000 		.4byte	.LFE1
 444 0061 0500     		.2byte	0x5
 445 0063 71       		.byte	0x71
 446 0064 00       		.sleb128 0
 447 0065 33       		.byte	0x33
 448 0066 1A       		.byte	0x1a
 449 0067 9F       		.byte	0x9f
 450 0068 00000000 		.4byte	0
 451 006c 00000000 		.4byte	0
 452              		.section	.debug_aranges,"",%progbits
 453 0000 1C000000 		.4byte	0x1c
 454 0004 0200     		.2byte	0x2
 455 0006 00000000 		.4byte	.Ldebug_info0
 456 000a 04       		.byte	0x4
 457 000b 00       		.byte	0
 458 000c 0000     		.2byte	0
 459 000e 0000     		.2byte	0
 460 0010 00000000 		.4byte	.LFB1
 461 0014 3C000000 		.4byte	.LFE1-.LFB1
 462 0018 00000000 		.4byte	0
 463 001c 00000000 		.4byte	0
 464              		.section	.debug_ranges,"",%progbits
 465              	.Ldebug_ranges0:
 466 0000 00000000 		.4byte	.LFB1
 467 0004 3C000000 		.4byte	.LFE1
 468 0008 00000000 		.4byte	0
 469 000c 00000000 		.4byte	0
 470              		.section	.debug_line,"",%progbits
 471              	.Ldebug_line0:
 472 0000 7A000000 		.section	.debug_str,"MS",%progbits,1
 472      02004F00 
 472      00000201 
 472      FB0E0D00 
 472      01010101 
 473              	.LASF6:
 474 0000 6C6F6E67 		.ascii	"long long int\000"
 474      206C6F6E 
 474      6720696E 
 474      7400
 475              	.LASF10:
 476 000e 75696E74 		.ascii	"uint32\000"
 476      333200
 477              	.LASF22:
 478 0015 65704461 		.ascii	"epData\000"
 478      746100
 479              	.LASF8:
 480 001c 756E7369 		.ascii	"unsigned int\000"
 480      676E6564 
ARM GAS  C:\Users\psmus\AppData\Local\Temp\ccXmhGNj.s 			page 16


 480      20696E74 
 480      00
 481              	.LASF20:
 482 0029 47656E65 		.ascii	"Generated_Source\\PSoC4\\USB_audio.c\000"
 482      72617465 
 482      645F536F 
 482      75726365 
 482      5C50536F 
 483              	.LASF9:
 484 004c 75696E74 		.ascii	"uint8\000"
 484      3800
 485              	.LASF5:
 486 0052 6C6F6E67 		.ascii	"long unsigned int\000"
 486      20756E73 
 486      69676E65 
 486      6420696E 
 486      7400
 487              	.LASF17:
 488 0064 72657175 		.ascii	"requestHandled\000"
 488      65737448 
 488      616E646C 
 488      656400
 489              	.LASF7:
 490 0073 6C6F6E67 		.ascii	"long long unsigned int\000"
 490      206C6F6E 
 490      6720756E 
 490      7369676E 
 490      65642069 
 491              	.LASF11:
 492 008a 666C6F61 		.ascii	"float\000"
 492      7400
 493              	.LASF1:
 494 0090 756E7369 		.ascii	"unsigned char\000"
 494      676E6564 
 494      20636861 
 494      7200
 495              	.LASF13:
 496 009e 63686172 		.ascii	"char\000"
 496      00
 497              	.LASF18:
 498 00a3 52717374 		.ascii	"RqstRcpt\000"
 498      52637074 
 498      00
 499              	.LASF4:
 500 00ac 6C6F6E67 		.ascii	"long int\000"
 500      20696E74 
 500      00
 501              	.LASF16:
 502 00b5 5553425F 		.ascii	"USB_ep0_data_struct\000"
 502      6570305F 
 502      64617461 
 502      5F737472 
 502      75637400 
 503              	.LASF21:
 504 00c9 453A5C44 		.ascii	"E:\\Documents\\Engineering\\Code\\synth-wavetable\\"
 504      6F63756D 
 504      656E7473 
ARM GAS  C:\Users\psmus\AppData\Local\Temp\ccXmhGNj.s 			page 17


 504      5C456E67 
 504      696E6565 
 505 00f7 73796E74 		.ascii	"synth-wavetable.cydsn\000"
 505      682D7761 
 505      76657461 
 505      626C652E 
 505      63796473 
 506              	.LASF12:
 507 010d 646F7562 		.ascii	"double\000"
 507      6C6500
 508              	.LASF19:
 509 0114 474E5520 		.ascii	"GNU C11 5.4.1 20160609 (release) [ARM/embedded-5-br"
 509      43313120 
 509      352E342E 
 509      31203230 
 509      31363036 
 510 0147 616E6368 		.ascii	"anch revision 237715] -mcpu=cortex-m0 -mthumb -g -O"
 510      20726576 
 510      6973696F 
 510      6E203233 
 510      37373135 
 511 017a 67202D66 		.ascii	"g -ffunction-sections -ffat-lto-objects\000"
 511      66756E63 
 511      74696F6E 
 511      2D736563 
 511      74696F6E 
 512              	.LASF3:
 513 01a2 73686F72 		.ascii	"short unsigned int\000"
 513      7420756E 
 513      7369676E 
 513      65642069 
 513      6E7400
 514              	.LASF0:
 515 01b5 7369676E 		.ascii	"signed char\000"
 515      65642063 
 515      68617200 
 516              	.LASF14:
 517 01c1 6C6F6E67 		.ascii	"long double\000"
 517      20646F75 
 517      626C6500 
 518              	.LASF23:
 519 01cd 5553425F 		.ascii	"USB_DispatchAUDIOClassRqst\000"
 519      44697370 
 519      61746368 
 519      41554449 
 519      4F436C61 
 520              	.LASF2:
 521 01e8 73686F72 		.ascii	"short int\000"
 521      7420696E 
 521      7400
 522              	.LASF15:
 523 01f2 73697A65 		.ascii	"sizetype\000"
 523      74797065 
 523      00
 524              		.ident	"GCC: (GNU Tools for ARM Embedded Processors) 5.4.1 20160609 (release) [ARM/embedded-5-bran
