Archive member included to satisfy reference by file (symbol)

/usr/lib/gcc/arm-none-eabi/6.3.1/../../../arm-none-eabi/lib/thumb/v7e-m/fpv4-sp/hard/libc_nano.a(lib_a-atexit.o)
                              /usr/lib/gcc/arm-none-eabi/6.3.1/../../../arm-none-eabi/lib/thumb/v7e-m/fpv4-sp/hard/crt0.o (atexit)
/usr/lib/gcc/arm-none-eabi/6.3.1/../../../arm-none-eabi/lib/thumb/v7e-m/fpv4-sp/hard/libc_nano.a(lib_a-exit.o)
                              /usr/lib/gcc/arm-none-eabi/6.3.1/../../../arm-none-eabi/lib/thumb/v7e-m/fpv4-sp/hard/crt0.o (exit)
/usr/lib/gcc/arm-none-eabi/6.3.1/../../../arm-none-eabi/lib/thumb/v7e-m/fpv4-sp/hard/libc_nano.a(lib_a-fini.o)
                              /usr/lib/gcc/arm-none-eabi/6.3.1/../../../arm-none-eabi/lib/thumb/v7e-m/fpv4-sp/hard/crt0.o (__libc_fini_array)
/usr/lib/gcc/arm-none-eabi/6.3.1/../../../arm-none-eabi/lib/thumb/v7e-m/fpv4-sp/hard/libc_nano.a(lib_a-impure.o)
                              /usr/lib/gcc/arm-none-eabi/6.3.1/../../../arm-none-eabi/lib/thumb/v7e-m/fpv4-sp/hard/libc_nano.a(lib_a-exit.o) (_global_impure_ptr)
/usr/lib/gcc/arm-none-eabi/6.3.1/../../../arm-none-eabi/lib/thumb/v7e-m/fpv4-sp/hard/libc_nano.a(lib_a-init.o)
                              /usr/lib/gcc/arm-none-eabi/6.3.1/../../../arm-none-eabi/lib/thumb/v7e-m/fpv4-sp/hard/crt0.o (__libc_init_array)
/usr/lib/gcc/arm-none-eabi/6.3.1/../../../arm-none-eabi/lib/thumb/v7e-m/fpv4-sp/hard/libc_nano.a(lib_a-memset.o)
                              /usr/lib/gcc/arm-none-eabi/6.3.1/../../../arm-none-eabi/lib/thumb/v7e-m/fpv4-sp/hard/crt0.o (memset)
/usr/lib/gcc/arm-none-eabi/6.3.1/../../../arm-none-eabi/lib/thumb/v7e-m/fpv4-sp/hard/libc_nano.a(lib_a-__atexit.o)
                              /usr/lib/gcc/arm-none-eabi/6.3.1/../../../arm-none-eabi/lib/thumb/v7e-m/fpv4-sp/hard/libc_nano.a(lib_a-atexit.o) (__register_exitproc)
/usr/lib/gcc/arm-none-eabi/6.3.1/../../../arm-none-eabi/lib/thumb/v7e-m/fpv4-sp/hard/libc_nano.a(lib_a-__call_atexit.o)
                              /usr/lib/gcc/arm-none-eabi/6.3.1/../../../arm-none-eabi/lib/thumb/v7e-m/fpv4-sp/hard/libc_nano.a(lib_a-__atexit.o) (__call_exitprocs)
/usr/lib/gcc/arm-none-eabi/6.3.1/../../../arm-none-eabi/lib/thumb/v7e-m/fpv4-sp/hard/libm.a(lib_a-s_sin.o)
                              build/waves.o (sin)
/usr/lib/gcc/arm-none-eabi/6.3.1/../../../arm-none-eabi/lib/thumb/v7e-m/fpv4-sp/hard/libm.a(lib_a-e_rem_pio2.o)
                              /usr/lib/gcc/arm-none-eabi/6.3.1/../../../arm-none-eabi/lib/thumb/v7e-m/fpv4-sp/hard/libm.a(lib_a-s_sin.o) (__ieee754_rem_pio2)
/usr/lib/gcc/arm-none-eabi/6.3.1/../../../arm-none-eabi/lib/thumb/v7e-m/fpv4-sp/hard/libm.a(lib_a-k_cos.o)
                              /usr/lib/gcc/arm-none-eabi/6.3.1/../../../arm-none-eabi/lib/thumb/v7e-m/fpv4-sp/hard/libm.a(lib_a-s_sin.o) (__kernel_cos)
/usr/lib/gcc/arm-none-eabi/6.3.1/../../../arm-none-eabi/lib/thumb/v7e-m/fpv4-sp/hard/libm.a(lib_a-k_rem_pio2.o)
                              /usr/lib/gcc/arm-none-eabi/6.3.1/../../../arm-none-eabi/lib/thumb/v7e-m/fpv4-sp/hard/libm.a(lib_a-e_rem_pio2.o) (__kernel_rem_pio2)
/usr/lib/gcc/arm-none-eabi/6.3.1/../../../arm-none-eabi/lib/thumb/v7e-m/fpv4-sp/hard/libm.a(lib_a-k_sin.o)
                              /usr/lib/gcc/arm-none-eabi/6.3.1/../../../arm-none-eabi/lib/thumb/v7e-m/fpv4-sp/hard/libm.a(lib_a-s_sin.o) (__kernel_sin)
/usr/lib/gcc/arm-none-eabi/6.3.1/../../../arm-none-eabi/lib/thumb/v7e-m/fpv4-sp/hard/libm.a(lib_a-s_fabs.o)
                              /usr/lib/gcc/arm-none-eabi/6.3.1/../../../arm-none-eabi/lib/thumb/v7e-m/fpv4-sp/hard/libm.a(lib_a-e_rem_pio2.o) (fabs)
/usr/lib/gcc/arm-none-eabi/6.3.1/../../../arm-none-eabi/lib/thumb/v7e-m/fpv4-sp/hard/libm.a(lib_a-s_floor.o)
                              /usr/lib/gcc/arm-none-eabi/6.3.1/../../../arm-none-eabi/lib/thumb/v7e-m/fpv4-sp/hard/libm.a(lib_a-k_rem_pio2.o) (floor)
/usr/lib/gcc/arm-none-eabi/6.3.1/../../../arm-none-eabi/lib/thumb/v7e-m/fpv4-sp/hard/libm.a(lib_a-s_scalbn.o)
                              /usr/lib/gcc/arm-none-eabi/6.3.1/../../../arm-none-eabi/lib/thumb/v7e-m/fpv4-sp/hard/libm.a(lib_a-k_rem_pio2.o) (scalbn)
/usr/lib/gcc/arm-none-eabi/6.3.1/../../../arm-none-eabi/lib/thumb/v7e-m/fpv4-sp/hard/libm.a(lib_a-s_copysign.o)
                              /usr/lib/gcc/arm-none-eabi/6.3.1/../../../arm-none-eabi/lib/thumb/v7e-m/fpv4-sp/hard/libm.a(lib_a-s_scalbn.o) (copysign)
/usr/lib/gcc/arm-none-eabi/6.3.1/../../../arm-none-eabi/lib/thumb/v7e-m/fpv4-sp/hard/libnosys.a(_exit.o)
                              /usr/lib/gcc/arm-none-eabi/6.3.1/../../../arm-none-eabi/lib/thumb/v7e-m/fpv4-sp/hard/libc_nano.a(lib_a-exit.o) (_exit)
/usr/lib/gcc/arm-none-eabi/6.3.1/thumb/v7e-m/fpv4-sp/hard/libgcc.a(_arm_addsubdf3.o)
                              /usr/lib/gcc/arm-none-eabi/6.3.1/../../../arm-none-eabi/lib/thumb/v7e-m/fpv4-sp/hard/libm.a(lib_a-s_sin.o) (__aeabi_dsub)
/usr/lib/gcc/arm-none-eabi/6.3.1/thumb/v7e-m/fpv4-sp/hard/libgcc.a(_arm_muldivdf3.o)
[...]
Memory Configuration

Name             Origin             Length             Attributes
RAM              0x0000000020000000 0x0000000000030000 xrw
CCMRAM           0x0000000010000000 0x0000000000010000 rw
FLASH            0x0000000008000000 0x0000000000200000 xr
*default*        0x0000000000000000 0xffffffffffffffff

Linker script and memory map

LOAD /usr/lib/gcc/arm-none-eabi/6.3.1/thumb/v7e-m/fpv4-sp/hard/crti.o
LOAD /usr/lib/gcc/arm-none-eabi/6.3.1/thumb/v7e-m/fpv4-sp/hard/crtbegin.o
LOAD /usr/lib/gcc/arm-none-eabi/6.3.1/../../../arm-none-eabi/lib/thumb/v7e-m/fpv4-sp/hard/crt0.o
LOAD build/main.o
LOAD build/waves.o
LOAD build/midi.o
LOAD build/stm32f4xx_it.o
LOAD build/stm32f4xx_hal_msp.o
LOAD build/stm32f4xx_hal_spi.o
LOAD build/stm32f4xx_hal_tim.o
LOAD build/stm32f4xx_hal_tim_ex.o
LOAD build/stm32f4xx_hal_uart.o
LOAD build/stm32f4xx_hal_rcc.o
LOAD build/stm32f4xx_hal_rcc_ex.o
LOAD build/stm32f4xx_hal_flash.o
LOAD build/stm32f4xx_hal_flash_ex.o
LOAD build/stm32f4xx_hal_flash_ramfunc.o
LOAD build/stm32f4xx_hal_gpio.o
LOAD build/stm32f4xx_hal_dma_ex.o
LOAD build/stm32f4xx_hal_dma.o
LOAD build/stm32f4xx_hal_pwr.o
LOAD build/stm32f4xx_hal_pwr_ex.o
LOAD build/stm32f4xx_hal_cortex.o
LOAD build/stm32f4xx_hal.o
LOAD build/stm32f4xx_hal_exti.o
LOAD build/system_stm32f4xx.o
LOAD build/startup_stm32f429xx.o
LOAD /usr/lib/gcc/arm-none-eabi/6.3.1/../../../arm-none-eabi/lib/thumb/v7e-m/fpv4-sp/hard/libc_nano.a
LOAD /usr/lib/gcc/arm-none-eabi/6.3.1/../../../arm-none-eabi/lib/thumb/v7e-m/fpv4-sp/hard/libm.a
LOAD /usr/lib/gcc/arm-none-eabi/6.3.1/../../../arm-none-eabi/lib/thumb/v7e-m/fpv4-sp/hard/libnosys.a
START GROUP
LOAD /usr/lib/gcc/arm-none-eabi/6.3.1/thumb/v7e-m/fpv4-sp/hard/libgcc.a
LOAD /usr/lib/gcc/arm-none-eabi/6.3.1/../../../arm-none-eabi/lib/thumb/v7e-m/fpv4-sp/hard/libc_nano.a
END GROUP
START GROUP
LOAD /usr/lib/gcc/arm-none-eabi/6.3.1/thumb/v7e-m/fpv4-sp/hard/libgcc.a
LOAD /usr/lib/gcc/arm-none-eabi/6.3.1/../../../arm-none-eabi/lib/thumb/v7e-m/fpv4-sp/hard/libc_nano.a
END GROUP
LOAD /usr/lib/gcc/arm-none-eabi/6.3.1/thumb/v7e-m/fpv4-sp/hard/crtend.o
LOAD /usr/lib/gcc/arm-none-eabi/6.3.1/thumb/v7e-m/fpv4-sp/hard/crtn.o
                0x0000000020030000                _estack = 0x20030000
                0x0000000000000200                _Min_Heap_Size = 0x200
                0x0000000000000400                _Min_Stack_Size = 0x400

.isr_vector     0x0000000008000000      0x1ac
                0x0000000008000000                . = ALIGN (0x4)
 *(.isr_vector)
 .isr_vector    0x0000000008000000      0x1ac build/startup_stm32f429xx.o
                0x0000000008000000                g_pfnVectors
                0x00000000080001ac                . = ALIGN (0x4)

.text           0x00000000080001b0     0x41b4
                0x00000000080001b0                . = ALIGN (0x4)
 *(.text)
 .text          0x00000000080001b0       0xa4 /usr/lib/gcc/arm-none-eabi/6.3.1/thumb/v7e-m/fpv4-sp/hard/crtbegin.o
 .text          0x0000000008000254       0x50 /usr/lib/gcc/arm-none-eabi/6.3.1/../../../arm-none-eabi/lib/thumb/v7e-m/fpv4-sp/hard/libc_nano.a(lib_a-init.o)
                0x0000000008000254                __libc_init_array
 .text          0x00000000080002a4       0x9c /usr/lib/gcc/arm-none-eabi/6.3.1/../../../arm-none-eabi/lib/thumb/v7e-m/fpv4-sp/hard/libc_nano.a(lib_a-memset.o)
                0x00000000080002a4                memset
 .text          0x0000000008000340       0xc0 /usr/lib/gcc/arm-none-eabi/6.3.1/../../../arm-none-eabi/lib/thumb/v7e-m/fpv4-sp/hard/libm.a(lib_a-s_sin.o)
                0x0000000008000340                sin
 .text          0x0000000008000400      0x44c /usr/lib/gcc/arm-none-eabi/6.3.1/../../../arm-none-eabi/lib/thumb/v7e-m/fpv4-sp/hard/libm.a(lib_a-e_rem_pio2.o)
                0x0000000008000400                __ieee754_rem_pio2
 *fill*         0x000000000800084c        0x4 
 .text          0x0000000008000850      0x284 /usr/lib/gcc/arm-none-eabi/6.3.1/../../../arm-none-eabi/lib/thumb/v7e-m/fpv4-sp/hard/libm.a(lib_a-k_cos.o)
                0x0000000008000850                __kernel_cos
 *fill*         0x0000000008000ad4        0x4 
 .text          0x0000000008000ad8      0x870 /usr/lib/gcc/arm-none-eabi/6.3.1/../../../arm-none-eabi/lib/thumb/v7e-m/fpv4-sp/hard/libm.a(lib_a-k_rem_pio2.o)
                0x0000000008000ad8                __kernel_rem_pio2
 .text          0x0000000008001348      0x194 /usr/lib/gcc/arm-none-eabi/6.3.1/../../../arm-none-eabi/lib/thumb/v7e-m/fpv4-sp/hard/libm.a(lib_a-k_sin.o)
                0x0000000008001348                __kernel_sin
 .text          0x00000000080014dc       0x10 /usr/lib/gcc/arm-none-eabi/6.3.1/../../../arm-none-eabi/lib/thumb/v7e-m/fpv4-sp/hard/libm.a(lib_a-s_fabs.o)
                0x00000000080014dc                fabs
 *fill*         0x00000000080014ec        0x4 
 .text          0x00000000080014f0      0x120 /usr/lib/gcc/arm-none-eabi/6.3.1/../../../arm-none-eabi/lib/thumb/v7e-m/fpv4-sp/hard/libm.a(lib_a-s_floor.o)
                0x00000000080014f0                floor
 .text          0x0000000008001610      0x10c /usr/lib/gcc/arm-none-eabi/6.3.1/../../../arm-none-eabi/lib/thumb/v7e-m/fpv4-sp/hard/libm.a(lib_a-s_scalbn.o)
                0x0000000008001610                scalbn
 .text          0x000000000800171c       0x1c /usr/lib/gcc/arm-none-eabi/6.3.1/../../../arm-none-eabi/lib/thumb/v7e-m/fpv4-sp/hard/libm.a(lib_a-s_copysign.o)
                0x000000000800171c                copysign
 .text          0x0000000008001738      0x370 /usr/lib/gcc/arm-none-eabi/6.3.1/thumb/v7e-m/fpv4-sp/hard/libgcc.a(_arm_addsubdf3.o)
                0x0000000008001738                __aeabi_drsub
                0x0000000008001740                __aeabi_dsub
                0x0000000008001740                __subdf3
                0x0000000008001744                __adddf3
                0x0000000008001744                __aeabi_dadd
                0x00000000080019bc                __aeabi_ui2d
                0x00000000080019bc                __floatunsidf
                0x00000000080019dc                __floatsidf
                0x00000000080019dc                __aeabi_i2d
                0x0000000008001a00                __extendsfdf2
                0x0000000008001a00                __aeabi_f2d
                0x0000000008001a3c                __aeabi_ul2d
                0x0000000008001a3c                __floatundidf
                0x0000000008001a4c                __floatdidf
                0x0000000008001a4c                __aeabi_l2d
 .text          0x0000000008001aa8      0x424 /usr/lib/gcc/arm-none-eabi/6.3.1/thumb/v7e-m/fpv4-sp/hard/libgcc.a(_arm_muldivdf3.o)
                0x0000000008001aa8                __aeabi_dmul
                0x0000000008001aa8                __muldf3
                0x0000000008001cfc                __aeabi_ddiv
                0x0000000008001cfc                __divdf3
 .text          0x0000000008001ecc      0x110 /usr/lib/gcc/arm-none-eabi/6.3.1/thumb/v7e-m/fpv4-sp/hard/libgcc.a(_arm_cmpdf2.o)
                0x0000000008001ecc                __gtdf2
                0x0000000008001ecc                __gedf2
                0x0000000008001ed4                __ltdf2
                0x0000000008001ed4                __ledf2
                0x0000000008001edc                __cmpdf2
                0x0000000008001edc                __eqdf2
                0x0000000008001edc                __nedf2
                0x0000000008001f58                __aeabi_cdrcmple
                0x0000000008001f68                __aeabi_cdcmple
                0x0000000008001f68                __aeabi_cdcmpeq
                0x0000000008001f78                __aeabi_dcmpeq
                0x0000000008001f8c                __aeabi_dcmplt
                0x0000000008001fa0                __aeabi_dcmple
                0x0000000008001fb4                __aeabi_dcmpge
                0x0000000008001fc8                __aeabi_dcmpgt
 .text          0x0000000008001fdc       0x50 /usr/lib/gcc/arm-none-eabi/6.3.1/thumb/v7e-m/fpv4-sp/hard/libgcc.a(_arm_fixdfsi.o)
                0x0000000008001fdc                __fixdfsi
                0x0000000008001fdc                __aeabi_d2iz
 .text          0x000000000800202c       0x40 /usr/lib/gcc/arm-none-eabi/6.3.1/thumb/v7e-m/fpv4-sp/hard/libgcc.a(_arm_fixunsdfsi.o)
                0x000000000800202c                __fixunsdfsi
                0x000000000800202c                __aeabi_d2uiz
 .text          0x000000000800206c       0x30 /usr/lib/gcc/arm-none-eabi/6.3.1/thumb/v7e-m/fpv4-sp/hard/libgcc.a(_aeabi_uldivmod.o)
                0x000000000800206c                __aeabi_uldivmod
 .text          0x000000000800209c      0x2dc /usr/lib/gcc/arm-none-eabi/6.3.1/thumb/v7e-m/fpv4-sp/hard/libgcc.a(_udivmoddi4.o)
                0x000000000800209c                __udivmoddi4
 .text          0x0000000008002378        0x4 /usr/lib/gcc/arm-none-eabi/6.3.1/thumb/v7e-m/fpv4-sp/hard/libgcc.a(_dvmd_tls.o)
                0x0000000008002378                __aeabi_ldiv0
                0x0000000008002378                __aeabi_idiv0
 *(.text*)
 .text.MX_GPIO_Init
                0x000000000800237c      0x3b8 build/main.o
 .text.MX_SPI5_Init
                0x0000000008002734       0x34 build/main.o
 .text.MX_USART1_UART_Init
                0x0000000008002768       0x2c build/main.o
 .text.MX_TIM6_Init
                0x0000000008002794       0x38 build/main.o
 .text.SystemClock_Config
                0x00000000080027cc       0x98 build/main.o
                0x00000000080027cc                SystemClock_Config
 .text.HAL_SPI_TxRxCpltCallback
                0x0000000008002864       0x24 build/main.o
                0x0000000008002864                HAL_SPI_TxRxCpltCallback
 .text.HAL_TIM_PeriodElapsedCallback
                0x0000000008002888       0x1c build/main.o
                0x0000000008002888                HAL_TIM_PeriodElapsedCallback
 .text.UpdateOutputValue
                0x00000000080028a4       0x84 build/main.o
                0x00000000080028a4                UpdateOutputValue
 .text.Update_R2R_DAC
                0x0000000008002928      0x128 build/main.o
                0x0000000008002928                Update_R2R_DAC
 .text.main     0x0000000008002a50       0x58 build/main.o
                0x0000000008002a50                main
 .text.generate_base_sine
                0x0000000008002aa8       0x60 build/waves.o
                0x0000000008002aa8                generate_base_sine
 .text.generate_lfo_sine
                0x0000000008002b08       0x54 build/waves.o
                0x0000000008002b08                generate_lfo_sine
 .text.init_wavetable
                0x0000000008002b5c       0x18 build/waves.o
                0x0000000008002b5c                init_wavetable
 .text.Receive_MIDI
                0x0000000008002b74       0x34 build/midi.o
                0x0000000008002b74                Receive_MIDI
 .text.NMI_Handler
                0x0000000008002ba8        0x2 build/stm32f4xx_it.o
                0x0000000008002ba8                NMI_Handler
 .text.HardFault_Handler
                0x0000000008002baa        0x2 build/stm32f4xx_it.o
                0x0000000008002baa                HardFault_Handler
 .text.MemManage_Handler
                0x0000000008002bac        0x2 build/stm32f4xx_it.o
                0x0000000008002bac                MemManage_Handler
 .text.BusFault_Handler
                0x0000000008002bae        0x2 build/stm32f4xx_it.o
                0x0000000008002bae                BusFault_Handler
 .text.UsageFault_Handler
                0x0000000008002bb0        0x2 build/stm32f4xx_it.o
                0x0000000008002bb0                UsageFault_Handler
 .text.SVC_Handler
                0x0000000008002bb2        0x2 build/stm32f4xx_it.o
                0x0000000008002bb2                SVC_Handler
 .text.DebugMon_Handler
                0x0000000008002bb4        0x2 build/stm32f4xx_it.o
                0x0000000008002bb4                DebugMon_Handler
 .text.PendSV_Handler
                0x0000000008002bb6        0x2 build/stm32f4xx_it.o
                0x0000000008002bb6                PendSV_Handler
 .text.SysTick_Handler
                0x0000000008002bb8        0x8 build/stm32f4xx_it.o
                0x0000000008002bb8                SysTick_Handler
 .text.TIM6_DAC_IRQHandler
                0x0000000008002bc0       0x10 build/stm32f4xx_it.o
                0x0000000008002bc0                TIM6_DAC_IRQHandler
 .text.SPI5_IRQHandler
                0x0000000008002bd0       0x10 build/stm32f4xx_it.o
                0x0000000008002bd0                SPI5_IRQHandler
 .text.HAL_MspInit
                0x0000000008002be0       0x40 build/stm32f4xx_hal_msp.o
                0x0000000008002be0                HAL_MspInit
 .text.HAL_SPI_MspInit
                0x0000000008002c20       0x94 build/stm32f4xx_hal_msp.o
                0x0000000008002c20                HAL_SPI_MspInit
 .text.HAL_TIM_Base_MspInit
                0x0000000008002cb4       0x40 build/stm32f4xx_hal_msp.o
                0x0000000008002cb4                HAL_TIM_Base_MspInit
 .text.HAL_UART_MspInit
                0x0000000008002cf4       0x78 build/stm32f4xx_hal_msp.o
                0x0000000008002cf4                HAL_UART_MspInit
 .text.SPI_WaitFlagStateUntilTimeout
                0x0000000008002d6c       0x90 build/stm32f4xx_hal_spi.o
 .text.SPI_EndRxTxTransaction
                0x0000000008002dfc       0x68 build/stm32f4xx_hal_spi.o
 .text.HAL_SPI_Init
                0x0000000008002e64       0x80 build/stm32f4xx_hal_spi.o
                0x0000000008002e64                HAL_SPI_Init
 .text.HAL_SPI_TransmitReceive_IT
                0x0000000008002ee4       0xc8 build/stm32f4xx_hal_spi.o
                0x0000000008002ee4                HAL_SPI_TransmitReceive_IT
 .text.HAL_SPI_RxCpltCallback
                0x0000000008002fac        0x2 build/stm32f4xx_hal_spi.o
                0x0000000008002fac                HAL_SPI_RxCpltCallback
 .text.HAL_SPI_ErrorCallback
                0x0000000008002fae        0x2 build/stm32f4xx_hal_spi.o
                0x0000000008002fae                HAL_SPI_ErrorCallback
 .text.SPI_CloseRxTx_ISR
                0x0000000008002fb0       0xb0 build/stm32f4xx_hal_spi.o
 .text.SPI_2linesTxISR_8BIT
                0x0000000008003060       0x38 build/stm32f4xx_hal_spi.o
 .text.SPI_2linesRxISR_8BIT
                0x0000000008003098       0x38 build/stm32f4xx_hal_spi.o
 .text.SPI_2linesTxISR_16BIT
                0x00000000080030d0       0x38 build/stm32f4xx_hal_spi.o
 .text.SPI_2linesRxISR_16BIT
                0x0000000008003108       0x38 build/stm32f4xx_hal_spi.o
 .text.HAL_SPI_IRQHandler
                0x0000000008003140      0x118 build/stm32f4xx_hal_spi.o
                0x0000000008003140                HAL_SPI_IRQHandler
 .text.SPI_DMAAbortOnError
                0x0000000008003258       0x10 build/stm32f4xx_hal_spi.o
 .text.HAL_SPI_GetState
                0x0000000008003268        0x6 build/stm32f4xx_hal_spi.o
                0x0000000008003268                HAL_SPI_GetState
 .text.HAL_TIM_Base_Start_IT
                0x000000000800326e       0x22 build/stm32f4xx_hal_tim.o
                0x000000000800326e                HAL_TIM_Base_Start_IT
 .text.HAL_TIM_OC_DelayElapsedCallback
                0x0000000008003290        0x2 build/stm32f4xx_hal_tim.o
                0x0000000008003290                HAL_TIM_OC_DelayElapsedCallback
 .text.HAL_TIM_IC_CaptureCallback
                0x0000000008003292        0x2 build/stm32f4xx_hal_tim.o
                0x0000000008003292                HAL_TIM_IC_CaptureCallback
 .text.HAL_TIM_PWM_PulseFinishedCallback
                0x0000000008003294        0x2 build/stm32f4xx_hal_tim.o
                0x0000000008003294                HAL_TIM_PWM_PulseFinishedCallback
 .text.HAL_TIM_TriggerCallback
                0x0000000008003296        0x2 build/stm32f4xx_hal_tim.o
                0x0000000008003296                HAL_TIM_TriggerCallback
 .text.HAL_TIM_IRQHandler
                0x0000000008003298      0x17a build/stm32f4xx_hal_tim.o
                0x0000000008003298                HAL_TIM_IRQHandler
 *fill*         0x0000000008003412        0x2 
 .text.TIM_Base_SetConfig
                0x0000000008003414       0xcc build/stm32f4xx_hal_tim.o
                0x0000000008003414                TIM_Base_SetConfig
 .text.HAL_TIM_Base_Init
                0x00000000080034e0       0x32 build/stm32f4xx_hal_tim.o
                0x00000000080034e0                HAL_TIM_Base_Init
 .text.HAL_TIMEx_MasterConfigSynchronization
                0x0000000008003512       0x46 build/stm32f4xx_hal_tim_ex.o
                0x0000000008003512                HAL_TIMEx_MasterConfigSynchronization
 .text.HAL_TIMEx_CommutCallback
                0x0000000008003558        0x2 build/stm32f4xx_hal_tim_ex.o
                0x0000000008003558                HAL_TIMEx_CommutCallback
 .text.HAL_TIMEx_BreakCallback
                0x000000000800355a        0x2 build/stm32f4xx_hal_tim_ex.o
                0x000000000800355a                HAL_TIMEx_BreakCallback
 .text.UART_SetConfig
                0x000000000800355c      0x344 build/stm32f4xx_hal_uart.o
 .text.HAL_UART_Init
                0x00000000080038a0       0x5e build/stm32f4xx_hal_uart.o
                0x00000000080038a0                HAL_UART_Init
 *fill*         0x00000000080038fe        0x2 
 .text.HAL_RCC_OscConfig
                0x0000000008003900      0x398 build/stm32f4xx_hal_rcc.o
                0x0000000008003900                HAL_RCC_OscConfig
 .text.HAL_RCC_GetSysClockFreq
                0x0000000008003c98       0xd4 build/stm32f4xx_hal_rcc.o
                0x0000000008003c98                HAL_RCC_GetSysClockFreq
 .text.HAL_RCC_ClockConfig
                0x0000000008003d6c      0x158 build/stm32f4xx_hal_rcc.o
                0x0000000008003d6c                HAL_RCC_ClockConfig
 .text.HAL_RCC_GetHCLKFreq
                0x0000000008003ec4        0xc build/stm32f4xx_hal_rcc.o
                0x0000000008003ec4                HAL_RCC_GetHCLKFreq
 .text.HAL_RCC_GetPCLK1Freq
                0x0000000008003ed0       0x20 build/stm32f4xx_hal_rcc.o
                0x0000000008003ed0                HAL_RCC_GetPCLK1Freq
 .text.HAL_RCC_GetPCLK2Freq
                0x0000000008003ef0       0x20 build/stm32f4xx_hal_rcc.o
                0x0000000008003ef0                HAL_RCC_GetPCLK2Freq
 .text.HAL_GPIO_Init
                0x0000000008003f10      0x1e4 build/stm32f4xx_hal_gpio.o
                0x0000000008003f10                HAL_GPIO_Init
 .text.HAL_GPIO_WritePin
                0x00000000080040f4        0xc build/stm32f4xx_hal_gpio.o
                0x00000000080040f4                HAL_GPIO_WritePin
 .text.HAL_GPIO_TogglePin
                0x0000000008004100       0x12 build/stm32f4xx_hal_gpio.o
                0x0000000008004100                HAL_GPIO_TogglePin
 .text.HAL_DMA_Abort_IT
                0x0000000008004112       0x26 build/stm32f4xx_hal_dma.o
                0x0000000008004112                HAL_DMA_Abort_IT
 .text.HAL_NVIC_SetPriorityGrouping
                0x0000000008004138       0x24 build/stm32f4xx_hal_cortex.o
                0x0000000008004138                HAL_NVIC_SetPriorityGrouping
 .text.HAL_NVIC_SetPriority
                0x000000000800415c       0x64 build/stm32f4xx_hal_cortex.o
                0x000000000800415c                HAL_NVIC_SetPriority
 .text.HAL_NVIC_EnableIRQ
                0x00000000080041c0       0x1c build/stm32f4xx_hal_cortex.o
                0x00000000080041c0                HAL_NVIC_EnableIRQ
 .text.HAL_SYSTICK_Config
                0x00000000080041dc       0x2c build/stm32f4xx_hal_cortex.o
                0x00000000080041dc                HAL_SYSTICK_Config
 .text.HAL_InitTick
                0x0000000008004208       0x4c build/stm32f4xx_hal.o
                0x0000000008004208                HAL_InitTick
 .text.HAL_Init
                0x0000000008004254       0x34 build/stm32f4xx_hal.o
                0x0000000008004254                HAL_Init
 .text.HAL_IncTick
                0x0000000008004288       0x18 build/stm32f4xx_hal.o
                0x0000000008004288                HAL_IncTick
 .text.HAL_GetTick
                0x00000000080042a0        0xc build/stm32f4xx_hal.o
                0x00000000080042a0                HAL_GetTick
 .text.SystemInit
                0x00000000080042ac       0x4c build/system_stm32f4xx.o
                0x00000000080042ac                SystemInit
 .text.Reset_Handler
                0x00000000080042f8       0x50 build/startup_stm32f429xx.o
                0x00000000080042f8                Reset_Handler
 .text.Default_Handler
                0x0000000008004348        0x2 build/startup_stm32f429xx.o
                0x0000000008004348                RTC_Alarm_IRQHandler
                0x0000000008004348                HASH_RNG_IRQHandler
                0x0000000008004348                EXTI2_IRQHandler
                0x0000000008004348                TIM8_CC_IRQHandler
                0x0000000008004348                UART8_IRQHandler
                0x0000000008004348                SPI4_IRQHandler
                0x0000000008004348                TIM1_CC_IRQHandler
                0x0000000008004348                DMA2_Stream5_IRQHandler
                0x0000000008004348                DMA1_Stream5_IRQHandler
                0x0000000008004348                PVD_IRQHandler
                0x0000000008004348                SDIO_IRQHandler
                0x0000000008004348                TAMP_STAMP_IRQHandler
                0x0000000008004348                CAN2_RX1_IRQHandler
                0x0000000008004348                EXTI3_IRQHandler
                0x0000000008004348                TIM8_TRG_COM_TIM14_IRQHandler
                0x0000000008004348                TIM1_UP_TIM10_IRQHandler
                0x0000000008004348                TIM8_UP_TIM13_IRQHandler
                0x0000000008004348                I2C3_ER_IRQHandler
                0x0000000008004348                EXTI0_IRQHandler
                0x0000000008004348                I2C2_EV_IRQHandler
                0x0000000008004348                DMA1_Stream2_IRQHandler
                0x0000000008004348                CAN1_RX0_IRQHandler
                0x0000000008004348                FPU_IRQHandler
                0x0000000008004348                OTG_HS_WKUP_IRQHandler
                0x0000000008004348                LTDC_ER_IRQHandler
                0x0000000008004348                CAN2_SCE_IRQHandler
                0x0000000008004348                DMA2_Stream2_IRQHandler
                0x0000000008004348                SPI1_IRQHandler
                0x0000000008004348                TIM1_BRK_TIM9_IRQHandler
                0x0000000008004348                DCMI_IRQHandler
                0x0000000008004348                CAN2_RX0_IRQHandler
                0x0000000008004348                DMA2_Stream3_IRQHandler
                0x0000000008004348                USART6_IRQHandler
                0x0000000008004348                USART3_IRQHandler
                0x0000000008004348                CAN1_RX1_IRQHandler
                0x0000000008004348                UART5_IRQHandler
                0x0000000008004348                DMA2_Stream0_IRQHandler
                0x0000000008004348                TIM4_IRQHandler
                0x0000000008004348                I2C1_EV_IRQHandler
                0x0000000008004348                DMA1_Stream6_IRQHandler
                0x0000000008004348                DMA1_Stream1_IRQHandler
                0x0000000008004348                UART4_IRQHandler
                0x0000000008004348                TIM3_IRQHandler
                0x0000000008004348                RCC_IRQHandler
                0x0000000008004348                TIM8_BRK_TIM12_IRQHandler
                0x0000000008004348                Default_Handler
                0x0000000008004348                EXTI15_10_IRQHandler
                0x0000000008004348                ADC_IRQHandler
                0x0000000008004348                DMA1_Stream7_IRQHandler
                0x0000000008004348                TIM7_IRQHandler
                0x0000000008004348                CAN2_TX_IRQHandler
                0x0000000008004348                TIM5_IRQHandler
                0x0000000008004348                DMA2_Stream7_IRQHandler
                0x0000000008004348                I2C3_EV_IRQHandler
                0x0000000008004348                EXTI9_5_IRQHandler
                0x0000000008004348                RTC_WKUP_IRQHandler
                0x0000000008004348                LTDC_IRQHandler
                0x0000000008004348                ETH_WKUP_IRQHandler
                0x0000000008004348                SPI2_IRQHandler
                0x0000000008004348                OTG_HS_EP1_IN_IRQHandler
                0x0000000008004348                DMA1_Stream0_IRQHandler
                0x0000000008004348                CAN1_TX_IRQHandler
                0x0000000008004348                EXTI4_IRQHandler
                0x0000000008004348                ETH_IRQHandler
                0x0000000008004348                OTG_HS_EP1_OUT_IRQHandler
                0x0000000008004348                WWDG_IRQHandler
                0x0000000008004348                SPI6_IRQHandler
                0x0000000008004348                TIM2_IRQHandler
                0x0000000008004348                OTG_FS_WKUP_IRQHandler
                0x0000000008004348                TIM1_TRG_COM_TIM11_IRQHandler
                0x0000000008004348                OTG_HS_IRQHandler
                0x0000000008004348                DMA2D_IRQHandler
                0x0000000008004348                EXTI1_IRQHandler
                0x0000000008004348                UART7_IRQHandler
                0x0000000008004348                USART2_IRQHandler
                0x0000000008004348                I2C2_ER_IRQHandler
                0x0000000008004348                DMA2_Stream1_IRQHandler
                0x0000000008004348                CAN1_SCE_IRQHandler
                0x0000000008004348                FLASH_IRQHandler
                0x0000000008004348                DMA2_Stream4_IRQHandler
                0x0000000008004348                USART1_IRQHandler
                0x0000000008004348                OTG_FS_IRQHandler
                0x0000000008004348                SPI3_IRQHandler
                0x0000000008004348                DMA1_Stream4_IRQHandler
                0x0000000008004348                I2C1_ER_IRQHandler
                0x0000000008004348                FMC_IRQHandler
                0x0000000008004348                DMA2_Stream6_IRQHandler
                0x0000000008004348                SAI1_IRQHandler
                0x0000000008004348                DMA1_Stream3_IRQHandler
 *(.glue_7)
 .glue_7        0x000000000800434a        0x0 linker stubs
 *(.glue_7t)
 .glue_7t       0x000000000800434a        0x0 linker stubs
 *(.eh_frame)
 *fill*         0x000000000800434a        0x2 
 .eh_frame      0x000000000800434c        0x0 /usr/lib/gcc/arm-none-eabi/6.3.1/thumb/v7e-m/fpv4-sp/hard/crtbegin.o
 *(.init)
 .init          0x000000000800434c        0x4 /usr/lib/gcc/arm-none-eabi/6.3.1/thumb/v7e-m/fpv4-sp/hard/crti.o
                0x000000000800434c                _init
 .init          0x0000000008004350        0x8 /usr/lib/gcc/arm-none-eabi/6.3.1/thumb/v7e-m/fpv4-sp/hard/crtn.o
 *(.fini)
 .fini          0x0000000008004358        0x4 /usr/lib/gcc/arm-none-eabi/6.3.1/thumb/v7e-m/fpv4-sp/hard/crti.o
                0x0000000008004358                _fini
 .fini          0x000000000800435c        0x8 /usr/lib/gcc/arm-none-eabi/6.3.1/thumb/v7e-m/fpv4-sp/hard/crtn.o
                0x0000000008004364                . = ALIGN (0x4)
                0x0000000008004364                _etext = .

.vfp11_veneer   0x0000000008004364        0x0
 .vfp11_veneer  0x0000000008004364        0x0 linker stubs

.v4_bx          0x0000000008004364        0x0
 .v4_bx         0x0000000008004364        0x0 linker stubs

.iplt           0x0000000008004364        0x0
 .iplt          0x0000000008004364        0x0 /usr/lib/gcc/arm-none-eabi/6.3.1/thumb/v7e-m/fpv4-sp/hard/crtbegin.o

.rodata         0x0000000008004368      0x2f8
                0x0000000008004368                . = ALIGN (0x4)
 *(.rodata)
 .rodata        0x0000000008004368        0x3 build/midi.o
 *fill*         0x000000000800436b        0x1 
 .rodata        0x000000000800436c      0x188 /usr/lib/gcc/arm-none-eabi/6.3.1/../../../arm-none-eabi/lib/thumb/v7e-m/fpv4-sp/hard/libm.a(lib_a-e_rem_pio2.o)
 *fill*         0x00000000080044f4        0x4 
 .rodata        0x00000000080044f8       0x50 /usr/lib/gcc/arm-none-eabi/6.3.1/../../../arm-none-eabi/lib/thumb/v7e-m/fpv4-sp/hard/libm.a(lib_a-k_rem_pio2.o)
 *(.rodata*)
 .rodata.midi_notes
                0x0000000008004548       0xfe build/midi.o
                0x0000000008004548                midi_notes
 *fill*         0x0000000008004646        0x2 
 .rodata.AHBPrescTable
                0x0000000008004648       0x10 build/system_stm32f4xx.o
                0x0000000008004648                AHBPrescTable
 .rodata.APBPrescTable
                0x0000000008004658        0x8 build/system_stm32f4xx.o
                0x0000000008004658                APBPrescTable
                0x0000000008004660                . = ALIGN (0x4)

.ARM.extab
 *(.ARM.extab* .gnu.linkonce.armextab.*)

.ARM            0x0000000008004660        0x8
                0x0000000008004660                __exidx_start = .
 *(.ARM.exidx*)
 .ARM.exidx     0x0000000008004660        0x8 /usr/lib/gcc/arm-none-eabi/6.3.1/thumb/v7e-m/fpv4-sp/hard/libgcc.a(_udivmoddi4.o)
                0x0000000008004668                __exidx_end = .

.rel.dyn        0x0000000008004668        0x0
 .rel.iplt      0x0000000008004668        0x0 /usr/lib/gcc/arm-none-eabi/6.3.1/thumb/v7e-m/fpv4-sp/hard/crtbegin.o

.preinit_array  0x0000000008004668        0x0
                0x0000000008004668                PROVIDE (__preinit_array_start, .)
 *(.preinit_array*)
                0x0000000008004668                PROVIDE (__preinit_array_end, .)

.init_array     0x0000000008004668        0x4
                0x0000000008004668                PROVIDE (__init_array_start, .)
 *(SORT(.init_array.*))
 *(.init_array*)
 .init_array    0x0000000008004668        0x4 /usr/lib/gcc/arm-none-eabi/6.3.1/thumb/v7e-m/fpv4-sp/hard/crtbegin.o
                0x000000000800466c                PROVIDE (__init_array_end, .)

.fini_array     0x000000000800466c        0x4
                0x000000000800466c                PROVIDE (__fini_array_start, .)
 *(SORT(.fini_array.*))
 *(.fini_array*)
 .fini_array    0x000000000800466c        0x4 /usr/lib/gcc/arm-none-eabi/6.3.1/thumb/v7e-m/fpv4-sp/hard/crtbegin.o
                0x0000000008004670                PROVIDE (__fini_array_end, .)
                0x0000000008004670                _sidata = LOADADDR (.data)

.data           0x0000000020000000        0xc load address 0x0000000008004670
                0x0000000020000000                . = ALIGN (0x4)
                0x0000000020000000                _sdata = .
 *(.data)
 *(.data*)
 .data.uwTickFreq
                0x0000000020000000        0x1 build/stm32f4xx_hal.o
                0x0000000020000000                uwTickFreq
 *fill*         0x0000000020000001        0x3 
 .data.uwTickPrio
                0x0000000020000004        0x4 build/stm32f4xx_hal.o
                0x0000000020000004                uwTickPrio
 .data.SystemCoreClock
                0x0000000020000008        0x4 build/system_stm32f4xx.o
                0x0000000020000008                SystemCoreClock
                0x000000002000000c                . = ALIGN (0x4)
                0x000000002000000c                _edata = .
                0x000000000800467c                _siccmram = LOADADDR (.ccmram)

.jcr            0x000000002000000c        0x0 load address 0x000000000800467c
 .jcr           0x000000002000000c        0x0 /usr/lib/gcc/arm-none-eabi/6.3.1/thumb/v7e-m/fpv4-sp/hard/crtbegin.o

.tm_clone_table
                0x000000002000000c        0x0 load address 0x000000000800467c
 .tm_clone_table
                0x000000002000000c        0x0 /usr/lib/gcc/arm-none-eabi/6.3.1/thumb/v7e-m/fpv4-sp/hard/crtbegin.o
 .tm_clone_table
                0x000000002000000c        0x0 /usr/lib/gcc/arm-none-eabi/6.3.1/thumb/v7e-m/fpv4-sp/hard/crtend.o

.igot.plt       0x000000002000000c        0x0 load address 0x000000000800467c
 .igot.plt      0x000000002000000c        0x0 /usr/lib/gcc/arm-none-eabi/6.3.1/thumb/v7e-m/fpv4-sp/hard/crtbegin.o

.ccmram         0x0000000010000000        0x0 load address 0x000000000800467c
                0x0000000010000000                . = ALIGN (0x4)
                0x0000000010000000                _sccmram = .
 *(.ccmram)
 *(.ccmram*)
                0x0000000010000000                . = ALIGN (0x4)
                0x0000000010000000                _eccmram = .
                0x0000000010000000                . = ALIGN (0x4)

.bss            0x000000002000000c     0x2480
                0x000000002000000c                _sbss = .
                0x000000002000000c                __bss_start__ = _sbss
 *(.bss)
 .bss           0x000000002000000c       0x1c /usr/lib/gcc/arm-none-eabi/6.3.1/thumb/v7e-m/fpv4-sp/hard/crtbegin.o
 *(.bss*)
 .bss.current_midi_note_msg
                0x0000000020000028        0x3 build/main.o
                0x0000000020000028                current_midi_note_msg
 *fill*         0x000000002000002b        0x1 
 .bss.index     0x000000002000002c      0x1fc build/main.o
                0x000000002000002c                index
 .bss.note_on   0x0000000020000228       0x7f build/main.o
                0x0000000020000228                note_on
 .bss.update_value_flag
                0x00000000200002a7        0x1 build/main.o
                0x00000000200002a7                update_value_flag
 *(COMMON)
 COMMON         0x00000000200002a8     0x21de build/main.o
                0x00000000200002a8                hspi5
                0x0000000020000300                spi_rx_buffer
                0x0000000020000304                lfo_sine
                0x0000000020000404                huart1
                0x0000000020000444                base_sine
                0x0000000020002444                htim6
                0x0000000020002484                output_val
 *fill*         0x0000000020002486        0x2 
 COMMON         0x0000000020002488        0x4 build/stm32f4xx_hal.o
                0x0000000020002488                uwTick
                0x000000002000248c                . = ALIGN (0x4)
                0x000000002000248c                _ebss = .
                0x000000002000248c                __bss_end__ = _ebss

._user_heap_stack
                0x000000002000248c      0x604
                0x0000000020002490                . = ALIGN (0x8)
 *fill*         0x000000002000248c        0x4 
                [!provide]                        PROVIDE (end, .)
                [!provide]                        PROVIDE (_end, .)
                0x0000000020002690                . = (. + _Min_Heap_Size)
 *fill*         0x0000000020002490      0x200 
                0x0000000020002a90                . = (. + _Min_Stack_Size)
 *fill*         0x0000000020002690      0x400 
                0x0000000020002a90                . = ALIGN (0x8)

/DISCARD/
 libc.a(*)
 libm.a(*)
 libgcc.a(*)

.ARM.attributes
                0x0000000000000000       0x30
 *(.ARM.attributes)
 .ARM.attributes
                0x0000000000000000       0x22 /usr/lib/gcc/arm-none-eabi/6.3.1/thumb/v7e-m/fpv4-sp/hard/crti.o
 .ARM.attributes
                0x0000000000000022       0x34 /usr/lib/gcc/arm-none-eabi/6.3.1/thumb/v7e-m/fpv4-sp/hard/crtbegin.o
 .ARM.attributes
                0x0000000000000056       0x39 build/main.o
 .ARM.attributes
                0x000000000000008f       0x39 build/waves.o
 .ARM.attributes
                0x00000000000000c8       0x39 build/midi.o
 .ARM.attributes
                0x0000000000000101       0x39 build/stm32f4xx_it.o
 .ARM.attributes
                0x000000000000013a       0x39 build/stm32f4xx_hal_msp.o
 .ARM.attributes
                0x0000000000000173       0x39 build/stm32f4xx_hal_spi.o
 .ARM.attributes
                0x00000000000001ac       0x39 build/stm32f4xx_hal_tim.o
 .ARM.attributes
                0x00000000000001e5       0x39 build/stm32f4xx_hal_tim_ex.o
 .ARM.attributes
                0x000000000000021e       0x39 build/stm32f4xx_hal_uart.o
 .ARM.attributes
                0x0000000000000257       0x39 build/stm32f4xx_hal_rcc.o
 .ARM.attributes
                0x0000000000000290       0x39 build/stm32f4xx_hal_gpio.o
 .ARM.attributes
                0x00000000000002c9       0x39 build/stm32f4xx_hal_dma.o
 .ARM.attributes
                0x0000000000000302       0x39 build/stm32f4xx_hal_cortex.o
 .ARM.attributes
                0x000000000000033b       0x39 build/stm32f4xx_hal.o
 .ARM.attributes
                0x0000000000000374       0x39 build/system_stm32f4xx.o
 .ARM.attributes
                0x00000000000003ad       0x21 build/startup_stm32f429xx.o
 .ARM.attributes
                0x00000000000003ce       0x34 /usr/lib/gcc/arm-none-eabi/6.3.1/../../../arm-none-eabi/lib/thumb/v7e-m/fpv4-sp/hard/libc_nano.a(lib_a-init.o)
 .ARM.attributes
                0x0000000000000402       0x34 /usr/lib/gcc/arm-none-eabi/6.3.1/../../../arm-none-eabi/lib/thumb/v7e-m/fpv4-sp/hard/libc_nano.a(lib_a-memset.o)
 .ARM.attributes
                0x0000000000000436       0x34 /usr/lib/gcc/arm-none-eabi/6.3.1/../../../arm-none-eabi/lib/thumb/v7e-m/fpv4-sp/hard/libm.a(lib_a-s_sin.o)
 .ARM.attributes
                0x000000000000046a       0x34 /usr/lib/gcc/arm-none-eabi/6.3.1/../../../arm-none-eabi/lib/thumb/v7e-m/fpv4-sp/hard/libm.a(lib_a-e_rem_pio2.o)
 .ARM.attributes
                0x000000000000049e       0x34 /usr/lib/gcc/arm-none-eabi/6.3.1/../../../arm-none-eabi/lib/thumb/v7e-m/fpv4-sp/hard/libm.a(lib_a-k_cos.o)
 .ARM.attributes
                0x00000000000004d2       0x34 /usr/lib/gcc/arm-none-eabi/6.3.1/../../../arm-none-eabi/lib/thumb/v7e-m/fpv4-sp/hard/libm.a(lib_a-k_rem_pio2.o)
 .ARM.attributes
                0x0000000000000506       0x34 /usr/lib/gcc/arm-none-eabi/6.3.1/../../../arm-none-eabi/lib/thumb/v7e-m/fpv4-sp/hard/libm.a(lib_a-k_sin.o)
 .ARM.attributes
                0x000000000000053a       0x34 /usr/lib/gcc/arm-none-eabi/6.3.1/../../../arm-none-eabi/lib/thumb/v7e-m/fpv4-sp/hard/libm.a(lib_a-s_fabs.o)
 .ARM.attributes
                0x000000000000056e       0x34 /usr/lib/gcc/arm-none-eabi/6.3.1/../../../arm-none-eabi/lib/thumb/v7e-m/fpv4-sp/hard/libm.a(lib_a-s_floor.o)
 .ARM.attributes
                0x00000000000005a2       0x34 /usr/lib/gcc/arm-none-eabi/6.3.1/../../../arm-none-eabi/lib/thumb/v7e-m/fpv4-sp/hard/libm.a(lib_a-s_scalbn.o)
 .ARM.attributes
                0x00000000000005d6       0x34 /usr/lib/gcc/arm-none-eabi/6.3.1/../../../arm-none-eabi/lib/thumb/v7e-m/fpv4-sp/hard/libm.a(lib_a-s_copysign.o)
 .ARM.attributes
                0x000000000000060a       0x22 /usr/lib/gcc/arm-none-eabi/6.3.1/thumb/v7e-m/fpv4-sp/hard/libgcc.a(_arm_addsubdf3.o)
 .ARM.attributes
                0x000000000000062c       0x22 /usr/lib/gcc/arm-none-eabi/6.3.1/thumb/v7e-m/fpv4-sp/hard/libgcc.a(_arm_muldivdf3.o)
 .ARM.attributes
                0x000000000000064e       0x22 /usr/lib/gcc/arm-none-eabi/6.3.1/thumb/v7e-m/fpv4-sp/hard/libgcc.a(_arm_cmpdf2.o)
 .ARM.attributes
                0x0000000000000670       0x22 /usr/lib/gcc/arm-none-eabi/6.3.1/thumb/v7e-m/fpv4-sp/hard/libgcc.a(_arm_fixdfsi.o)
 .ARM.attributes
                0x0000000000000692       0x22 /usr/lib/gcc/arm-none-eabi/6.3.1/thumb/v7e-m/fpv4-sp/hard/libgcc.a(_arm_fixunsdfsi.o)
 .ARM.attributes
                0x00000000000006b4       0x22 /usr/lib/gcc/arm-none-eabi/6.3.1/thumb/v7e-m/fpv4-sp/hard/libgcc.a(_aeabi_uldivmod.o)
 .ARM.attributes
                0x00000000000006d6       0x34 /usr/lib/gcc/arm-none-eabi/6.3.1/thumb/v7e-m/fpv4-sp/hard/libgcc.a(_udivmoddi4.o)
 .ARM.attributes
                0x000000000000070a       0x22 /usr/lib/gcc/arm-none-eabi/6.3.1/thumb/v7e-m/fpv4-sp/hard/libgcc.a(_dvmd_tls.o)
 .ARM.attributes
                0x000000000000072c       0x34 /usr/lib/gcc/arm-none-eabi/6.3.1/thumb/v7e-m/fpv4-sp/hard/crtend.o
 .ARM.attributes
                0x0000000000000760       0x22 /usr/lib/gcc/arm-none-eabi/6.3.1/thumb/v7e-m/fpv4-sp/hard/crtn.o
OUTPUT(build/STM32F4.elf elf32-littlearm)

.comment        0x0000000000000000       0x31
 .comment       0x0000000000000000       0x31 /usr/lib/gcc/arm-none-eabi/6.3.1/thumb/v7e-m/fpv4-sp/hard/crtbegin.o
                                         0x32 (size before relaxing)
 .comment       0x0000000000000031       0x32 build/main.o
 .comment       0x0000000000000031       0x32 build/waves.o
 .comment       0x0000000000000031       0x32 build/midi.o
 .comment       0x0000000000000031       0x32 build/stm32f4xx_it.o
 .comment       0x0000000000000031       0x32 build/stm32f4xx_hal_msp.o
 .comment       0x0000000000000031       0x32 build/stm32f4xx_hal_spi.o
 .comment       0x0000000000000031       0x32 build/stm32f4xx_hal_tim.o
 .comment       0x0000000000000031       0x32 build/stm32f4xx_hal_tim_ex.o
 .comment       0x0000000000000031       0x32 build/stm32f4xx_hal_uart.o
 .comment       0x0000000000000031       0x32 build/stm32f4xx_hal_rcc.o
 .comment       0x0000000000000031       0x32 build/stm32f4xx_hal_gpio.o
 .comment       0x0000000000000031       0x32 build/stm32f4xx_hal_dma.o
 .comment       0x0000000000000031       0x32 build/stm32f4xx_hal_cortex.o
 .comment       0x0000000000000031       0x32 build/stm32f4xx_hal.o
 .comment       0x0000000000000031       0x32 build/system_stm32f4xx.o
 .comment       0x0000000000000031       0x32 /usr/lib/gcc/arm-none-eabi/6.3.1/../../../arm-none-eabi/lib/thumb/v7e-m/fpv4-sp/hard/libc_nano.a(lib_a-init.o)
 .comment       0x0000000000000031       0x32 /usr/lib/gcc/arm-none-eabi/6.3.1/../../../arm-none-eabi/lib/thumb/v7e-m/fpv4-sp/hard/libc_nano.a(lib_a-memset.o)
 .comment       0x0000000000000031       0x32 /usr/lib/gcc/arm-none-eabi/6.3.1/../../../arm-none-eabi/lib/thumb/v7e-m/fpv4-sp/hard/libm.a(lib_a-s_sin.o)
 .comment       0x0000000000000031       0x32 /usr/lib/gcc/arm-none-eabi/6.3.1/../../../arm-none-eabi/lib/thumb/v7e-m/fpv4-sp/hard/libm.a(lib_a-e_rem_pio2.o)
 .comment       0x0000000000000031       0x32 /usr/lib/gcc/arm-none-eabi/6.3.1/../../../arm-none-eabi/lib/thumb/v7e-m/fpv4-sp/hard/libm.a(lib_a-k_cos.o)
 .comment       0x0000000000000031       0x32 /usr/lib/gcc/arm-none-eabi/6.3.1/../../../arm-none-eabi/lib/thumb/v7e-m/fpv4-sp/hard/libm.a(lib_a-k_rem_pio2.o)
 .comment       0x0000000000000031       0x32 /usr/lib/gcc/arm-none-eabi/6.3.1/../../../arm-none-eabi/lib/thumb/v7e-m/fpv4-sp/hard/libm.a(lib_a-k_sin.o)
 .comment       0x0000000000000031       0x32 /usr/lib/gcc/arm-none-eabi/6.3.1/../../../arm-none-eabi/lib/thumb/v7e-m/fpv4-sp/hard/libm.a(lib_a-s_fabs.o)
 .comment       0x0000000000000031       0x32 /usr/lib/gcc/arm-none-eabi/6.3.1/../../../arm-none-eabi/lib/thumb/v7e-m/fpv4-sp/hard/libm.a(lib_a-s_floor.o)
 .comment       0x0000000000000031       0x32 /usr/lib/gcc/arm-none-eabi/6.3.1/../../../arm-none-eabi/lib/thumb/v7e-m/fpv4-sp/hard/libm.a(lib_a-s_scalbn.o)
 .comment       0x0000000000000031       0x32 /usr/lib/gcc/arm-none-eabi/6.3.1/../../../arm-none-eabi/lib/thumb/v7e-m/fpv4-sp/hard/libm.a(lib_a-s_copysign.o)
 .comment       0x0000000000000031       0x32 /usr/lib/gcc/arm-none-eabi/6.3.1/thumb/v7e-m/fpv4-sp/hard/libgcc.a(_udivmoddi4.o)
 .comment       0x0000000000000031       0x32 /usr/lib/gcc/arm-none-eabi/6.3.1/thumb/v7e-m/fpv4-sp/hard/crtend.o

.debug_info     0x0000000000000000    0x1936c
 .debug_info    0x0000000000000000     0x25b6 build/main.o
 .debug_info    0x00000000000025b6      0xc92 build/waves.o
 .debug_info    0x0000000000003248      0x76b build/midi.o
 .debug_info    0x00000000000039b3      0xa88 build/stm32f4xx_it.o
 .debug_info    0x000000000000443b     0x142e build/stm32f4xx_hal_msp.o
 .debug_info    0x0000000000005869     0x1d2b build/stm32f4xx_hal_spi.o
 .debug_info    0x0000000000007594     0x3478 build/stm32f4xx_hal_tim.o
 .debug_info    0x000000000000aa0c     0x1615 build/stm32f4xx_hal_tim_ex.o
 .debug_info    0x000000000000c021     0x18ad build/stm32f4xx_hal_uart.o
 .debug_info    0x000000000000d8ce      0xb3a build/stm32f4xx_hal_rcc.o
 .debug_info    0x000000000000e408      0x830 build/stm32f4xx_hal_gpio.o
 .debug_info    0x000000000000ec38      0xaef build/stm32f4xx_hal_dma.o
 .debug_info    0x000000000000f727     0x1055 build/stm32f4xx_hal_cortex.o
 .debug_info    0x000000000001077c      0xb2f build/stm32f4xx_hal.o
 .debug_info    0x00000000000112ab      0x5a7 build/system_stm32f4xx.o
 .debug_info    0x0000000000011852       0x6a build/startup_stm32f429xx.o
 .debug_info    0x00000000000118bc      0x110 /usr/lib/gcc/arm-none-eabi/6.3.1/../../../arm-none-eabi/lib/thumb/v7e-m/fpv4-sp/hard/libc_nano.a(lib_a-init.o)
 .debug_info    0x00000000000119cc      0x916 /usr/lib/gcc/arm-none-eabi/6.3.1/../../../arm-none-eabi/lib/thumb/v7e-m/fpv4-sp/hard/libc_nano.a(lib_a-memset.o)
 .debug_info    0x00000000000122e2      0xa45 /usr/lib/gcc/arm-none-eabi/6.3.1/../../../arm-none-eabi/lib/thumb/v7e-m/fpv4-sp/hard/libm.a(lib_a-s_sin.o)
 .debug_info    0x0000000000012d27      0xc29 /usr/lib/gcc/arm-none-eabi/6.3.1/../../../arm-none-eabi/lib/thumb/v7e-m/fpv4-sp/hard/libm.a(lib_a-e_rem_pio2.o)
 .debug_info    0x0000000000013950      0xa68 /usr/lib/gcc/arm-none-eabi/6.3.1/../../../arm-none-eabi/lib/thumb/v7e-m/fpv4-sp/hard/libm.a(lib_a-k_cos.o)
 .debug_info    0x00000000000143b8      0xbdf /usr/lib/gcc/arm-none-eabi/6.3.1/../../../arm-none-eabi/lib/thumb/v7e-m/fpv4-sp/hard/libm.a(lib_a-k_rem_pio2.o)
 .debug_info    0x0000000000014f97      0xa3d /usr/lib/gcc/arm-none-eabi/6.3.1/../../../arm-none-eabi/lib/thumb/v7e-m/fpv4-sp/hard/libm.a(lib_a-k_sin.o)
 .debug_info    0x00000000000159d4      0x986 /usr/lib/gcc/arm-none-eabi/6.3.1/../../../arm-none-eabi/lib/thumb/v7e-m/fpv4-sp/hard/libm.a(lib_a-s_fabs.o)
 .debug_info    0x000000000001635a      0x9e0 /usr/lib/gcc/arm-none-eabi/6.3.1/../../../arm-none-eabi/lib/thumb/v7e-m/fpv4-sp/hard/libm.a(lib_a-s_floor.o)
 .debug_info    0x0000000000016d3a      0xa95 /usr/lib/gcc/arm-none-eabi/6.3.1/../../../arm-none-eabi/lib/thumb/v7e-m/fpv4-sp/hard/libm.a(lib_a-s_scalbn.o)
 .debug_info    0x00000000000177cf      0x9b3 /usr/lib/gcc/arm-none-eabi/6.3.1/../../../arm-none-eabi/lib/thumb/v7e-m/fpv4-sp/hard/libm.a(lib_a-s_copysign.o)
 .debug_info    0x0000000000018182       0xd4 /usr/lib/gcc/arm-none-eabi/6.3.1/thumb/v7e-m/fpv4-sp/hard/libgcc.a(_arm_addsubdf3.o)
 .debug_info    0x0000000000018256       0xd4 /usr/lib/gcc/arm-none-eabi/6.3.1/thumb/v7e-m/fpv4-sp/hard/libgcc.a(_arm_muldivdf3.o)
 .debug_info    0x000000000001832a       0xd4 /usr/lib/gcc/arm-none-eabi/6.3.1/thumb/v7e-m/fpv4-sp/hard/libgcc.a(_arm_cmpdf2.o)
 .debug_info    0x00000000000183fe       0xd4 /usr/lib/gcc/arm-none-eabi/6.3.1/thumb/v7e-m/fpv4-sp/hard/libgcc.a(_arm_fixdfsi.o)
 .debug_info    0x00000000000184d2       0xd4 /usr/lib/gcc/arm-none-eabi/6.3.1/thumb/v7e-m/fpv4-sp/hard/libgcc.a(_arm_fixunsdfsi.o)
 .debug_info    0x00000000000185a6       0xcf /usr/lib/gcc/arm-none-eabi/6.3.1/thumb/v7e-m/fpv4-sp/hard/libgcc.a(_aeabi_uldivmod.o)
 .debug_info    0x0000000000018675      0xc24 /usr/lib/gcc/arm-none-eabi/6.3.1/thumb/v7e-m/fpv4-sp/hard/libgcc.a(_udivmoddi4.o)
 .debug_info    0x0000000000019299       0xd3 /usr/lib/gcc/arm-none-eabi/6.3.1/thumb/v7e-m/fpv4-sp/hard/libgcc.a(_dvmd_tls.o)

.debug_abbrev   0x0000000000000000     0x3b34
 .debug_abbrev  0x0000000000000000      0x34b build/main.o
 .debug_abbrev  0x000000000000034b      0x29c build/waves.o
 .debug_abbrev  0x00000000000005e7      0x19e build/midi.o
 .debug_abbrev  0x0000000000000785      0x195 build/stm32f4xx_it.o
 .debug_abbrev  0x000000000000091a      0x1c8 build/stm32f4xx_hal_msp.o
 .debug_abbrev  0x0000000000000ae2      0x296 build/stm32f4xx_hal_spi.o
 .debug_abbrev  0x0000000000000d78      0x270 build/stm32f4xx_hal_tim.o
 .debug_abbrev  0x0000000000000fe8      0x269 build/stm32f4xx_hal_tim_ex.o
 .debug_abbrev  0x0000000000001251      0x2bd build/stm32f4xx_hal_uart.o
 .debug_abbrev  0x000000000000150e      0x28b build/stm32f4xx_hal_rcc.o
 .debug_abbrev  0x0000000000001799      0x21a build/stm32f4xx_hal_gpio.o
 .debug_abbrev  0x00000000000019b3      0x2aa build/stm32f4xx_hal_dma.o
 .debug_abbrev  0x0000000000001c5d      0x33b build/stm32f4xx_hal_cortex.o
 .debug_abbrev  0x0000000000001f98      0x1ef build/stm32f4xx_hal.o
 .debug_abbrev  0x0000000000002187      0x110 build/system_stm32f4xx.o
 .debug_abbrev  0x0000000000002297       0x12 build/startup_stm32f429xx.o
 .debug_abbrev  0x00000000000022a9       0xba /usr/lib/gcc/arm-none-eabi/6.3.1/../../../arm-none-eabi/lib/thumb/v7e-m/fpv4-sp/hard/libc_nano.a(lib_a-init.o)
 .debug_abbrev  0x0000000000002363      0x197 /usr/lib/gcc/arm-none-eabi/6.3.1/../../../arm-none-eabi/lib/thumb/v7e-m/fpv4-sp/hard/libc_nano.a(lib_a-memset.o)
 .debug_abbrev  0x00000000000024fa      0x253 /usr/lib/gcc/arm-none-eabi/6.3.1/../../../arm-none-eabi/lib/thumb/v7e-m/fpv4-sp/hard/libm.a(lib_a-s_sin.o)
 .debug_abbrev  0x000000000000274d      0x274 /usr/lib/gcc/arm-none-eabi/6.3.1/../../../arm-none-eabi/lib/thumb/v7e-m/fpv4-sp/hard/libm.a(lib_a-e_rem_pio2.o)
 .debug_abbrev  0x00000000000029c1      0x21a /usr/lib/gcc/arm-none-eabi/6.3.1/../../../arm-none-eabi/lib/thumb/v7e-m/fpv4-sp/hard/libm.a(lib_a-k_cos.o)
 .debug_abbrev  0x0000000000002bdb      0x288 /usr/lib/gcc/arm-none-eabi/6.3.1/../../../arm-none-eabi/lib/thumb/v7e-m/fpv4-sp/hard/libm.a(lib_a-k_rem_pio2.o)
 .debug_abbrev  0x0000000000002e63      0x20f /usr/lib/gcc/arm-none-eabi/6.3.1/../../../arm-none-eabi/lib/thumb/v7e-m/fpv4-sp/hard/libm.a(lib_a-k_sin.o)
 .debug_abbrev  0x0000000000003072      0x20b /usr/lib/gcc/arm-none-eabi/6.3.1/../../../arm-none-eabi/lib/thumb/v7e-m/fpv4-sp/hard/libm.a(lib_a-s_fabs.o)
 .debug_abbrev  0x000000000000327d      0x21c /usr/lib/gcc/arm-none-eabi/6.3.1/../../../arm-none-eabi/lib/thumb/v7e-m/fpv4-sp/hard/libm.a(lib_a-s_floor.o)
 .debug_abbrev  0x0000000000003499      0x25c /usr/lib/gcc/arm-none-eabi/6.3.1/../../../arm-none-eabi/lib/thumb/v7e-m/fpv4-sp/hard/libm.a(lib_a-s_scalbn.o)
 .debug_abbrev  0x00000000000036f5      0x227 /usr/lib/gcc/arm-none-eabi/6.3.1/../../../arm-none-eabi/lib/thumb/v7e-m/fpv4-sp/hard/libm.a(lib_a-s_copysign.o)
 .debug_abbrev  0x000000000000391c       0x14 /usr/lib/gcc/arm-none-eabi/6.3.1/thumb/v7e-m/fpv4-sp/hard/libgcc.a(_arm_addsubdf3.o)
 .debug_abbrev  0x0000000000003930       0x14 /usr/lib/gcc/arm-none-eabi/6.3.1/thumb/v7e-m/fpv4-sp/hard/libgcc.a(_arm_muldivdf3.o)
 .debug_abbrev  0x0000000000003944       0x14 /usr/lib/gcc/arm-none-eabi/6.3.1/thumb/v7e-m/fpv4-sp/hard/libgcc.a(_arm_cmpdf2.o)
 .debug_abbrev  0x0000000000003958       0x14 /usr/lib/gcc/arm-none-eabi/6.3.1/thumb/v7e-m/fpv4-sp/hard/libgcc.a(_arm_fixdfsi.o)
 .debug_abbrev  0x000000000000396c       0x14 /usr/lib/gcc/arm-none-eabi/6.3.1/thumb/v7e-m/fpv4-sp/hard/libgcc.a(_arm_fixunsdfsi.o)
 .debug_abbrev  0x0000000000003980       0x14 /usr/lib/gcc/arm-none-eabi/6.3.1/thumb/v7e-m/fpv4-sp/hard/libgcc.a(_aeabi_uldivmod.o)
 .debug_abbrev  0x0000000000003994      0x18c /usr/lib/gcc/arm-none-eabi/6.3.1/thumb/v7e-m/fpv4-sp/hard/libgcc.a(_udivmoddi4.o)
 .debug_abbrev  0x0000000000003b20       0x14 /usr/lib/gcc/arm-none-eabi/6.3.1/thumb/v7e-m/fpv4-sp/hard/libgcc.a(_dvmd_tls.o)

.debug_loc      0x0000000000000000     0xe81a
 .debug_loc     0x0000000000000000      0x1cb build/main.o
 .debug_loc     0x00000000000001cb      0x25e build/waves.o
 .debug_loc     0x0000000000000429       0x80 build/midi.o
 .debug_loc     0x00000000000004a9       0x60 build/stm32f4xx_it.o
 .debug_loc     0x0000000000000509      0x29b build/stm32f4xx_hal_msp.o
 .debug_loc     0x00000000000007a4     0x2172 build/stm32f4xx_hal_spi.o
 .debug_loc     0x0000000000002916     0x4343 build/stm32f4xx_hal_tim.o
 .debug_loc     0x0000000000006c59     0x1648 build/stm32f4xx_hal_tim_ex.o
 .debug_loc     0x00000000000082a1     0x19fb build/stm32f4xx_hal_uart.o
 .debug_loc     0x0000000000009c9c      0x53e build/stm32f4xx_hal_rcc.o
 .debug_loc     0x000000000000a1da      0x491 build/stm32f4xx_hal_gpio.o
 .debug_loc     0x000000000000a66b      0xc1d build/stm32f4xx_hal_dma.o
 .debug_loc     0x000000000000b288      0x6a6 build/stm32f4xx_hal_cortex.o
 .debug_loc     0x000000000000b92e      0x1a8 build/stm32f4xx_hal.o
 .debug_loc     0x000000000000bad6      0x13e build/system_stm32f4xx.o
 .debug_loc     0x000000000000bc14       0xae /usr/lib/gcc/arm-none-eabi/6.3.1/../../../arm-none-eabi/lib/thumb/v7e-m/fpv4-sp/hard/libc_nano.a(lib_a-init.o)
 .debug_loc     0x000000000000bcc2      0x1bd /usr/lib/gcc/arm-none-eabi/6.3.1/../../../arm-none-eabi/lib/thumb/v7e-m/fpv4-sp/hard/libc_nano.a(lib_a-memset.o)
 .debug_loc     0x000000000000be7f       0xe8 /usr/lib/gcc/arm-none-eabi/6.3.1/../../../arm-none-eabi/lib/thumb/v7e-m/fpv4-sp/hard/libm.a(lib_a-s_sin.o)
 .debug_loc     0x000000000000bf67      0x64d /usr/lib/gcc/arm-none-eabi/6.3.1/../../../arm-none-eabi/lib/thumb/v7e-m/fpv4-sp/hard/libm.a(lib_a-e_rem_pio2.o)
 .debug_loc     0x000000000000c5b4      0x24c /usr/lib/gcc/arm-none-eabi/6.3.1/../../../arm-none-eabi/lib/thumb/v7e-m/fpv4-sp/hard/libm.a(lib_a-k_cos.o)
 .debug_loc     0x000000000000c800      0xb3c /usr/lib/gcc/arm-none-eabi/6.3.1/../../../arm-none-eabi/lib/thumb/v7e-m/fpv4-sp/hard/libm.a(lib_a-k_rem_pio2.o)
 .debug_loc     0x000000000000d33c      0x1d2 /usr/lib/gcc/arm-none-eabi/6.3.1/../../../arm-none-eabi/lib/thumb/v7e-m/fpv4-sp/hard/libm.a(lib_a-k_sin.o)
 .debug_loc     0x000000000000d50e       0x3d /usr/lib/gcc/arm-none-eabi/6.3.1/../../../arm-none-eabi/lib/thumb/v7e-m/fpv4-sp/hard/libm.a(lib_a-s_fabs.o)
 .debug_loc     0x000000000000d54b      0x30a /usr/lib/gcc/arm-none-eabi/6.3.1/../../../arm-none-eabi/lib/thumb/v7e-m/fpv4-sp/hard/libm.a(lib_a-s_floor.o)
 .debug_loc     0x000000000000d855      0x211 /usr/lib/gcc/arm-none-eabi/6.3.1/../../../arm-none-eabi/lib/thumb/v7e-m/fpv4-sp/hard/libm.a(lib_a-s_scalbn.o)
 .debug_loc     0x000000000000da66       0x3d /usr/lib/gcc/arm-none-eabi/6.3.1/../../../arm-none-eabi/lib/thumb/v7e-m/fpv4-sp/hard/libm.a(lib_a-s_copysign.o)
 .debug_loc     0x000000000000daa3      0xd77 /usr/lib/gcc/arm-none-eabi/6.3.1/thumb/v7e-m/fpv4-sp/hard/libgcc.a(_udivmoddi4.o)

.debug_aranges  0x0000000000000000     0x1000
 .debug_aranges
                0x0000000000000000       0x70 build/main.o
 .debug_aranges
                0x0000000000000070       0x50 build/waves.o
 .debug_aranges
                0x00000000000000c0       0x20 build/midi.o
 .debug_aranges
                0x00000000000000e0       0x70 build/stm32f4xx_it.o
 .debug_aranges
                0x0000000000000150       0x50 build/stm32f4xx_hal_msp.o
 .debug_aranges
                0x00000000000001a0      0x1d0 build/stm32f4xx_hal_spi.o
 .debug_aranges
                0x0000000000000370      0x3a8 build/stm32f4xx_hal_tim.o
 .debug_aranges
                0x0000000000000718      0x150 build/stm32f4xx_hal_tim_ex.o
 .debug_aranges
                0x0000000000000868      0x1d0 build/stm32f4xx_hal_uart.o
 .debug_aranges
                0x0000000000000a38       0x88 build/stm32f4xx_hal_rcc.o
 .debug_aranges
                0x0000000000000ac0       0x58 build/stm32f4xx_hal_gpio.o
 .debug_aranges
                0x0000000000000b18       0x90 build/stm32f4xx_hal_dma.o
 .debug_aranges
                0x0000000000000ba8       0xa8 build/stm32f4xx_hal_cortex.o
 .debug_aranges
                0x0000000000000c50      0x100 build/stm32f4xx_hal.o
 .debug_aranges
                0x0000000000000d50       0x28 build/system_stm32f4xx.o
 .debug_aranges
                0x0000000000000d78       0x28 build/startup_stm32f429xx.o
 .debug_aranges
                0x0000000000000da0       0x20 /usr/lib/gcc/arm-none-eabi/6.3.1/../../../arm-none-eabi/lib/thumb/v7e-m/fpv4-sp/hard/libc_nano.a(lib_a-init.o)
 .debug_aranges
                0x0000000000000dc0       0x20 /usr/lib/gcc/arm-none-eabi/6.3.1/../../../arm-none-eabi/lib/thumb/v7e-m/fpv4-sp/hard/libc_nano.a(lib_a-memset.o)
 .debug_aranges
                0x0000000000000de0       0x20 /usr/lib/gcc/arm-none-eabi/6.3.1/../../../arm-none-eabi/lib/thumb/v7e-m/fpv4-sp/hard/libm.a(lib_a-s_sin.o)
 .debug_aranges
                0x0000000000000e00       0x20 /usr/lib/gcc/arm-none-eabi/6.3.1/../../../arm-none-eabi/lib/thumb/v7e-m/fpv4-sp/hard/libm.a(lib_a-e_rem_pio2.o)
 .debug_aranges
                0x0000000000000e20       0x20 /usr/lib/gcc/arm-none-eabi/6.3.1/../../../arm-none-eabi/lib/thumb/v7e-m/fpv4-sp/hard/libm.a(lib_a-k_cos.o)
 .debug_aranges
                0x0000000000000e40       0x20 /usr/lib/gcc/arm-none-eabi/6.3.1/../../../arm-none-eabi/lib/thumb/v7e-m/fpv4-sp/hard/libm.a(lib_a-k_rem_pio2.o)
 .debug_aranges
                0x0000000000000e60       0x20 /usr/lib/gcc/arm-none-eabi/6.3.1/../../../arm-none-eabi/lib/thumb/v7e-m/fpv4-sp/hard/libm.a(lib_a-k_sin.o)
 .debug_aranges
                0x0000000000000e80       0x20 /usr/lib/gcc/arm-none-eabi/6.3.1/../../../arm-none-eabi/lib/thumb/v7e-m/fpv4-sp/hard/libm.a(lib_a-s_fabs.o)
 .debug_aranges
                0x0000000000000ea0       0x20 /usr/lib/gcc/arm-none-eabi/6.3.1/../../../arm-none-eabi/lib/thumb/v7e-m/fpv4-sp/hard/libm.a(lib_a-s_floor.o)
 .debug_aranges
                0x0000000000000ec0       0x20 /usr/lib/gcc/arm-none-eabi/6.3.1/../../../arm-none-eabi/lib/thumb/v7e-m/fpv4-sp/hard/libm.a(lib_a-s_scalbn.o)
 .debug_aranges
                0x0000000000000ee0       0x20 /usr/lib/gcc/arm-none-eabi/6.3.1/../../../arm-none-eabi/lib/thumb/v7e-m/fpv4-sp/hard/libm.a(lib_a-s_copysign.o)
 .debug_aranges
                0x0000000000000f00       0x20 /usr/lib/gcc/arm-none-eabi/6.3.1/thumb/v7e-m/fpv4-sp/hard/libgcc.a(_arm_addsubdf3.o)
 .debug_aranges
                0x0000000000000f20       0x20 /usr/lib/gcc/arm-none-eabi/6.3.1/thumb/v7e-m/fpv4-sp/hard/libgcc.a(_arm_muldivdf3.o)
 .debug_aranges
                0x0000000000000f40       0x20 /usr/lib/gcc/arm-none-eabi/6.3.1/thumb/v7e-m/fpv4-sp/hard/libgcc.a(_arm_cmpdf2.o)
 .debug_aranges
                0x0000000000000f60       0x20 /usr/lib/gcc/arm-none-eabi/6.3.1/thumb/v7e-m/fpv4-sp/hard/libgcc.a(_arm_fixdfsi.o)
 .debug_aranges
                0x0000000000000f80       0x20 /usr/lib/gcc/arm-none-eabi/6.3.1/thumb/v7e-m/fpv4-sp/hard/libgcc.a(_arm_fixunsdfsi.o)
 .debug_aranges
                0x0000000000000fa0       0x20 /usr/lib/gcc/arm-none-eabi/6.3.1/thumb/v7e-m/fpv4-sp/hard/libgcc.a(_aeabi_uldivmod.o)
 .debug_aranges
                0x0000000000000fc0       0x20 /usr/lib/gcc/arm-none-eabi/6.3.1/thumb/v7e-m/fpv4-sp/hard/libgcc.a(_udivmoddi4.o)
 .debug_aranges
                0x0000000000000fe0       0x20 /usr/lib/gcc/arm-none-eabi/6.3.1/thumb/v7e-m/fpv4-sp/hard/libgcc.a(_dvmd_tls.o)

.debug_ranges   0x0000000000000000      0xe88
 .debug_ranges  0x0000000000000000       0x60 build/main.o
 .debug_ranges  0x0000000000000060       0x70 build/waves.o
 .debug_ranges  0x00000000000000d0       0x10 build/midi.o
 .debug_ranges  0x00000000000000e0       0x60 build/stm32f4xx_it.o
 .debug_ranges  0x0000000000000140       0x40 build/stm32f4xx_hal_msp.o
 .debug_ranges  0x0000000000000180      0x1c0 build/stm32f4xx_hal_spi.o
 .debug_ranges  0x0000000000000340      0x398 build/stm32f4xx_hal_tim.o
 .debug_ranges  0x00000000000006d8      0x140 build/stm32f4xx_hal_tim_ex.o
 .debug_ranges  0x0000000000000818      0x1c0 build/stm32f4xx_hal_uart.o
 .debug_ranges  0x00000000000009d8       0x90 build/stm32f4xx_hal_rcc.o
 .debug_ranges  0x0000000000000a68       0x48 build/stm32f4xx_hal_gpio.o
 .debug_ranges  0x0000000000000ab0       0x80 build/stm32f4xx_hal_dma.o
 .debug_ranges  0x0000000000000b30       0xf8 build/stm32f4xx_hal_cortex.o
 .debug_ranges  0x0000000000000c28       0xf0 build/stm32f4xx_hal.o
 .debug_ranges  0x0000000000000d18       0x18 build/system_stm32f4xx.o
 .debug_ranges  0x0000000000000d30       0x20 build/startup_stm32f429xx.o
 .debug_ranges  0x0000000000000d50       0x38 /usr/lib/gcc/arm-none-eabi/6.3.1/../../../arm-none-eabi/lib/thumb/v7e-m/fpv4-sp/hard/libm.a(lib_a-e_rem_pio2.o)
 .debug_ranges  0x0000000000000d88       0x18 /usr/lib/gcc/arm-none-eabi/6.3.1/../../../arm-none-eabi/lib/thumb/v7e-m/fpv4-sp/hard/libm.a(lib_a-s_floor.o)
 .debug_ranges  0x0000000000000da0       0x18 /usr/lib/gcc/arm-none-eabi/6.3.1/../../../arm-none-eabi/lib/thumb/v7e-m/fpv4-sp/hard/libm.a(lib_a-s_scalbn.o)
 .debug_ranges  0x0000000000000db8       0xd0 /usr/lib/gcc/arm-none-eabi/6.3.1/thumb/v7e-m/fpv4-sp/hard/libgcc.a(_udivmoddi4.o)

.debug_line     0x0000000000000000     0x7333
 .debug_line    0x0000000000000000      0x4b3 build/main.o
 .debug_line    0x00000000000004b3      0x20d build/waves.o
 .debug_line    0x00000000000006c0      0x17e build/midi.o
 .debug_line    0x000000000000083e      0x241 build/stm32f4xx_it.o
 .debug_line    0x0000000000000a7f      0x277 build/stm32f4xx_hal_msp.o
 .debug_line    0x0000000000000cf6      0xbc9 build/stm32f4xx_hal_spi.o
 .debug_line    0x00000000000018bf     0x140d build/stm32f4xx_hal_tim.o
 .debug_line    0x0000000000002ccc      0x7ce build/stm32f4xx_hal_tim_ex.o
 .debug_line    0x000000000000349a      0xaf3 build/stm32f4xx_hal_uart.o
 .debug_line    0x0000000000003f8d      0x423 build/stm32f4xx_hal_rcc.o
 .debug_line    0x00000000000043b0      0x31f build/stm32f4xx_hal_gpio.o
 .debug_line    0x00000000000046cf      0x4b0 build/stm32f4xx_hal_dma.o
 .debug_line    0x0000000000004b7f      0x3a3 build/stm32f4xx_hal_cortex.o
 .debug_line    0x0000000000004f22      0x3aa build/stm32f4xx_hal.o
 .debug_line    0x00000000000052cc      0x144 build/system_stm32f4xx.o
 .debug_line    0x0000000000005410       0x74 build/startup_stm32f429xx.o
 .debug_line    0x0000000000005484       0xbe /usr/lib/gcc/arm-none-eabi/6.3.1/../../../arm-none-eabi/lib/thumb/v7e-m/fpv4-sp/hard/libc_nano.a(lib_a-init.o)
 .debug_line    0x0000000000005542      0x17c /usr/lib/gcc/arm-none-eabi/6.3.1/../../../arm-none-eabi/lib/thumb/v7e-m/fpv4-sp/hard/libc_nano.a(lib_a-memset.o)
 .debug_line    0x00000000000056be      0x210 /usr/lib/gcc/arm-none-eabi/6.3.1/../../../arm-none-eabi/lib/thumb/v7e-m/fpv4-sp/hard/libm.a(lib_a-s_sin.o)
 .debug_line    0x00000000000058ce      0x295 /usr/lib/gcc/arm-none-eabi/6.3.1/../../../arm-none-eabi/lib/thumb/v7e-m/fpv4-sp/hard/libm.a(lib_a-e_rem_pio2.o)
 .debug_line    0x0000000000005b63      0x210 /usr/lib/gcc/arm-none-eabi/6.3.1/../../../arm-none-eabi/lib/thumb/v7e-m/fpv4-sp/hard/libm.a(lib_a-k_cos.o)
 .debug_line    0x0000000000005d73      0x3cc /usr/lib/gcc/arm-none-eabi/6.3.1/../../../arm-none-eabi/lib/thumb/v7e-m/fpv4-sp/hard/libm.a(lib_a-k_rem_pio2.o)
 .debug_line    0x000000000000613f      0x204 /usr/lib/gcc/arm-none-eabi/6.3.1/../../../arm-none-eabi/lib/thumb/v7e-m/fpv4-sp/hard/libm.a(lib_a-k_sin.o)
 .debug_line    0x0000000000006343      0x1e7 /usr/lib/gcc/arm-none-eabi/6.3.1/../../../arm-none-eabi/lib/thumb/v7e-m/fpv4-sp/hard/libm.a(lib_a-s_fabs.o)
 .debug_line    0x000000000000652a      0x25b /usr/lib/gcc/arm-none-eabi/6.3.1/../../../arm-none-eabi/lib/thumb/v7e-m/fpv4-sp/hard/libm.a(lib_a-s_floor.o)
 .debug_line    0x0000000000006785      0x1e3 /usr/lib/gcc/arm-none-eabi/6.3.1/../../../arm-none-eabi/lib/thumb/v7e-m/fpv4-sp/hard/libm.a(lib_a-s_scalbn.o)
 .debug_line    0x0000000000006968      0x1b7 /usr/lib/gcc/arm-none-eabi/6.3.1/../../../arm-none-eabi/lib/thumb/v7e-m/fpv4-sp/hard/libm.a(lib_a-s_copysign.o)
 .debug_line    0x0000000000006b1f      0x189 /usr/lib/gcc/arm-none-eabi/6.3.1/thumb/v7e-m/fpv4-sp/hard/libgcc.a(_arm_addsubdf3.o)
 .debug_line    0x0000000000006ca8      0x1a5 /usr/lib/gcc/arm-none-eabi/6.3.1/thumb/v7e-m/fpv4-sp/hard/libgcc.a(_arm_muldivdf3.o)
 .debug_line    0x0000000000006e4d       0xc4 /usr/lib/gcc/arm-none-eabi/6.3.1/thumb/v7e-m/fpv4-sp/hard/libgcc.a(_arm_cmpdf2.o)
 .debug_line    0x0000000000006f11       0x80 /usr/lib/gcc/arm-none-eabi/6.3.1/thumb/v7e-m/fpv4-sp/hard/libgcc.a(_arm_fixdfsi.o)
 .debug_line    0x0000000000006f91       0x7c /usr/lib/gcc/arm-none-eabi/6.3.1/thumb/v7e-m/fpv4-sp/hard/libgcc.a(_arm_fixunsdfsi.o)
 .debug_line    0x000000000000700d       0x67 /usr/lib/gcc/arm-none-eabi/6.3.1/thumb/v7e-m/fpv4-sp/hard/libgcc.a(_aeabi_uldivmod.o)
 .debug_line    0x0000000000007074      0x258 /usr/lib/gcc/arm-none-eabi/6.3.1/thumb/v7e-m/fpv4-sp/hard/libgcc.a(_udivmoddi4.o)
 .debug_line    0x00000000000072cc       0x67 /usr/lib/gcc/arm-none-eabi/6.3.1/thumb/v7e-m/fpv4-sp/hard/libgcc.a(_dvmd_tls.o)

.debug_str      0x0000000000000000     0x573c
 .debug_str     0x0000000000000000     0x1179 build/main.o
                                       0x12b5 (size before relaxing)
 .debug_str     0x0000000000001179       0xea build/waves.o
                                        0x683 (size before relaxing)
 .debug_str     0x0000000000001263       0x37 build/midi.o
                                        0x666 (size before relaxing)
 .debug_str     0x000000000000129a       0xf9 build/stm32f4xx_it.o
                                        0x8d7 (size before relaxing)
 .debug_str     0x0000000000001393      0x661 build/stm32f4xx_hal_msp.o
                                       0x1122 (size before relaxing)
 .debug_str     0x00000000000019f4      0x51c build/stm32f4xx_hal_spi.o
                                        0xbeb (size before relaxing)
 .debug_str     0x0000000000001f10      0xdae build/stm32f4xx_hal_tim.o
                                       0x14df (size before relaxing)
 .debug_str     0x0000000000002cbe      0x4d5 build/stm32f4xx_hal_tim_ex.o
                                        0xcf7 (size before relaxing)
 .debug_str     0x0000000000003193      0x52c build/stm32f4xx_hal_uart.o
                                        0xc2a (size before relaxing)
 .debug_str     0x00000000000036bf      0x191 build/stm32f4xx_hal_rcc.o
                                        0x6e8 (size before relaxing)
 .debug_str     0x0000000000003850      0x112 build/stm32f4xx_hal_gpio.o
                                        0x515 (size before relaxing)
 .debug_str     0x0000000000003962      0x2ca build/stm32f4xx_hal_dma.o
                                        0x788 (size before relaxing)
 .debug_str     0x0000000000003c2c      0x4ae build/stm32f4xx_hal_cortex.o
                                        0xca0 (size before relaxing)
 .debug_str     0x00000000000040da      0x2d8 build/stm32f4xx_hal.o
                                        0xc23 (size before relaxing)
 .debug_str     0x00000000000043b2       0x42 build/system_stm32f4xx.o
                                        0x379 (size before relaxing)
 .debug_str     0x00000000000043f4      0x1af /usr/lib/gcc/arm-none-eabi/6.3.1/../../../arm-none-eabi/lib/thumb/v7e-m/fpv4-sp/hard/libc_nano.a(lib_a-init.o)
                                        0x253 (size before relaxing)
 .debug_str     0x00000000000045a3      0x12d /usr/lib/gcc/arm-none-eabi/6.3.1/../../../arm-none-eabi/lib/thumb/v7e-m/fpv4-sp/hard/libc_nano.a(lib_a-memset.o)
                                        0x61a (size before relaxing)
 .debug_str     0x00000000000046d0       0xec /usr/lib/gcc/arm-none-eabi/6.3.1/../../../arm-none-eabi/lib/thumb/v7e-m/fpv4-sp/hard/libm.a(lib_a-s_sin.o)
                                        0x683 (size before relaxing)
 .debug_str     0x00000000000047bc       0xbe /usr/lib/gcc/arm-none-eabi/6.3.1/../../../arm-none-eabi/lib/thumb/v7e-m/fpv4-sp/hard/libm.a(lib_a-e_rem_pio2.o)
                                        0x6f3 (size before relaxing)
 .debug_str     0x000000000000487a       0x39 /usr/lib/gcc/arm-none-eabi/6.3.1/../../../arm-none-eabi/lib/thumb/v7e-m/fpv4-sp/hard/libm.a(lib_a-k_cos.o)
                                        0x668 (size before relaxing)
 .debug_str     0x00000000000048b3       0x70 /usr/lib/gcc/arm-none-eabi/6.3.1/../../../arm-none-eabi/lib/thumb/v7e-m/fpv4-sp/hard/libm.a(lib_a-k_rem_pio2.o)
                                        0x681 (size before relaxing)
 .debug_str     0x0000000000004923       0x34 /usr/lib/gcc/arm-none-eabi/6.3.1/../../../arm-none-eabi/lib/thumb/v7e-m/fpv4-sp/hard/libm.a(lib_a-k_sin.o)
                                        0x668 (size before relaxing)
 .debug_str     0x0000000000004957       0x35 /usr/lib/gcc/arm-none-eabi/6.3.1/../../../arm-none-eabi/lib/thumb/v7e-m/fpv4-sp/hard/libm.a(lib_a-s_fabs.o)
                                        0x65c (size before relaxing)
 .debug_str     0x000000000000498c       0xba /usr/lib/gcc/arm-none-eabi/6.3.1/../../../arm-none-eabi/lib/thumb/v7e-m/fpv4-sp/hard/libm.a(lib_a-s_floor.o)
                                        0x679 (size before relaxing)
 .debug_str     0x0000000000004a46       0xbf /usr/lib/gcc/arm-none-eabi/6.3.1/../../../arm-none-eabi/lib/thumb/v7e-m/fpv4-sp/hard/libm.a(lib_a-s_scalbn.o)
                                        0x68e (size before relaxing)
 .debug_str     0x0000000000004b05       0x3b /usr/lib/gcc/arm-none-eabi/6.3.1/../../../arm-none-eabi/lib/thumb/v7e-m/fpv4-sp/hard/libm.a(lib_a-s_copysign.o)
                                        0x663 (size before relaxing)
 .debug_str     0x0000000000004b40      0xbfc /usr/lib/gcc/arm-none-eabi/6.3.1/thumb/v7e-m/fpv4-sp/hard/libgcc.a(_udivmoddi4.o)
                                        0xcf4 (size before relaxing)

.debug_frame    0x0000000000000000     0x2cd4
 .debug_frame   0x0000000000000000      0x164 build/main.o
 .debug_frame   0x0000000000000164       0xd0 build/waves.o
 .debug_frame   0x0000000000000234       0x38 build/midi.o
 .debug_frame   0x000000000000026c       0xe4 build/stm32f4xx_it.o
 .debug_frame   0x0000000000000350       0xe8 build/stm32f4xx_hal_msp.o
 .debug_frame   0x0000000000000438      0x628 build/stm32f4xx_hal_spi.o
 .debug_frame   0x0000000000000a60      0xbd0 build/stm32f4xx_hal_tim.o
 .debug_frame   0x0000000000001630      0x430 build/stm32f4xx_hal_tim_ex.o
 .debug_frame   0x0000000000001a60      0x57c build/stm32f4xx_hal_uart.o
 .debug_frame   0x0000000000001fdc      0x1ac build/stm32f4xx_hal_rcc.o
 .debug_frame   0x0000000000002188       0xe4 build/stm32f4xx_hal_gpio.o
 .debug_frame   0x000000000000226c      0x1a8 build/stm32f4xx_hal_dma.o
 .debug_frame   0x0000000000002414      0x16c build/stm32f4xx_hal_cortex.o
 .debug_frame   0x0000000000002580      0x220 build/stm32f4xx_hal.o
 .debug_frame   0x00000000000027a0       0x30 build/system_stm32f4xx.o
 .debug_frame   0x00000000000027d0       0x2c /usr/lib/gcc/arm-none-eabi/6.3.1/../../../arm-none-eabi/lib/thumb/v7e-m/fpv4-sp/hard/libc_nano.a(lib_a-init.o)
 .debug_frame   0x00000000000027fc       0x34 /usr/lib/gcc/arm-none-eabi/6.3.1/../../../arm-none-eabi/lib/thumb/v7e-m/fpv4-sp/hard/libc_nano.a(lib_a-memset.o)
 .debug_frame   0x0000000000002830       0x3c /usr/lib/gcc/arm-none-eabi/6.3.1/../../../arm-none-eabi/lib/thumb/v7e-m/fpv4-sp/hard/libm.a(lib_a-s_sin.o)
 .debug_frame   0x000000000000286c       0x44 /usr/lib/gcc/arm-none-eabi/6.3.1/../../../arm-none-eabi/lib/thumb/v7e-m/fpv4-sp/hard/libm.a(lib_a-e_rem_pio2.o)
 .debug_frame   0x00000000000028b0       0x68 /usr/lib/gcc/arm-none-eabi/6.3.1/../../../arm-none-eabi/lib/thumb/v7e-m/fpv4-sp/hard/libm.a(lib_a-k_cos.o)
 .debug_frame   0x0000000000002918       0x50 /usr/lib/gcc/arm-none-eabi/6.3.1/../../../arm-none-eabi/lib/thumb/v7e-m/fpv4-sp/hard/libm.a(lib_a-k_rem_pio2.o)
 .debug_frame   0x0000000000002968       0x68 /usr/lib/gcc/arm-none-eabi/6.3.1/../../../arm-none-eabi/lib/thumb/v7e-m/fpv4-sp/hard/libm.a(lib_a-k_sin.o)
 .debug_frame   0x00000000000029d0       0x20 /usr/lib/gcc/arm-none-eabi/6.3.1/../../../arm-none-eabi/lib/thumb/v7e-m/fpv4-sp/hard/libm.a(lib_a-s_fabs.o)
 .debug_frame   0x00000000000029f0       0x30 /usr/lib/gcc/arm-none-eabi/6.3.1/../../../arm-none-eabi/lib/thumb/v7e-m/fpv4-sp/hard/libm.a(lib_a-s_floor.o)
 .debug_frame   0x0000000000002a20       0x2c /usr/lib/gcc/arm-none-eabi/6.3.1/../../../arm-none-eabi/lib/thumb/v7e-m/fpv4-sp/hard/libm.a(lib_a-s_scalbn.o)
 .debug_frame   0x0000000000002a4c       0x20 /usr/lib/gcc/arm-none-eabi/6.3.1/../../../arm-none-eabi/lib/thumb/v7e-m/fpv4-sp/hard/libm.a(lib_a-s_copysign.o)
 .debug_frame   0x0000000000002a6c       0xac /usr/lib/gcc/arm-none-eabi/6.3.1/thumb/v7e-m/fpv4-sp/hard/libgcc.a(_arm_addsubdf3.o)
 .debug_frame   0x0000000000002b18       0x50 /usr/lib/gcc/arm-none-eabi/6.3.1/thumb/v7e-m/fpv4-sp/hard/libgcc.a(_arm_muldivdf3.o)
 .debug_frame   0x0000000000002b68       0xc4 /usr/lib/gcc/arm-none-eabi/6.3.1/thumb/v7e-m/fpv4-sp/hard/libgcc.a(_arm_cmpdf2.o)
 .debug_frame   0x0000000000002c2c       0x24 /usr/lib/gcc/arm-none-eabi/6.3.1/thumb/v7e-m/fpv4-sp/hard/libgcc.a(_arm_fixdfsi.o)
 .debug_frame   0x0000000000002c50       0x24 /usr/lib/gcc/arm-none-eabi/6.3.1/thumb/v7e-m/fpv4-sp/hard/libgcc.a(_arm_fixunsdfsi.o)
 .debug_frame   0x0000000000002c74       0x2c /usr/lib/gcc/arm-none-eabi/6.3.1/thumb/v7e-m/fpv4-sp/hard/libgcc.a(_aeabi_uldivmod.o)
 .debug_frame   0x0000000000002ca0       0x34 /usr/lib/gcc/arm-none-eabi/6.3.1/thumb/v7e-m/fpv4-sp/hard/libgcc.a(_udivmoddi4.o)

Cross Reference Table

Symbol                                            File
ADC_IRQHandler                                    build/startup_stm32f429xx.o
AHBPrescTable                                     build/system_stm32f4xx.o
                                                  build/stm32f4xx_hal_rcc.o
APBPrescTable                                     build/system_stm32f4xx.o
                                                  build/stm32f4xx_hal_rcc.o
BusFault_Handler                                  build/stm32f4xx_it.o
CAN1_RX0_IRQHandler                               build/startup_stm32f429xx.o
CAN1_RX1_IRQHandler                               build/startup_stm32f429xx.o
CAN1_SCE_IRQHandler                               build/startup_stm32f429xx.o
CAN1_TX_IRQHandler                                build/startup_stm32f429xx.o
CAN2_RX0_IRQHandler                               build/startup_stm32f429xx.o
CAN2_RX1_IRQHandler                               build/startup_stm32f429xx.o
CAN2_SCE_IRQHandler                               build/startup_stm32f429xx.o
CAN2_TX_IRQHandler                                build/startup_stm32f429xx.o
DCMI_IRQHandler                                   build/startup_stm32f429xx.o
DMA1_Stream0_IRQHandler                           build/startup_stm32f429xx.o
DMA1_Stream1_IRQHandler                           build/startup_stm32f429xx.o
DMA1_Stream2_IRQHandler                           build/startup_stm32f429xx.o
DMA1_Stream3_IRQHandler                           build/startup_stm32f429xx.o
DMA1_Stream4_IRQHandler                           build/startup_stm32f429xx.o
DMA1_Stream5_IRQHandler                           build/startup_stm32f429xx.o
DMA1_Stream6_IRQHandler                           build/startup_stm32f429xx.o
DMA1_Stream7_IRQHandler                           build/startup_stm32f429xx.o
DMA2D_IRQHandler                                  build/startup_stm32f429xx.o
DMA2_Stream0_IRQHandler                           build/startup_stm32f429xx.o
DMA2_Stream1_IRQHandler                           build/startup_stm32f429xx.o
DMA2_Stream2_IRQHandler                           build/startup_stm32f429xx.o
DMA2_Stream3_IRQHandler                           build/startup_stm32f429xx.o
DMA2_Stream4_IRQHandler                           build/startup_stm32f429xx.o
DMA2_Stream5_IRQHandler                           build/startup_stm32f429xx.o
DMA2_Stream6_IRQHandler                           build/startup_stm32f429xx.o
DMA2_Stream7_IRQHandler                           build/startup_stm32f429xx.o
DebugMon_Handler                                  build/stm32f4xx_it.o
Default_Handler                                   build/startup_stm32f429xx.o
ETH_IRQHandler                                    build/startup_stm32f429xx.o
ETH_WKUP_IRQHandler                               build/startup_stm32f429xx.o
EXTI0_IRQHandler                                  build/startup_stm32f429xx.o
EXTI15_10_IRQHandler                              build/startup_stm32f429xx.o
EXTI1_IRQHandler                                  build/startup_stm32f429xx.o
EXTI2_IRQHandler                                  build/startup_stm32f429xx.o
EXTI3_IRQHandler                                  build/startup_stm32f429xx.o
EXTI4_IRQHandler                                  build/startup_stm32f429xx.o
EXTI9_5_IRQHandler                                build/startup_stm32f429xx.o
Error_Handler                                     build/main.o
FLASH_Erase_Sector                                build/stm32f4xx_hal_flash_ex.o
                                                  build/stm32f4xx_hal_flash.o
FLASH_FlushCaches                                 build/stm32f4xx_hal_flash_ex.o
                                                  build/stm32f4xx_hal_flash.o
FLASH_IRQHandler                                  build/startup_stm32f429xx.o
FLASH_WaitForLastOperation                        build/stm32f4xx_hal_flash.o
                                                  build/stm32f4xx_hal_flash_ex.o
FMC_IRQHandler                                    build/startup_stm32f429xx.o
FPU_IRQHandler                                    build/startup_stm32f429xx.o
HAL_DBGMCU_DisableDBGSleepMode                    build/stm32f4xx_hal.o
HAL_DBGMCU_DisableDBGStandbyMode                  build/stm32f4xx_hal.o
HAL_DBGMCU_DisableDBGStopMode                     build/stm32f4xx_hal.o
HAL_DBGMCU_EnableDBGSleepMode                     build/stm32f4xx_hal.o
HAL_DBGMCU_EnableDBGStandbyMode                   build/stm32f4xx_hal.o
HAL_DBGMCU_EnableDBGStopMode                      build/stm32f4xx_hal.o
HAL_DMAEx_ChangeMemory                            build/stm32f4xx_hal_dma_ex.o
HAL_DMAEx_MultiBufferStart                        build/stm32f4xx_hal_dma_ex.o
HAL_DMAEx_MultiBufferStart_IT                     build/stm32f4xx_hal_dma_ex.o
HAL_DMA_Abort                                     build/stm32f4xx_hal_dma.o
                                                  build/stm32f4xx_hal_uart.o
                                                  build/stm32f4xx_hal_spi.o
HAL_DMA_Abort_IT                                  build/stm32f4xx_hal_dma.o
                                                  build/stm32f4xx_hal_uart.o
                                                  build/stm32f4xx_hal_tim_ex.o
                                                  build/stm32f4xx_hal_tim.o
                                                  build/stm32f4xx_hal_spi.o
HAL_DMA_DeInit                                    build/stm32f4xx_hal_dma.o
HAL_DMA_GetError                                  build/stm32f4xx_hal_dma.o
                                                  build/stm32f4xx_hal_uart.o
HAL_DMA_GetState                                  build/stm32f4xx_hal_dma.o
HAL_DMA_IRQHandler                                build/stm32f4xx_hal_dma.o
HAL_DMA_Init                                      build/stm32f4xx_hal_dma.o
HAL_DMA_PollForTransfer                           build/stm32f4xx_hal_dma.o
HAL_DMA_RegisterCallback                          build/stm32f4xx_hal_dma.o
HAL_DMA_Start                                     build/stm32f4xx_hal_dma.o
HAL_DMA_Start_IT                                  build/stm32f4xx_hal_dma.o
                                                  build/stm32f4xx_hal_uart.o
                                                  build/stm32f4xx_hal_tim_ex.o
                                                  build/stm32f4xx_hal_tim.o
                                                  build/stm32f4xx_hal_spi.o
HAL_DMA_UnRegisterCallback                        build/stm32f4xx_hal_dma.o
HAL_DeInit                                        build/stm32f4xx_hal.o
HAL_Delay                                         build/stm32f4xx_hal.o
HAL_DisableCompensationCell                       build/stm32f4xx_hal.o
HAL_DisableMemorySwappingBank                     build/stm32f4xx_hal.o
HAL_EXTI_ClearConfigLine                          build/stm32f4xx_hal_exti.o
HAL_EXTI_ClearPending                             build/stm32f4xx_hal_exti.o
HAL_EXTI_GenerateSWI                              build/stm32f4xx_hal_exti.o
HAL_EXTI_GetConfigLine                            build/stm32f4xx_hal_exti.o
HAL_EXTI_GetHandle                                build/stm32f4xx_hal_exti.o
HAL_EXTI_GetPending                               build/stm32f4xx_hal_exti.o
HAL_EXTI_IRQHandler                               build/stm32f4xx_hal_exti.o
HAL_EXTI_RegisterCallback                         build/stm32f4xx_hal_exti.o
HAL_EXTI_SetConfigLine                            build/stm32f4xx_hal_exti.o
HAL_EnableCompensationCell                        build/stm32f4xx_hal.o
HAL_EnableMemorySwappingBank                      build/stm32f4xx_hal.o
HAL_FLASHEx_AdvOBGetConfig                        build/stm32f4xx_hal_flash_ex.o
HAL_FLASHEx_AdvOBProgram                          build/stm32f4xx_hal_flash_ex.o
HAL_FLASHEx_Erase                                 build/stm32f4xx_hal_flash_ex.o
HAL_FLASHEx_Erase_IT                              build/stm32f4xx_hal_flash_ex.o
HAL_FLASHEx_OBGetConfig                           build/stm32f4xx_hal_flash_ex.o
HAL_FLASHEx_OBProgram                             build/stm32f4xx_hal_flash_ex.o
HAL_FLASHEx_OB_DeSelectPCROP                      build/stm32f4xx_hal_flash_ex.o
HAL_FLASHEx_OB_GetBank2WRP                        build/stm32f4xx_hal_flash_ex.o
HAL_FLASHEx_OB_SelectPCROP                        build/stm32f4xx_hal_flash_ex.o
HAL_FLASH_EndOfOperationCallback                  build/stm32f4xx_hal_flash.o
HAL_FLASH_GetError                                build/stm32f4xx_hal_flash.o
HAL_FLASH_IRQHandler                              build/stm32f4xx_hal_flash.o
HAL_FLASH_Lock                                    build/stm32f4xx_hal_flash.o
HAL_FLASH_OB_Launch                               build/stm32f4xx_hal_flash.o
HAL_FLASH_OB_Lock                                 build/stm32f4xx_hal_flash.o
HAL_FLASH_OB_Unlock                               build/stm32f4xx_hal_flash.o
HAL_FLASH_OperationErrorCallback                  build/stm32f4xx_hal_flash.o
HAL_FLASH_Program                                 build/stm32f4xx_hal_flash.o
HAL_FLASH_Program_IT                              build/stm32f4xx_hal_flash.o
HAL_FLASH_Unlock                                  build/stm32f4xx_hal_flash.o
HAL_GPIO_DeInit                                   build/stm32f4xx_hal_gpio.o
                                                  build/stm32f4xx_hal_msp.o
HAL_GPIO_EXTI_Callback                            build/stm32f4xx_hal_gpio.o
HAL_GPIO_EXTI_IRQHandler                          build/stm32f4xx_hal_gpio.o
HAL_GPIO_Init                                     build/stm32f4xx_hal_gpio.o
                                                  build/stm32f4xx_hal_rcc.o
                                                  build/stm32f4xx_hal_msp.o
                                                  build/main.o
HAL_GPIO_LockPin                                  build/stm32f4xx_hal_gpio.o
HAL_GPIO_ReadPin                                  build/stm32f4xx_hal_gpio.o
HAL_GPIO_TogglePin                                build/stm32f4xx_hal_gpio.o
                                                  build/main.o
HAL_GPIO_WritePin                                 build/stm32f4xx_hal_gpio.o
                                                  build/main.o
HAL_GetDEVID                                      build/stm32f4xx_hal.o
HAL_GetHalVersion                                 build/stm32f4xx_hal.o
HAL_GetREVID                                      build/stm32f4xx_hal.o
HAL_GetTick                                       build/stm32f4xx_hal.o
                                                  build/stm32f4xx_hal_pwr_ex.o
                                                  build/stm32f4xx_hal_dma.o
                                                  build/stm32f4xx_hal_flash.o
                                                  build/stm32f4xx_hal_rcc_ex.o
                                                  build/stm32f4xx_hal_rcc.o
                                                  build/stm32f4xx_hal_uart.o
                                                  build/stm32f4xx_hal_spi.o
HAL_GetTickFreq                                   build/stm32f4xx_hal.o
HAL_GetTickPrio                                   build/stm32f4xx_hal.o
HAL_GetUIDw0                                      build/stm32f4xx_hal.o
HAL_GetUIDw1                                      build/stm32f4xx_hal.o
HAL_GetUIDw2                                      build/stm32f4xx_hal.o
HAL_HalfDuplex_EnableReceiver                     build/stm32f4xx_hal_uart.o
HAL_HalfDuplex_EnableTransmitter                  build/stm32f4xx_hal_uart.o
HAL_HalfDuplex_Init                               build/stm32f4xx_hal_uart.o
HAL_IncTick                                       build/stm32f4xx_hal.o
                                                  build/stm32f4xx_it.o
HAL_Init                                          build/stm32f4xx_hal.o
                                                  build/main.o
HAL_InitTick                                      build/stm32f4xx_hal.o
                                                  build/stm32f4xx_hal_rcc_ex.o
                                                  build/stm32f4xx_hal_rcc.o
HAL_LIN_Init                                      build/stm32f4xx_hal_uart.o
HAL_LIN_SendBreak                                 build/stm32f4xx_hal_uart.o
HAL_MPU_ConfigRegion                              build/stm32f4xx_hal_cortex.o
HAL_MPU_Disable                                   build/stm32f4xx_hal_cortex.o
HAL_MPU_Enable                                    build/stm32f4xx_hal_cortex.o
HAL_MspDeInit                                     build/stm32f4xx_hal.o
HAL_MspInit                                       build/stm32f4xx_hal_msp.o
HAL_MultiProcessor_EnterMuteMode                  build/stm32f4xx_hal_uart.o
HAL_MultiProcessor_ExitMuteMode                   build/stm32f4xx_hal_uart.o
HAL_MultiProcessor_Init                           build/stm32f4xx_hal_uart.o
HAL_NVIC_ClearPendingIRQ                          build/stm32f4xx_hal_cortex.o
HAL_NVIC_DisableIRQ                               build/stm32f4xx_hal_cortex.o
                                                  build/stm32f4xx_hal_msp.o
HAL_NVIC_EnableIRQ                                build/stm32f4xx_hal_cortex.o
                                                  build/stm32f4xx_hal_msp.o
HAL_NVIC_GetActive                                build/stm32f4xx_hal_cortex.o
HAL_NVIC_GetPendingIRQ                            build/stm32f4xx_hal_cortex.o
HAL_NVIC_GetPriority                              build/stm32f4xx_hal_cortex.o
HAL_NVIC_GetPriorityGrouping                      build/stm32f4xx_hal_cortex.o
HAL_NVIC_SetPendingIRQ                            build/stm32f4xx_hal_cortex.o
HAL_NVIC_SetPriority                              build/stm32f4xx_hal_cortex.o
                                                  build/stm32f4xx_hal.o
                                                  build/stm32f4xx_hal_msp.o
HAL_NVIC_SetPriorityGrouping                      build/stm32f4xx_hal_cortex.o
                                                  build/stm32f4xx_hal.o
                                                  build/stm32f4xx_hal_msp.o
HAL_NVIC_SystemReset                              build/stm32f4xx_hal_cortex.o
HAL_PWREx_ControlVoltageScaling                   build/stm32f4xx_hal_pwr_ex.o
HAL_PWREx_DisableBkUpReg                          build/stm32f4xx_hal_pwr_ex.o
HAL_PWREx_DisableFlashPowerDown                   build/stm32f4xx_hal_pwr_ex.o
HAL_PWREx_DisableOverDrive                        build/stm32f4xx_hal_pwr_ex.o
HAL_PWREx_EnableBkUpReg                           build/stm32f4xx_hal_pwr_ex.o
HAL_PWREx_EnableFlashPowerDown                    build/stm32f4xx_hal_pwr_ex.o
HAL_PWREx_EnableOverDrive                         build/stm32f4xx_hal_pwr_ex.o
HAL_PWREx_EnterUnderDriveSTOPMode                 build/stm32f4xx_hal_pwr_ex.o
HAL_PWREx_GetVoltageRange                         build/stm32f4xx_hal_pwr_ex.o
HAL_PWR_ConfigPVD                                 build/stm32f4xx_hal_pwr.o
HAL_PWR_DeInit                                    build/stm32f4xx_hal_pwr.o
HAL_PWR_DisableBkUpAccess                         build/stm32f4xx_hal_pwr.o
HAL_PWR_DisablePVD                                build/stm32f4xx_hal_pwr.o
HAL_PWR_DisableSEVOnPend                          build/stm32f4xx_hal_pwr.o
HAL_PWR_DisableSleepOnExit                        build/stm32f4xx_hal_pwr.o
HAL_PWR_DisableWakeUpPin                          build/stm32f4xx_hal_pwr.o
HAL_PWR_EnableBkUpAccess                          build/stm32f4xx_hal_pwr.o
HAL_PWR_EnablePVD                                 build/stm32f4xx_hal_pwr.o
HAL_PWR_EnableSEVOnPend                           build/stm32f4xx_hal_pwr.o
HAL_PWR_EnableSleepOnExit                         build/stm32f4xx_hal_pwr.o
HAL_PWR_EnableWakeUpPin                           build/stm32f4xx_hal_pwr.o
HAL_PWR_EnterSLEEPMode                            build/stm32f4xx_hal_pwr.o
HAL_PWR_EnterSTANDBYMode                          build/stm32f4xx_hal_pwr.o
HAL_PWR_EnterSTOPMode                             build/stm32f4xx_hal_pwr.o
HAL_PWR_PVDCallback                               build/stm32f4xx_hal_pwr.o
HAL_PWR_PVD_IRQHandler                            build/stm32f4xx_hal_pwr.o
HAL_RCCEx_DisablePLLI2S                           build/stm32f4xx_hal_rcc_ex.o
HAL_RCCEx_DisablePLLSAI                           build/stm32f4xx_hal_rcc_ex.o
HAL_RCCEx_EnablePLLI2S                            build/stm32f4xx_hal_rcc_ex.o
HAL_RCCEx_EnablePLLSAI                            build/stm32f4xx_hal_rcc_ex.o
HAL_RCCEx_GetPeriphCLKConfig                      build/stm32f4xx_hal_rcc_ex.o
HAL_RCCEx_GetPeriphCLKFreq                        build/stm32f4xx_hal_rcc_ex.o
HAL_RCCEx_PeriphCLKConfig                         build/stm32f4xx_hal_rcc_ex.o
HAL_RCC_CSSCallback                               build/stm32f4xx_hal_rcc.o
HAL_RCC_ClockConfig                               build/stm32f4xx_hal_rcc.o
                                                  build/main.o
HAL_RCC_DeInit                                    build/stm32f4xx_hal_rcc_ex.o
                                                  build/stm32f4xx_hal_rcc.o
HAL_RCC_DisableCSS                                build/stm32f4xx_hal_rcc.o
HAL_RCC_EnableCSS                                 build/stm32f4xx_hal_rcc.o
HAL_RCC_GetClockConfig                            build/stm32f4xx_hal_rcc.o
HAL_RCC_GetHCLKFreq                               build/stm32f4xx_hal_rcc.o
HAL_RCC_GetOscConfig                              build/stm32f4xx_hal_rcc.o
HAL_RCC_GetPCLK1Freq                              build/stm32f4xx_hal_rcc.o
                                                  build/stm32f4xx_hal_uart.o
HAL_RCC_GetPCLK2Freq                              build/stm32f4xx_hal_rcc.o
                                                  build/stm32f4xx_hal_uart.o
HAL_RCC_GetSysClockFreq                           build/stm32f4xx_hal_rcc.o
HAL_RCC_MCOConfig                                 build/stm32f4xx_hal_rcc.o
HAL_RCC_NMI_IRQHandler                            build/stm32f4xx_hal_rcc.o
HAL_RCC_OscConfig                                 build/stm32f4xx_hal_rcc.o
                                                  build/main.o
HAL_ResumeTick                                    build/stm32f4xx_hal.o
HAL_SPI_Abort                                     build/stm32f4xx_hal_spi.o
HAL_SPI_AbortCpltCallback                         build/stm32f4xx_hal_spi.o
HAL_SPI_Abort_IT                                  build/stm32f4xx_hal_spi.o
HAL_SPI_DMAPause                                  build/stm32f4xx_hal_spi.o
HAL_SPI_DMAResume                                 build/stm32f4xx_hal_spi.o
HAL_SPI_DMAStop                                   build/stm32f4xx_hal_spi.o
HAL_SPI_DeInit                                    build/stm32f4xx_hal_spi.o
HAL_SPI_ErrorCallback                             build/stm32f4xx_hal_spi.o
HAL_SPI_GetError                                  build/stm32f4xx_hal_spi.o
HAL_SPI_GetState                                  build/stm32f4xx_hal_spi.o
                                                  build/midi.o
HAL_SPI_IRQHandler                                build/stm32f4xx_hal_spi.o
                                                  build/stm32f4xx_it.o
HAL_SPI_Init                                      build/stm32f4xx_hal_spi.o
                                                  build/main.o
HAL_SPI_MspDeInit                                 build/stm32f4xx_hal_msp.o
HAL_SPI_MspInit                                   build/stm32f4xx_hal_msp.o
HAL_SPI_Receive                                   build/stm32f4xx_hal_spi.o
HAL_SPI_Receive_DMA                               build/stm32f4xx_hal_spi.o
HAL_SPI_Receive_IT                                build/stm32f4xx_hal_spi.o
HAL_SPI_RxCpltCallback                            build/stm32f4xx_hal_spi.o
HAL_SPI_RxHalfCpltCallback                        build/stm32f4xx_hal_spi.o
HAL_SPI_Transmit                                  build/stm32f4xx_hal_spi.o
HAL_SPI_TransmitReceive                           build/stm32f4xx_hal_spi.o
HAL_SPI_TransmitReceive_DMA                       build/stm32f4xx_hal_spi.o
HAL_SPI_TransmitReceive_IT                        build/stm32f4xx_hal_spi.o
                                                  build/midi.o
HAL_SPI_Transmit_DMA                              build/stm32f4xx_hal_spi.o
HAL_SPI_Transmit_IT                               build/stm32f4xx_hal_spi.o
HAL_SPI_TxCpltCallback                            build/stm32f4xx_hal_spi.o
HAL_SPI_TxHalfCpltCallback                        build/stm32f4xx_hal_spi.o
HAL_SPI_TxRxCpltCallback                          build/main.o
HAL_SPI_TxRxHalfCpltCallback                      build/stm32f4xx_hal_spi.o
HAL_SYSTICK_CLKSourceConfig                       build/stm32f4xx_hal_cortex.o
HAL_SYSTICK_Callback                              build/stm32f4xx_hal_cortex.o
HAL_SYSTICK_Config                                build/stm32f4xx_hal_cortex.o
                                                  build/stm32f4xx_hal.o
HAL_SYSTICK_IRQHandler                            build/stm32f4xx_hal_cortex.o
HAL_SetTickFreq                                   build/stm32f4xx_hal.o
HAL_SuspendTick                                   build/stm32f4xx_hal.o
HAL_TIMEx_BreakCallback                           build/stm32f4xx_hal_tim_ex.o