Archive member included to satisfy reference by file (symbol)

/usr/lib/gcc/arm-none-eabi/6.3.1/../../../arm-none-eabi/lib/thumb/v7e-m/fpv4-sp/hard/libc_nano.a(lib_a-atexit.o)
                              /usr/lib/gcc/arm-none-eabi/6.3.1/../../../arm-none-eabi/lib/thumb/v7e-m/fpv4-sp/hard/crt0.o (atexit)
/usr/lib/gcc/arm-none-eabi/6.3.1/../../../arm-none-eabi/lib/thumb/v7e-m/fpv4-sp/hard/libc_nano.a(lib_a-exit.o)
                              /usr/lib/gcc/arm-none-eabi/6.3.1/../../../arm-none-eabi/lib/thumb/v7e-m/fpv4-sp/hard/crt0.o (exit)
/usr/lib/gcc/arm-none-eabi/6.3.1/../../../arm-none-eabi/lib/thumb/v7e-m/fpv4-sp/hard/libc_nano.a(lib_a-fini.o)
                              /usr/lib/gcc/arm-none-eabi/6.3.1/../../../arm-none-eabi/lib/thumb/v7e-m/fpv4-sp/hard/crt0.o (__libc_fini_array)
/usr/lib/gcc/arm-none-eabi/6.3.1/../../../arm-none-eabi/lib/thumb/v7e-m/fpv4-sp/hard/libc_nano.a(lib_a-impure.o)
                              /usr/lib/gcc/arm-none-eabi/6.3.1/../../../arm-none-eabi/lib/thumb/v7e-m/fpv4-sp/hard/libc_nano.a(lib_a-exit.o) (_global_impure_ptr)
/usr/lib/gcc/arm-none-eabi/6.3.1/../../../arm-none-eabi/lib/thumb/v7e-m/fpv4-sp/hard/libc_nano.a(lib_a-init.o)
                              /usr/lib/gcc/arm-none-eabi/6.3.1/../../../arm-none-eabi/lib/thumb/v7e-m/fpv4-sp/hard/crt0.o (__libc_init_array)
/usr/lib/gcc/arm-none-eabi/6.3.1/../../../arm-none-eabi/lib/thumb/v7e-m/fpv4-sp/hard/libc_nano.a(lib_a-memset.o)
                              /usr/lib/gcc/arm-none-eabi/6.3.1/../../../arm-none-eabi/lib/thumb/v7e-m/fpv4-sp/hard/crt0.o (memset)
/usr/lib/gcc/arm-none-eabi/6.3.1/../../../arm-none-eabi/lib/thumb/v7e-m/fpv4-sp/hard/libc_nano.a(lib_a-__atexit.o)
                              /usr/lib/gcc/arm-none-eabi/6.3.1/../../../arm-none-eabi/lib/thumb/v7e-m/fpv4-sp/hard/libc_nano.a(lib_a-atexit.o) (__register_exitproc)
/usr/lib/gcc/arm-none-eabi/6.3.1/../../../arm-none-eabi/lib/thumb/v7e-m/fpv4-sp/hard/libc_nano.a(lib_a-__call_atexit.o)
                              /usr/lib/gcc/arm-none-eabi/6.3.1/../../../arm-none-eabi/lib/thumb/v7e-m/fpv4-sp/hard/libc_nano.a(lib_a-__atexit.o) (__call_exitprocs)
/usr/lib/gcc/arm-none-eabi/6.3.1/../../../arm-none-eabi/lib/thumb/v7e-m/fpv4-sp/hard/libm.a(lib_a-s_sin.o)
                              build/waves.o (sin)
/usr/lib/gcc/arm-none-eabi/6.3.1/../../../arm-none-eabi/lib/thumb/v7e-m/fpv4-sp/hard/libm.a(lib_a-e_rem_pio2.o)
                              /usr/lib/gcc/arm-none-eabi/6.3.1/../../../arm-none-eabi/lib/thumb/v7e-m/fpv4-sp/hard/libm.a(lib_a-s_sin.o) (__ieee754_rem_pio2)
/usr/lib/gcc/arm-none-eabi/6.3.1/../../../arm-none-eabi/lib/thumb/v7e-m/fpv4-sp/hard/libm.a(lib_a-k_cos.o)
                              /usr/lib/gcc/arm-none-eabi/6.3.1/../../../arm-none-eabi/lib/thumb/v7e-m/fpv4-sp/hard/libm.a(lib_a-s_sin.o) (__kernel_cos)
/usr/lib/gcc/arm-none-eabi/6.3.1/../../../arm-none-eabi/lib/thumb/v7e-m/fpv4-sp/hard/libm.a(lib_a-k_rem_pio2.o)
                              /usr/lib/gcc/arm-none-eabi/6.3.1/../../../arm-none-eabi/lib/thumb/v7e-m/fpv4-sp/hard/libm.a(lib_a-e_rem_pio2.o) (__kernel_rem_pio2)
/usr/lib/gcc/arm-none-eabi/6.3.1/../../../arm-none-eabi/lib/thumb/v7e-m/fpv4-sp/hard/libm.a(lib_a-k_sin.o)
                              /usr/lib/gcc/arm-none-eabi/6.3.1/../../../arm-none-eabi/lib/thumb/v7e-m/fpv4-sp/hard/libm.a(lib_a-s_sin.o) (__kernel_sin)
/usr/lib/gcc/arm-none-eabi/6.3.1/../../../arm-none-eabi/lib/thumb/v7e-m/fpv4-sp/hard/libm.a(lib_a-s_fabs.o)
                              /usr/lib/gcc/arm-none-eabi/6.3.1/../../../arm-none-eabi/lib/thumb/v7e-m/fpv4-sp/hard/libm.a(lib_a-e_rem_pio2.o) (fabs)
/usr/lib/gcc/arm-none-eabi/6.3.1/../../../arm-none-eabi/lib/thumb/v7e-m/fpv4-sp/hard/libm.a(lib_a-s_floor.o)
                              /usr/lib/gcc/arm-none-eabi/6.3.1/../../../arm-none-eabi/lib/thumb/v7e-m/fpv4-sp/hard/libm.a(lib_a-k_rem_pio2.o) (floor)
/usr/lib/gcc/arm-none-eabi/6.3.1/../../../arm-none-eabi/lib/thumb/v7e-m/fpv4-sp/hard/libm.a(lib_a-s_scalbn.o)
                              /usr/lib/gcc/arm-none-eabi/6.3.1/../../../arm-none-eabi/lib/thumb/v7e-m/fpv4-sp/hard/libm.a(lib_a-k_rem_pio2.o) (scalbn)
/usr/lib/gcc/arm-none-eabi/6.3.1/../../../arm-none-eabi/lib/thumb/v7e-m/fpv4-sp/hard/libm.a(lib_a-s_copysign.o)
                              /usr/lib/gcc/arm-none-eabi/6.3.1/../../../arm-none-eabi/lib/thumb/v7e-m/fpv4-sp/hard/libm.a(lib_a-s_scalbn.o) (copysign)
/usr/lib/gcc/arm-none-eabi/6.3.1/../../../arm-none-eabi/lib/thumb/v7e-m/fpv4-sp/hard/libnosys.a(_exit.o)
                              /usr/lib/gcc/arm-none-eabi/6.3.1/../../../arm-none-eabi/lib/thumb/v7e-m/fpv4-sp/hard/libc_nano.a(lib_a-exit.o) (_exit)
/usr/lib/gcc/arm-none-eabi/6.3.1/thumb/v7e-m/fpv4-sp/hard/libgcc.a(_arm_addsubdf3.o)
                              /usr/lib/gcc/arm-none-eabi/6.3.1/../../../arm-none-eabi/lib/thumb/v7e-m/fpv4-sp/hard/libm.a(lib_a-s_sin.o) (__aeabi_dsub)
/usr/lib/gcc/arm-none-eabi/6.3.1/thumb/v7e-m/fpv4-sp/hard/libgcc.a(_arm_muldivdf3.o)
[...]
Memory Configuration

Name             Origin             Length             Attributes
RAM              0x0000000020000000 0x0000000000030000 xrw
CCMRAM           0x0000000010000000 0x0000000000010000 rw
FLASH            0x0000000008000000 0x0000000000200000 xr
*default*        0x0000000000000000 0xffffffffffffffff

Linker script and memory map

LOAD /usr/lib/gcc/arm-none-eabi/6.3.1/thumb/v7e-m/fpv4-sp/hard/crti.o
LOAD /usr/lib/gcc/arm-none-eabi/6.3.1/thumb/v7e-m/fpv4-sp/hard/crtbegin.o
LOAD /usr/lib/gcc/arm-none-eabi/6.3.1/../../../arm-none-eabi/lib/thumb/v7e-m/fpv4-sp/hard/crt0.o
LOAD build/main.o
LOAD build/waves.o
LOAD build/midi.o
LOAD build/stm32f4xx_it.o
LOAD build/stm32f4xx_hal_msp.o
LOAD build/stm32f4xx_hal_spi.o
LOAD build/stm32f4xx_hal_tim.o
LOAD build/stm32f4xx_hal_tim_ex.o
LOAD build/stm32f4xx_hal_uart.o
LOAD build/stm32f4xx_hal_rcc.o
LOAD build/stm32f4xx_hal_rcc_ex.o
LOAD build/stm32f4xx_hal_flash.o
LOAD build/stm32f4xx_hal_flash_ex.o
LOAD build/stm32f4xx_hal_flash_ramfunc.o
LOAD build/stm32f4xx_hal_gpio.o
LOAD build/stm32f4xx_hal_dma_ex.o
LOAD build/stm32f4xx_hal_dma.o
LOAD build/stm32f4xx_hal_pwr.o
LOAD build/stm32f4xx_hal_pwr_ex.o
LOAD build/stm32f4xx_hal_cortex.o
LOAD build/stm32f4xx_hal.o
LOAD build/stm32f4xx_hal_exti.o
LOAD build/system_stm32f4xx.o
LOAD build/startup_stm32f429xx.o
LOAD /usr/lib/gcc/arm-none-eabi/6.3.1/../../../arm-none-eabi/lib/thumb/v7e-m/fpv4-sp/hard/libc_nano.a
LOAD /usr/lib/gcc/arm-none-eabi/6.3.1/../../../arm-none-eabi/lib/thumb/v7e-m/fpv4-sp/hard/libm.a
LOAD /usr/lib/gcc/arm-none-eabi/6.3.1/../../../arm-none-eabi/lib/thumb/v7e-m/fpv4-sp/hard/libnosys.a
START GROUP
LOAD /usr/lib/gcc/arm-none-eabi/6.3.1/thumb/v7e-m/fpv4-sp/hard/libgcc.a
LOAD /usr/lib/gcc/arm-none-eabi/6.3.1/../../../arm-none-eabi/lib/thumb/v7e-m/fpv4-sp/hard/libc_nano.a
END GROUP
START GROUP
LOAD /usr/lib/gcc/arm-none-eabi/6.3.1/thumb/v7e-m/fpv4-sp/hard/libgcc.a
LOAD /usr/lib/gcc/arm-none-eabi/6.3.1/../../../arm-none-eabi/lib/thumb/v7e-m/fpv4-sp/hard/libc_nano.a
END GROUP
LOAD /usr/lib/gcc/arm-none-eabi/6.3.1/thumb/v7e-m/fpv4-sp/hard/crtend.o
LOAD /usr/lib/gcc/arm-none-eabi/6.3.1/thumb/v7e-m/fpv4-sp/hard/crtn.o
                0x0000000020030000                _estack = 0x20030000
                0x0000000000000200                _Min_Heap_Size = 0x200
                0x0000000000000400                _Min_Stack_Size = 0x400

.isr_vector     0x0000000008000000      0x1ac
                0x0000000008000000                . = ALIGN (0x4)
 *(.isr_vector)
 .isr_vector    0x0000000008000000      0x1ac build/startup_stm32f429xx.o
                0x0000000008000000                g_pfnVectors
                0x00000000080001ac                . = ALIGN (0x4)

.text           0x00000000080001b0     0x3ee4
                0x00000000080001b0                . = ALIGN (0x4)
 *(.text)
 .text          0x00000000080001b0       0xa4 /usr/lib/gcc/arm-none-eabi/6.3.1/thumb/v7e-m/fpv4-sp/hard/crtbegin.o
 .text          0x0000000008000254       0x50 /usr/lib/gcc/arm-none-eabi/6.3.1/../../../arm-none-eabi/lib/thumb/v7e-m/fpv4-sp/hard/libc_nano.a(lib_a-init.o)
                0x0000000008000254                __libc_init_array
 .text          0x00000000080002a4       0x9c /usr/lib/gcc/arm-none-eabi/6.3.1/../../../arm-none-eabi/lib/thumb/v7e-m/fpv4-sp/hard/libc_nano.a(lib_a-memset.o)
                0x00000000080002a4                memset
 .text          0x0000000008000340       0xc0 /usr/lib/gcc/arm-none-eabi/6.3.1/../../../arm-none-eabi/lib/thumb/v7e-m/fpv4-sp/hard/libm.a(lib_a-s_sin.o)
                0x0000000008000340                sin
 .text          0x0000000008000400      0x44c /usr/lib/gcc/arm-none-eabi/6.3.1/../../../arm-none-eabi/lib/thumb/v7e-m/fpv4-sp/hard/libm.a(lib_a-e_rem_pio2.o)
                0x0000000008000400                __ieee754_rem_pio2
 *fill*         0x000000000800084c        0x4 
 .text          0x0000000008000850      0x284 /usr/lib/gcc/arm-none-eabi/6.3.1/../../../arm-none-eabi/lib/thumb/v7e-m/fpv4-sp/hard/libm.a(lib_a-k_cos.o)
                0x0000000008000850                __kernel_cos
 *fill*         0x0000000008000ad4        0x4 
 .text          0x0000000008000ad8      0x870 /usr/lib/gcc/arm-none-eabi/6.3.1/../../../arm-none-eabi/lib/thumb/v7e-m/fpv4-sp/hard/libm.a(lib_a-k_rem_pio2.o)
                0x0000000008000ad8                __kernel_rem_pio2
 .text          0x0000000008001348      0x194 /usr/lib/gcc/arm-none-eabi/6.3.1/../../../arm-none-eabi/lib/thumb/v7e-m/fpv4-sp/hard/libm.a(lib_a-k_sin.o)
                0x0000000008001348                __kernel_sin
 .text          0x00000000080014dc       0x10 /usr/lib/gcc/arm-none-eabi/6.3.1/../../../arm-none-eabi/lib/thumb/v7e-m/fpv4-sp/hard/libm.a(lib_a-s_fabs.o)
                0x00000000080014dc                fabs
 *fill*         0x00000000080014ec        0x4 
 .text          0x00000000080014f0      0x120 /usr/lib/gcc/arm-none-eabi/6.3.1/../../../arm-none-eabi/lib/thumb/v7e-m/fpv4-sp/hard/libm.a(lib_a-s_floor.o)
                0x00000000080014f0                floor
 .text          0x0000000008001610      0x10c /usr/lib/gcc/arm-none-eabi/6.3.1/../../../arm-none-eabi/lib/thumb/v7e-m/fpv4-sp/hard/libm.a(lib_a-s_scalbn.o)
                0x0000000008001610                scalbn
 .text          0x000000000800171c       0x1c /usr/lib/gcc/arm-none-eabi/6.3.1/../../../arm-none-eabi/lib/thumb/v7e-m/fpv4-sp/hard/libm.a(lib_a-s_copysign.o)
                0x000000000800171c                copysign
 .text          0x0000000008001738      0x370 /usr/lib/gcc/arm-none-eabi/6.3.1/thumb/v7e-m/fpv4-sp/hard/libgcc.a(_arm_addsubdf3.o)
                0x0000000008001738                __aeabi_drsub
                0x0000000008001740                __aeabi_dsub
                0x0000000008001740                __subdf3
                0x0000000008001744                __adddf3
                0x0000000008001744                __aeabi_dadd
                0x00000000080019bc                __aeabi_ui2d
                0x00000000080019bc                __floatunsidf
                0x00000000080019dc                __floatsidf
                0x00000000080019dc                __aeabi_i2d
                0x0000000008001a00                __extendsfdf2
                0x0000000008001a00                __aeabi_f2d
                0x0000000008001a3c                __aeabi_ul2d
                0x0000000008001a3c                __floatundidf
                0x0000000008001a4c                __floatdidf
                0x0000000008001a4c                __aeabi_l2d
 .text          0x0000000008001aa8      0x424 /usr/lib/gcc/arm-none-eabi/6.3.1/thumb/v7e-m/fpv4-sp/hard/libgcc.a(_arm_muldivdf3.o)
                0x0000000008001aa8                __aeabi_dmul
                0x0000000008001aa8                __muldf3
                0x0000000008001cfc                __aeabi_ddiv
                0x0000000008001cfc                __divdf3
 .text          0x0000000008001ecc      0x110 /usr/lib/gcc/arm-none-eabi/6.3.1/thumb/v7e-m/fpv4-sp/hard/libgcc.a(_arm_cmpdf2.o)
                0x0000000008001ecc                __gtdf2
                0x0000000008001ecc                __gedf2
                0x0000000008001ed4                __ltdf2
                0x0000000008001ed4                __ledf2
                0x0000000008001edc                __cmpdf2
                0x0000000008001edc                __eqdf2
                0x0000000008001edc                __nedf2
                0x0000000008001f58                __aeabi_cdrcmple
                0x0000000008001f68                __aeabi_cdcmple
                0x0000000008001f68                __aeabi_cdcmpeq
                0x0000000008001f78                __aeabi_dcmpeq
                0x0000000008001f8c                __aeabi_dcmplt
                0x0000000008001fa0                __aeabi_dcmple
                0x0000000008001fb4                __aeabi_dcmpge
                0x0000000008001fc8                __aeabi_dcmpgt
 .text          0x0000000008001fdc       0x50 /usr/lib/gcc/arm-none-eabi/6.3.1/thumb/v7e-m/fpv4-sp/hard/libgcc.a(_arm_fixdfsi.o)
                0x0000000008001fdc                __fixdfsi
                0x0000000008001fdc                __aeabi_d2iz
 .text          0x000000000800202c       0x40 /usr/lib/gcc/arm-none-eabi/6.3.1/thumb/v7e-m/fpv4-sp/hard/libgcc.a(_arm_fixunsdfsi.o)
                0x000000000800202c                __fixunsdfsi
                0x000000000800202c                __aeabi_d2uiz
 .text          0x000000000800206c       0x30 /usr/lib/gcc/arm-none-eabi/6.3.1/thumb/v7e-m/fpv4-sp/hard/libgcc.a(_aeabi_uldivmod.o)
                0x000000000800206c                __aeabi_uldivmod
 .text          0x000000000800209c      0x2dc /usr/lib/gcc/arm-none-eabi/6.3.1/thumb/v7e-m/fpv4-sp/hard/libgcc.a(_udivmoddi4.o)
                0x000000000800209c                __udivmoddi4
 .text          0x0000000008002378        0x4 /usr/lib/gcc/arm-none-eabi/6.3.1/thumb/v7e-m/fpv4-sp/hard/libgcc.a(_dvmd_tls.o)
                0x0000000008002378                __aeabi_ldiv0
                0x0000000008002378                __aeabi_idiv0
 *(.text*)
 .text.MX_GPIO_Init
                0x000000000800237c      0x3b8 build/main.o
 .text.MX_SPI5_Init
                0x0000000008002734       0x30 build/main.o
 .text.MX_USART1_UART_Init
                0x0000000008002764       0x2c build/main.o
 .text.SystemClock_Config
                0x0000000008002790       0x98 build/main.o
                0x0000000008002790                SystemClock_Config
 .text.main     0x0000000008002828      0x190 build/main.o
                0x0000000008002828                main
 .text.HAL_SPI_TxRxCpltCallback
                0x00000000080029b8       0x44 build/main.o
                0x00000000080029b8                HAL_SPI_TxRxCpltCallback
 *fill*         0x00000000080029fc        0x4 
 .text.generate_base_sine
                0x0000000008002a00       0x60 build/waves.o
                0x0000000008002a00                generate_base_sine
 .text.generate_lfo_sine
                0x0000000008002a60       0x54 build/waves.o
                0x0000000008002a60                generate_lfo_sine
 .text.init_wavetable
                0x0000000008002ab4       0x18 build/waves.o
                0x0000000008002ab4                init_wavetable
 .text.Receive_MIDI
                0x0000000008002acc       0x1a build/midi.o
                0x0000000008002acc                Receive_MIDI
 .text.NMI_Handler
                0x0000000008002ae6        0x2 build/stm32f4xx_it.o
                0x0000000008002ae6                NMI_Handler
 .text.HardFault_Handler
                0x0000000008002ae8        0x2 build/stm32f4xx_it.o
                0x0000000008002ae8                HardFault_Handler
 .text.MemManage_Handler
                0x0000000008002aea        0x2 build/stm32f4xx_it.o
                0x0000000008002aea                MemManage_Handler
 .text.BusFault_Handler
                0x0000000008002aec        0x2 build/stm32f4xx_it.o
                0x0000000008002aec                BusFault_Handler
 .text.UsageFault_Handler
                0x0000000008002aee        0x2 build/stm32f4xx_it.o
                0x0000000008002aee                UsageFault_Handler
 .text.SVC_Handler
                0x0000000008002af0        0x2 build/stm32f4xx_it.o
                0x0000000008002af0                SVC_Handler
 .text.DebugMon_Handler
                0x0000000008002af2        0x2 build/stm32f4xx_it.o
                0x0000000008002af2                DebugMon_Handler
 .text.PendSV_Handler
                0x0000000008002af4        0x2 build/stm32f4xx_it.o
                0x0000000008002af4                PendSV_Handler
 .text.SysTick_Handler
                0x0000000008002af6        0x8 build/stm32f4xx_it.o
                0x0000000008002af6                SysTick_Handler
 *fill*         0x0000000008002afe        0x2 
 .text.SPI5_IRQHandler
                0x0000000008002b00       0x10 build/stm32f4xx_it.o
                0x0000000008002b00                SPI5_IRQHandler
 .text.HAL_MspInit
                0x0000000008002b10       0x40 build/stm32f4xx_hal_msp.o
                0x0000000008002b10                HAL_MspInit
 .text.HAL_SPI_MspInit
                0x0000000008002b50       0x94 build/stm32f4xx_hal_msp.o
                0x0000000008002b50                HAL_SPI_MspInit
 .text.HAL_UART_MspInit
                0x0000000008002be4       0x78 build/stm32f4xx_hal_msp.o
                0x0000000008002be4                HAL_UART_MspInit
 .text.SPI_WaitFlagStateUntilTimeout
                0x0000000008002c5c       0x90 build/stm32f4xx_hal_spi.o
 .text.SPI_EndRxTxTransaction
                0x0000000008002cec       0x68 build/stm32f4xx_hal_spi.o
 .text.HAL_SPI_Init
                0x0000000008002d54       0x80 build/stm32f4xx_hal_spi.o
                0x0000000008002d54                HAL_SPI_Init
 .text.HAL_SPI_TransmitReceive_IT
                0x0000000008002dd4       0xc8 build/stm32f4xx_hal_spi.o
                0x0000000008002dd4                HAL_SPI_TransmitReceive_IT
 .text.HAL_SPI_RxCpltCallback
                0x0000000008002e9c        0x2 build/stm32f4xx_hal_spi.o
                0x0000000008002e9c                HAL_SPI_RxCpltCallback
 .text.HAL_SPI_ErrorCallback
                0x0000000008002e9e        0x2 build/stm32f4xx_hal_spi.o
                0x0000000008002e9e                HAL_SPI_ErrorCallback
 .text.SPI_CloseRxTx_ISR
                0x0000000008002ea0       0xb0 build/stm32f4xx_hal_spi.o
 .text.SPI_2linesTxISR_8BIT
                0x0000000008002f50       0x38 build/stm32f4xx_hal_spi.o
 .text.SPI_2linesRxISR_8BIT
                0x0000000008002f88       0x38 build/stm32f4xx_hal_spi.o
 .text.SPI_2linesTxISR_16BIT
                0x0000000008002fc0       0x38 build/stm32f4xx_hal_spi.o
 .text.SPI_2linesRxISR_16BIT
                0x0000000008002ff8       0x38 build/stm32f4xx_hal_spi.o
 .text.HAL_SPI_IRQHandler
                0x0000000008003030      0x118 build/stm32f4xx_hal_spi.o
                0x0000000008003030                HAL_SPI_IRQHandler
 .text.SPI_DMAAbortOnError
                0x0000000008003148       0x10 build/stm32f4xx_hal_spi.o
 .text.UART_SetConfig
                0x0000000008003158      0x344 build/stm32f4xx_hal_uart.o
 .text.UART_WaitOnFlagUntilTimeout
                0x000000000800349c       0x64 build/stm32f4xx_hal_uart.o
 .text.HAL_UART_Init
                0x0000000008003500       0x5e build/stm32f4xx_hal_uart.o
                0x0000000008003500                HAL_UART_Init
 .text.HAL_UART_Transmit
                0x000000000800355e       0xe2 build/stm32f4xx_hal_uart.o
                0x000000000800355e                HAL_UART_Transmit
 .text.HAL_RCC_OscConfig
                0x0000000008003640      0x398 build/stm32f4xx_hal_rcc.o
                0x0000000008003640                HAL_RCC_OscConfig
 .text.HAL_RCC_GetSysClockFreq
                0x00000000080039d8       0xd4 build/stm32f4xx_hal_rcc.o
                0x00000000080039d8                HAL_RCC_GetSysClockFreq
 .text.HAL_RCC_ClockConfig
                0x0000000008003aac      0x158 build/stm32f4xx_hal_rcc.o
                0x0000000008003aac                HAL_RCC_ClockConfig
 .text.HAL_RCC_GetHCLKFreq
                0x0000000008003c04        0xc build/stm32f4xx_hal_rcc.o
                0x0000000008003c04                HAL_RCC_GetHCLKFreq
 .text.HAL_RCC_GetPCLK1Freq
                0x0000000008003c10       0x20 build/stm32f4xx_hal_rcc.o
                0x0000000008003c10                HAL_RCC_GetPCLK1Freq
 .text.HAL_RCC_GetPCLK2Freq
                0x0000000008003c30       0x20 build/stm32f4xx_hal_rcc.o
                0x0000000008003c30                HAL_RCC_GetPCLK2Freq
 .text.HAL_GPIO_Init
                0x0000000008003c50      0x1e4 build/stm32f4xx_hal_gpio.o
                0x0000000008003c50                HAL_GPIO_Init
 .text.HAL_GPIO_WritePin
                0x0000000008003e34        0xc build/stm32f4xx_hal_gpio.o
                0x0000000008003e34                HAL_GPIO_WritePin
 .text.HAL_DMA_Abort_IT
                0x0000000008003e40       0x26 build/stm32f4xx_hal_dma.o
                0x0000000008003e40                HAL_DMA_Abort_IT
 *fill*         0x0000000008003e66        0x2 
 .text.HAL_NVIC_SetPriorityGrouping
                0x0000000008003e68       0x24 build/stm32f4xx_hal_cortex.o
                0x0000000008003e68                HAL_NVIC_SetPriorityGrouping
 .text.HAL_NVIC_SetPriority
                0x0000000008003e8c       0x64 build/stm32f4xx_hal_cortex.o
                0x0000000008003e8c                HAL_NVIC_SetPriority
 .text.HAL_NVIC_EnableIRQ
                0x0000000008003ef0       0x1c build/stm32f4xx_hal_cortex.o
                0x0000000008003ef0                HAL_NVIC_EnableIRQ
 .text.HAL_SYSTICK_Config
                0x0000000008003f0c       0x2c build/stm32f4xx_hal_cortex.o
                0x0000000008003f0c                HAL_SYSTICK_Config
 .text.HAL_InitTick
                0x0000000008003f38       0x4c build/stm32f4xx_hal.o
                0x0000000008003f38                HAL_InitTick
 .text.HAL_Init
                0x0000000008003f84       0x34 build/stm32f4xx_hal.o
                0x0000000008003f84                HAL_Init
 .text.HAL_IncTick
                0x0000000008003fb8       0x18 build/stm32f4xx_hal.o
                0x0000000008003fb8                HAL_IncTick
 .text.HAL_GetTick
                0x0000000008003fd0        0xc build/stm32f4xx_hal.o
                0x0000000008003fd0                HAL_GetTick
 .text.SystemInit
                0x0000000008003fdc       0x4c build/system_stm32f4xx.o
                0x0000000008003fdc                SystemInit
 .text.Reset_Handler
                0x0000000008004028       0x50 build/startup_stm32f429xx.o
                0x0000000008004028                Reset_Handler
 .text.Default_Handler
                0x0000000008004078        0x2 build/startup_stm32f429xx.o
                0x0000000008004078                RTC_Alarm_IRQHandler
                0x0000000008004078                HASH_RNG_IRQHandler
                0x0000000008004078                EXTI2_IRQHandler
                0x0000000008004078                TIM8_CC_IRQHandler
                0x0000000008004078                UART8_IRQHandler
                0x0000000008004078                SPI4_IRQHandler
                0x0000000008004078                TIM1_CC_IRQHandler
                0x0000000008004078                DMA2_Stream5_IRQHandler
                0x0000000008004078                DMA1_Stream5_IRQHandler
                0x0000000008004078                PVD_IRQHandler
                0x0000000008004078                SDIO_IRQHandler
                0x0000000008004078                TAMP_STAMP_IRQHandler
                0x0000000008004078                CAN2_RX1_IRQHandler
                0x0000000008004078                EXTI3_IRQHandler
                0x0000000008004078                TIM8_TRG_COM_TIM14_IRQHandler
                0x0000000008004078                TIM1_UP_TIM10_IRQHandler
                0x0000000008004078                TIM8_UP_TIM13_IRQHandler
                0x0000000008004078                I2C3_ER_IRQHandler
                0x0000000008004078                EXTI0_IRQHandler
                0x0000000008004078                I2C2_EV_IRQHandler
                0x0000000008004078                DMA1_Stream2_IRQHandler
                0x0000000008004078                CAN1_RX0_IRQHandler
                0x0000000008004078                FPU_IRQHandler
                0x0000000008004078                OTG_HS_WKUP_IRQHandler
                0x0000000008004078                LTDC_ER_IRQHandler
                0x0000000008004078                CAN2_SCE_IRQHandler
                0x0000000008004078                DMA2_Stream2_IRQHandler
                0x0000000008004078                SPI1_IRQHandler
                0x0000000008004078                TIM6_DAC_IRQHandler
                0x0000000008004078                TIM1_BRK_TIM9_IRQHandler
                0x0000000008004078                DCMI_IRQHandler
                0x0000000008004078                CAN2_RX0_IRQHandler
                0x0000000008004078                DMA2_Stream3_IRQHandler
                0x0000000008004078                USART6_IRQHandler
                0x0000000008004078                USART3_IRQHandler
                0x0000000008004078                CAN1_RX1_IRQHandler
                0x0000000008004078                UART5_IRQHandler
                0x0000000008004078                DMA2_Stream0_IRQHandler
                0x0000000008004078                TIM4_IRQHandler
                0x0000000008004078                I2C1_EV_IRQHandler
                0x0000000008004078                DMA1_Stream6_IRQHandler
                0x0000000008004078                DMA1_Stream1_IRQHandler
                0x0000000008004078                UART4_IRQHandler
                0x0000000008004078                TIM3_IRQHandler
                0x0000000008004078                RCC_IRQHandler
                0x0000000008004078                TIM8_BRK_TIM12_IRQHandler
                0x0000000008004078                Default_Handler
                0x0000000008004078                EXTI15_10_IRQHandler
                0x0000000008004078                ADC_IRQHandler
                0x0000000008004078                DMA1_Stream7_IRQHandler
                0x0000000008004078                TIM7_IRQHandler
                0x0000000008004078                CAN2_TX_IRQHandler
                0x0000000008004078                TIM5_IRQHandler
                0x0000000008004078                DMA2_Stream7_IRQHandler
                0x0000000008004078                I2C3_EV_IRQHandler
                0x0000000008004078                EXTI9_5_IRQHandler
                0x0000000008004078                RTC_WKUP_IRQHandler
                0x0000000008004078                LTDC_IRQHandler
                0x0000000008004078                ETH_WKUP_IRQHandler
                0x0000000008004078                SPI2_IRQHandler
                0x0000000008004078                OTG_HS_EP1_IN_IRQHandler
                0x0000000008004078                DMA1_Stream0_IRQHandler
                0x0000000008004078                CAN1_TX_IRQHandler
                0x0000000008004078                EXTI4_IRQHandler
                0x0000000008004078                ETH_IRQHandler
                0x0000000008004078                OTG_HS_EP1_OUT_IRQHandler
                0x0000000008004078                WWDG_IRQHandler
                0x0000000008004078                SPI6_IRQHandler
                0x0000000008004078                TIM2_IRQHandler
                0x0000000008004078                OTG_FS_WKUP_IRQHandler
                0x0000000008004078                TIM1_TRG_COM_TIM11_IRQHandler
                0x0000000008004078                OTG_HS_IRQHandler
                0x0000000008004078                DMA2D_IRQHandler
                0x0000000008004078                EXTI1_IRQHandler
                0x0000000008004078                UART7_IRQHandler
                0x0000000008004078                USART2_IRQHandler
                0x0000000008004078                I2C2_ER_IRQHandler
                0x0000000008004078                DMA2_Stream1_IRQHandler
                0x0000000008004078                CAN1_SCE_IRQHandler
                0x0000000008004078                FLASH_IRQHandler
                0x0000000008004078                DMA2_Stream4_IRQHandler
                0x0000000008004078                USART1_IRQHandler
                0x0000000008004078                OTG_FS_IRQHandler
                0x0000000008004078                SPI3_IRQHandler
                0x0000000008004078                DMA1_Stream4_IRQHandler
                0x0000000008004078                I2C1_ER_IRQHandler
                0x0000000008004078                FMC_IRQHandler
                0x0000000008004078                DMA2_Stream6_IRQHandler
                0x0000000008004078                SAI1_IRQHandler
                0x0000000008004078                DMA1_Stream3_IRQHandler
 *(.glue_7)
 .glue_7        0x000000000800407a        0x0 linker stubs
 *(.glue_7t)
 .glue_7t       0x000000000800407a        0x0 linker stubs
 *(.eh_frame)
 *fill*         0x000000000800407a        0x2 
 .eh_frame      0x000000000800407c        0x0 /usr/lib/gcc/arm-none-eabi/6.3.1/thumb/v7e-m/fpv4-sp/hard/crtbegin.o
 *(.init)
 .init          0x000000000800407c        0x4 /usr/lib/gcc/arm-none-eabi/6.3.1/thumb/v7e-m/fpv4-sp/hard/crti.o
                0x000000000800407c                _init
 .init          0x0000000008004080        0x8 /usr/lib/gcc/arm-none-eabi/6.3.1/thumb/v7e-m/fpv4-sp/hard/crtn.o
 *(.fini)
 .fini          0x0000000008004088        0x4 /usr/lib/gcc/arm-none-eabi/6.3.1/thumb/v7e-m/fpv4-sp/hard/crti.o
                0x0000000008004088                _fini
 .fini          0x000000000800408c        0x8 /usr/lib/gcc/arm-none-eabi/6.3.1/thumb/v7e-m/fpv4-sp/hard/crtn.o
                0x0000000008004094                . = ALIGN (0x4)
                0x0000000008004094                _etext = .

.vfp11_veneer   0x0000000008004094        0x0
 .vfp11_veneer  0x0000000008004094        0x0 linker stubs

.v4_bx          0x0000000008004094        0x0
 .v4_bx         0x0000000008004094        0x0 linker stubs

.iplt           0x0000000008004094        0x0
 .iplt          0x0000000008004094        0x0 /usr/lib/gcc/arm-none-eabi/6.3.1/thumb/v7e-m/fpv4-sp/hard/crtbegin.o

.rodata         0x0000000008004098      0x2f0
                0x0000000008004098                . = ALIGN (0x4)
 *(.rodata)
 .rodata        0x0000000008004098      0x188 /usr/lib/gcc/arm-none-eabi/6.3.1/../../../arm-none-eabi/lib/thumb/v7e-m/fpv4-sp/hard/libm.a(lib_a-e_rem_pio2.o)
 .rodata        0x0000000008004220       0x50 /usr/lib/gcc/arm-none-eabi/6.3.1/../../../arm-none-eabi/lib/thumb/v7e-m/fpv4-sp/hard/libm.a(lib_a-k_rem_pio2.o)
 *(.rodata*)
 .rodata.midi_notes
                0x0000000008004270       0xfe build/midi.o
                0x0000000008004270                midi_notes
 *fill*         0x000000000800436e        0x2 
 .rodata.AHBPrescTable
                0x0000000008004370       0x10 build/system_stm32f4xx.o
                0x0000000008004370                AHBPrescTable
 .rodata.APBPrescTable
                0x0000000008004380        0x8 build/system_stm32f4xx.o
                0x0000000008004380                APBPrescTable
                0x0000000008004388                . = ALIGN (0x4)

.ARM.extab
 *(.ARM.extab* .gnu.linkonce.armextab.*)

.ARM            0x0000000008004388        0x8
                0x0000000008004388                __exidx_start = .
 *(.ARM.exidx*)
 .ARM.exidx     0x0000000008004388        0x8 /usr/lib/gcc/arm-none-eabi/6.3.1/thumb/v7e-m/fpv4-sp/hard/libgcc.a(_udivmoddi4.o)
                0x0000000008004390                __exidx_end = .

.rel.dyn        0x0000000008004390        0x0
 .rel.iplt      0x0000000008004390        0x0 /usr/lib/gcc/arm-none-eabi/6.3.1/thumb/v7e-m/fpv4-sp/hard/crtbegin.o

.preinit_array  0x0000000008004390        0x0
                0x0000000008004390                PROVIDE (__preinit_array_start, .)
 *(.preinit_array*)
                0x0000000008004390                PROVIDE (__preinit_array_end, .)

.init_array     0x0000000008004390        0x4
                0x0000000008004390                PROVIDE (__init_array_start, .)
 *(SORT(.init_array.*))
 *(.init_array*)
 .init_array    0x0000000008004390        0x4 /usr/lib/gcc/arm-none-eabi/6.3.1/thumb/v7e-m/fpv4-sp/hard/crtbegin.o
                0x0000000008004394                PROVIDE (__init_array_end, .)

.fini_array     0x0000000008004394        0x4
                0x0000000008004394                PROVIDE (__fini_array_start, .)
 *(SORT(.fini_array.*))
 *(.fini_array*)
 .fini_array    0x0000000008004394        0x4 /usr/lib/gcc/arm-none-eabi/6.3.1/thumb/v7e-m/fpv4-sp/hard/crtbegin.o
                0x0000000008004398                PROVIDE (__fini_array_end, .)
                0x0000000008004398                _sidata = LOADADDR (.data)

.data           0x0000000020000000        0xc load address 0x0000000008004398
                0x0000000020000000                . = ALIGN (0x4)
                0x0000000020000000                _sdata = .
 *(.data)
 *(.data*)
 .data.uwTickFreq
                0x0000000020000000        0x1 build/stm32f4xx_hal.o
                0x0000000020000000                uwTickFreq
 *fill*         0x0000000020000001        0x3 
 .data.uwTickPrio
                0x0000000020000004        0x4 build/stm32f4xx_hal.o
                0x0000000020000004                uwTickPrio
 .data.SystemCoreClock
                0x0000000020000008        0x4 build/system_stm32f4xx.o
                0x0000000020000008                SystemCoreClock
                0x000000002000000c                . = ALIGN (0x4)
                0x000000002000000c                _edata = .
                0x00000000080043a4                _siccmram = LOADADDR (.ccmram)

.jcr            0x000000002000000c        0x0 load address 0x00000000080043a4
 .jcr           0x000000002000000c        0x0 /usr/lib/gcc/arm-none-eabi/6.3.1/thumb/v7e-m/fpv4-sp/hard/crtbegin.o

.tm_clone_table
                0x000000002000000c        0x0 load address 0x00000000080043a4
 .tm_clone_table
                0x000000002000000c        0x0 /usr/lib/gcc/arm-none-eabi/6.3.1/thumb/v7e-m/fpv4-sp/hard/crtbegin.o
 .tm_clone_table
                0x000000002000000c        0x0 /usr/lib/gcc/arm-none-eabi/6.3.1/thumb/v7e-m/fpv4-sp/hard/crtend.o

.igot.plt       0x000000002000000c        0x0 load address 0x00000000080043a4
 .igot.plt      0x000000002000000c        0x0 /usr/lib/gcc/arm-none-eabi/6.3.1/thumb/v7e-m/fpv4-sp/hard/crtbegin.o

.ccmram         0x0000000010000000        0x0 load address 0x00000000080043a4
                0x0000000010000000                . = ALIGN (0x4)
                0x0000000010000000                _sccmram = .
 *(.ccmram)
 *(.ccmram*)
                0x0000000010000000                . = ALIGN (0x4)
                0x0000000010000000                _eccmram = .
                0x0000000010000000                . = ALIGN (0x4)

.bss            0x000000002000000c     0x21c0
                0x000000002000000c                _sbss = .
                0x000000002000000c                __bss_start__ = _sbss
 *(.bss)
 .bss           0x000000002000000c       0x1c /usr/lib/gcc/arm-none-eabi/6.3.1/thumb/v7e-m/fpv4-sp/hard/crtbegin.o
 *(.bss*)
 .bss.spi_byte_counter.8297
                0x0000000020000028        0x1 build/main.o
 *(COMMON)
 *fill*         0x0000000020000029        0x3 
 COMMON         0x000000002000002c     0x219c build/main.o
                0x000000002000002c                hspi5
                0x0000000020000084                spi_rx_buffer
                0x0000000020000088                lfo_sine
                0x0000000020000188                huart1
                0x00000000200001c8                base_sine
 COMMON         0x00000000200021c8        0x4 build/stm32f4xx_hal.o
                0x00000000200021c8                uwTick
                0x00000000200021cc                . = ALIGN (0x4)
                0x00000000200021cc                _ebss = .
                0x00000000200021cc                __bss_end__ = _ebss

._user_heap_stack
                0x00000000200021cc      0x604
                0x00000000200021d0                . = ALIGN (0x8)
 *fill*         0x00000000200021cc        0x4 
                [!provide]                        PROVIDE (end, .)
                [!provide]                        PROVIDE (_end, .)
                0x00000000200023d0                . = (. + _Min_Heap_Size)
 *fill*         0x00000000200021d0      0x200 
                0x00000000200027d0                . = (. + _Min_Stack_Size)
 *fill*         0x00000000200023d0      0x400 
                0x00000000200027d0                . = ALIGN (0x8)

/DISCARD/
 libc.a(*)
 libm.a(*)
 libgcc.a(*)

.ARM.attributes
                0x0000000000000000       0x30
 *(.ARM.attributes)
 .ARM.attributes
                0x0000000000000000       0x22 /usr/lib/gcc/arm-none-eabi/6.3.1/thumb/v7e-m/fpv4-sp/hard/crti.o
 .ARM.attributes
                0x0000000000000022       0x34 /usr/lib/gcc/arm-none-eabi/6.3.1/thumb/v7e-m/fpv4-sp/hard/crtbegin.o
 .ARM.attributes
                0x0000000000000056       0x39 build/main.o
 .ARM.attributes
                0x000000000000008f       0x39 build/waves.o
 .ARM.attributes
                0x00000000000000c8       0x39 build/midi.o
 .ARM.attributes
                0x0000000000000101       0x39 build/stm32f4xx_it.o
 .ARM.attributes
                0x000000000000013a       0x39 build/stm32f4xx_hal_msp.o
 .ARM.attributes
                0x0000000000000173       0x39 build/stm32f4xx_hal_spi.o
 .ARM.attributes
                0x00000000000001ac       0x39 build/stm32f4xx_hal_uart.o
 .ARM.attributes
                0x00000000000001e5       0x39 build/stm32f4xx_hal_rcc.o
 .ARM.attributes
                0x000000000000021e       0x39 build/stm32f4xx_hal_gpio.o
 .ARM.attributes
                0x0000000000000257       0x39 build/stm32f4xx_hal_dma.o
 .ARM.attributes
                0x0000000000000290       0x39 build/stm32f4xx_hal_cortex.o
 .ARM.attributes
                0x00000000000002c9       0x39 build/stm32f4xx_hal.o
 .ARM.attributes
                0x0000000000000302       0x39 build/system_stm32f4xx.o
 .ARM.attributes
                0x000000000000033b       0x21 build/startup_stm32f429xx.o
 .ARM.attributes
                0x000000000000035c       0x34 /usr/lib/gcc/arm-none-eabi/6.3.1/../../../arm-none-eabi/lib/thumb/v7e-m/fpv4-sp/hard/libc_nano.a(lib_a-init.o)
 .ARM.attributes
                0x0000000000000390       0x34 /usr/lib/gcc/arm-none-eabi/6.3.1/../../../arm-none-eabi/lib/thumb/v7e-m/fpv4-sp/hard/libc_nano.a(lib_a-memset.o)
 .ARM.attributes
                0x00000000000003c4       0x34 /usr/lib/gcc/arm-none-eabi/6.3.1/../../../arm-none-eabi/lib/thumb/v7e-m/fpv4-sp/hard/libm.a(lib_a-s_sin.o)
 .ARM.attributes
                0x00000000000003f8       0x34 /usr/lib/gcc/arm-none-eabi/6.3.1/../../../arm-none-eabi/lib/thumb/v7e-m/fpv4-sp/hard/libm.a(lib_a-e_rem_pio2.o)
 .ARM.attributes
                0x000000000000042c       0x34 /usr/lib/gcc/arm-none-eabi/6.3.1/../../../arm-none-eabi/lib/thumb/v7e-m/fpv4-sp/hard/libm.a(lib_a-k_cos.o)
 .ARM.attributes
                0x0000000000000460       0x34 /usr/lib/gcc/arm-none-eabi/6.3.1/../../../arm-none-eabi/lib/thumb/v7e-m/fpv4-sp/hard/libm.a(lib_a-k_rem_pio2.o)
 .ARM.attributes
                0x0000000000000494       0x34 /usr/lib/gcc/arm-none-eabi/6.3.1/../../../arm-none-eabi/lib/thumb/v7e-m/fpv4-sp/hard/libm.a(lib_a-k_sin.o)
 .ARM.attributes
                0x00000000000004c8       0x34 /usr/lib/gcc/arm-none-eabi/6.3.1/../../../arm-none-eabi/lib/thumb/v7e-m/fpv4-sp/hard/libm.a(lib_a-s_fabs.o)
 .ARM.attributes
                0x00000000000004fc       0x34 /usr/lib/gcc/arm-none-eabi/6.3.1/../../../arm-none-eabi/lib/thumb/v7e-m/fpv4-sp/hard/libm.a(lib_a-s_floor.o)
 .ARM.attributes
                0x0000000000000530       0x34 /usr/lib/gcc/arm-none-eabi/6.3.1/../../../arm-none-eabi/lib/thumb/v7e-m/fpv4-sp/hard/libm.a(lib_a-s_scalbn.o)
 .ARM.attributes
                0x0000000000000564       0x34 /usr/lib/gcc/arm-none-eabi/6.3.1/../../../arm-none-eabi/lib/thumb/v7e-m/fpv4-sp/hard/libm.a(lib_a-s_copysign.o)
 .ARM.attributes
                0x0000000000000598       0x22 /usr/lib/gcc/arm-none-eabi/6.3.1/thumb/v7e-m/fpv4-sp/hard/libgcc.a(_arm_addsubdf3.o)
 .ARM.attributes
                0x00000000000005ba       0x22 /usr/lib/gcc/arm-none-eabi/6.3.1/thumb/v7e-m/fpv4-sp/hard/libgcc.a(_arm_muldivdf3.o)
 .ARM.attributes
                0x00000000000005dc       0x22 /usr/lib/gcc/arm-none-eabi/6.3.1/thumb/v7e-m/fpv4-sp/hard/libgcc.a(_arm_cmpdf2.o)
 .ARM.attributes
                0x00000000000005fe       0x22 /usr/lib/gcc/arm-none-eabi/6.3.1/thumb/v7e-m/fpv4-sp/hard/libgcc.a(_arm_fixdfsi.o)
 .ARM.attributes
                0x0000000000000620       0x22 /usr/lib/gcc/arm-none-eabi/6.3.1/thumb/v7e-m/fpv4-sp/hard/libgcc.a(_arm_fixunsdfsi.o)
 .ARM.attributes
                0x0000000000000642       0x22 /usr/lib/gcc/arm-none-eabi/6.3.1/thumb/v7e-m/fpv4-sp/hard/libgcc.a(_aeabi_uldivmod.o)
 .ARM.attributes
                0x0000000000000664       0x34 /usr/lib/gcc/arm-none-eabi/6.3.1/thumb/v7e-m/fpv4-sp/hard/libgcc.a(_udivmoddi4.o)
 .ARM.attributes
                0x0000000000000698       0x22 /usr/lib/gcc/arm-none-eabi/6.3.1/thumb/v7e-m/fpv4-sp/hard/libgcc.a(_dvmd_tls.o)
 .ARM.attributes
                0x00000000000006ba       0x34 /usr/lib/gcc/arm-none-eabi/6.3.1/thumb/v7e-m/fpv4-sp/hard/crtend.o
 .ARM.attributes
                0x00000000000006ee       0x22 /usr/lib/gcc/arm-none-eabi/6.3.1/thumb/v7e-m/fpv4-sp/hard/crtn.o
OUTPUT(build/STM32F4.elf elf32-littlearm)

.comment        0x0000000000000000       0x31
 .comment       0x0000000000000000       0x31 /usr/lib/gcc/arm-none-eabi/6.3.1/thumb/v7e-m/fpv4-sp/hard/crtbegin.o
                                         0x32 (size before relaxing)
 .comment       0x0000000000000031       0x32 build/main.o
 .comment       0x0000000000000031       0x32 build/waves.o
 .comment       0x0000000000000031       0x32 build/midi.o
 .comment       0x0000000000000031       0x32 build/stm32f4xx_it.o
 .comment       0x0000000000000031       0x32 build/stm32f4xx_hal_msp.o
 .comment       0x0000000000000031       0x32 build/stm32f4xx_hal_spi.o
 .comment       0x0000000000000031       0x32 build/stm32f4xx_hal_uart.o
 .comment       0x0000000000000031       0x32 build/stm32f4xx_hal_rcc.o
 .comment       0x0000000000000031       0x32 build/stm32f4xx_hal_gpio.o
 .comment       0x0000000000000031       0x32 build/stm32f4xx_hal_dma.o
 .comment       0x0000000000000031       0x32 build/stm32f4xx_hal_cortex.o
 .comment       0x0000000000000031       0x32 build/stm32f4xx_hal.o
 .comment       0x0000000000000031       0x32 build/system_stm32f4xx.o
 .comment       0x0000000000000031       0x32 /usr/lib/gcc/arm-none-eabi/6.3.1/../../../arm-none-eabi/lib/thumb/v7e-m/fpv4-sp/hard/libc_nano.a(lib_a-init.o)
 .comment       0x0000000000000031       0x32 /usr/lib/gcc/arm-none-eabi/6.3.1/../../../arm-none-eabi/lib/thumb/v7e-m/fpv4-sp/hard/libc_nano.a(lib_a-memset.o)
 .comment       0x0000000000000031       0x32 /usr/lib/gcc/arm-none-eabi/6.3.1/../../../arm-none-eabi/lib/thumb/v7e-m/fpv4-sp/hard/libm.a(lib_a-s_sin.o)
 .comment       0x0000000000000031       0x32 /usr/lib/gcc/arm-none-eabi/6.3.1/../../../arm-none-eabi/lib/thumb/v7e-m/fpv4-sp/hard/libm.a(lib_a-e_rem_pio2.o)
 .comment       0x0000000000000031       0x32 /usr/lib/gcc/arm-none-eabi/6.3.1/../../../arm-none-eabi/lib/thumb/v7e-m/fpv4-sp/hard/libm.a(lib_a-k_cos.o)
 .comment       0x0000000000000031       0x32 /usr/lib/gcc/arm-none-eabi/6.3.1/../../../arm-none-eabi/lib/thumb/v7e-m/fpv4-sp/hard/libm.a(lib_a-k_rem_pio2.o)
 .comment       0x0000000000000031       0x32 /usr/lib/gcc/arm-none-eabi/6.3.1/../../../arm-none-eabi/lib/thumb/v7e-m/fpv4-sp/hard/libm.a(lib_a-k_sin.o)
 .comment       0x0000000000000031       0x32 /usr/lib/gcc/arm-none-eabi/6.3.1/../../../arm-none-eabi/lib/thumb/v7e-m/fpv4-sp/hard/libm.a(lib_a-s_fabs.o)
 .comment       0x0000000000000031       0x32 /usr/lib/gcc/arm-none-eabi/6.3.1/../../../arm-none-eabi/lib/thumb/v7e-m/fpv4-sp/hard/libm.a(lib_a-s_floor.o)
 .comment       0x0000000000000031       0x32 /usr/lib/gcc/arm-none-eabi/6.3.1/../../../arm-none-eabi/lib/thumb/v7e-m/fpv4-sp/hard/libm.a(lib_a-s_scalbn.o)
 .comment       0x0000000000000031       0x32 /usr/lib/gcc/arm-none-eabi/6.3.1/../../../arm-none-eabi/lib/thumb/v7e-m/fpv4-sp/hard/libm.a(lib_a-s_copysign.o)
 .comment       0x0000000000000031       0x32 /usr/lib/gcc/arm-none-eabi/6.3.1/thumb/v7e-m/fpv4-sp/hard/libgcc.a(_udivmoddi4.o)
 .comment       0x0000000000000031       0x32 /usr/lib/gcc/arm-none-eabi/6.3.1/thumb/v7e-m/fpv4-sp/hard/crtend.o

.debug_info     0x0000000000000000    0x13e99
 .debug_info    0x0000000000000000     0x2201 build/main.o
 .debug_info    0x0000000000002201      0xc92 build/waves.o
 .debug_info    0x0000000000002e93      0x731 build/midi.o
 .debug_info    0x00000000000035c4      0x797 build/stm32f4xx_it.o
 .debug_info    0x0000000000003d5b     0x10c8 build/stm32f4xx_hal_msp.o
 .debug_info    0x0000000000004e23     0x1d2b build/stm32f4xx_hal_spi.o
 .debug_info    0x0000000000006b4e     0x18ad build/stm32f4xx_hal_uart.o
 .debug_info    0x00000000000083fb      0xb3a build/stm32f4xx_hal_rcc.o
 .debug_info    0x0000000000008f35      0x830 build/stm32f4xx_hal_gpio.o
 .debug_info    0x0000000000009765      0xaef build/stm32f4xx_hal_dma.o
 .debug_info    0x000000000000a254     0x1055 build/stm32f4xx_hal_cortex.o
 .debug_info    0x000000000000b2a9      0xb2f build/stm32f4xx_hal.o
 .debug_info    0x000000000000bdd8      0x5a7 build/system_stm32f4xx.o
 .debug_info    0x000000000000c37f       0x6a build/startup_stm32f429xx.o
 .debug_info    0x000000000000c3e9      0x110 /usr/lib/gcc/arm-none-eabi/6.3.1/../../../arm-none-eabi/lib/thumb/v7e-m/fpv4-sp/hard/libc_nano.a(lib_a-init.o)
 .debug_info    0x000000000000c4f9      0x916 /usr/lib/gcc/arm-none-eabi/6.3.1/../../../arm-none-eabi/lib/thumb/v7e-m/fpv4-sp/hard/libc_nano.a(lib_a-memset.o)
 .debug_info    0x000000000000ce0f      0xa45 /usr/lib/gcc/arm-none-eabi/6.3.1/../../../arm-none-eabi/lib/thumb/v7e-m/fpv4-sp/hard/libm.a(lib_a-s_sin.o)
 .debug_info    0x000000000000d854      0xc29 /usr/lib/gcc/arm-none-eabi/6.3.1/../../../arm-none-eabi/lib/thumb/v7e-m/fpv4-sp/hard/libm.a(lib_a-e_rem_pio2.o)
 .debug_info    0x000000000000e47d      0xa68 /usr/lib/gcc/arm-none-eabi/6.3.1/../../../arm-none-eabi/lib/thumb/v7e-m/fpv4-sp/hard/libm.a(lib_a-k_cos.o)
 .debug_info    0x000000000000eee5      0xbdf /usr/lib/gcc/arm-none-eabi/6.3.1/../../../arm-none-eabi/lib/thumb/v7e-m/fpv4-sp/hard/libm.a(lib_a-k_rem_pio2.o)
 .debug_info    0x000000000000fac4      0xa3d /usr/lib/gcc/arm-none-eabi/6.3.1/../../../arm-none-eabi/lib/thumb/v7e-m/fpv4-sp/hard/libm.a(lib_a-k_sin.o)
 .debug_info    0x0000000000010501      0x986 /usr/lib/gcc/arm-none-eabi/6.3.1/../../../arm-none-eabi/lib/thumb/v7e-m/fpv4-sp/hard/libm.a(lib_a-s_fabs.o)
 .debug_info    0x0000000000010e87      0x9e0 /usr/lib/gcc/arm-none-eabi/6.3.1/../../../arm-none-eabi/lib/thumb/v7e-m/fpv4-sp/hard/libm.a(lib_a-s_floor.o)
 .debug_info    0x0000000000011867      0xa95 /usr/lib/gcc/arm-none-eabi/6.3.1/../../../arm-none-eabi/lib/thumb/v7e-m/fpv4-sp/hard/libm.a(lib_a-s_scalbn.o)
 .debug_info    0x00000000000122fc      0x9b3 /usr/lib/gcc/arm-none-eabi/6.3.1/../../../arm-none-eabi/lib/thumb/v7e-m/fpv4-sp/hard/libm.a(lib_a-s_copysign.o)
 .debug_info    0x0000000000012caf       0xd4 /usr/lib/gcc/arm-none-eabi/6.3.1/thumb/v7e-m/fpv4-sp/hard/libgcc.a(_arm_addsubdf3.o)
 .debug_info    0x0000000000012d83       0xd4 /usr/lib/gcc/arm-none-eabi/6.3.1/thumb/v7e-m/fpv4-sp/hard/libgcc.a(_arm_muldivdf3.o)
 .debug_info    0x0000000000012e57       0xd4 /usr/lib/gcc/arm-none-eabi/6.3.1/thumb/v7e-m/fpv4-sp/hard/libgcc.a(_arm_cmpdf2.o)
 .debug_info    0x0000000000012f2b       0xd4 /usr/lib/gcc/arm-none-eabi/6.3.1/thumb/v7e-m/fpv4-sp/hard/libgcc.a(_arm_fixdfsi.o)
 .debug_info    0x0000000000012fff       0xd4 /usr/lib/gcc/arm-none-eabi/6.3.1/thumb/v7e-m/fpv4-sp/hard/libgcc.a(_arm_fixunsdfsi.o)
 .debug_info    0x00000000000130d3       0xcf /usr/lib/gcc/arm-none-eabi/6.3.1/thumb/v7e-m/fpv4-sp/hard/libgcc.a(_aeabi_uldivmod.o)
 .debug_info    0x00000000000131a2      0xc24 /usr/lib/gcc/arm-none-eabi/6.3.1/thumb/v7e-m/fpv4-sp/hard/libgcc.a(_udivmoddi4.o)
 .debug_info    0x0000000000013dc6       0xd3 /usr/lib/gcc/arm-none-eabi/6.3.1/thumb/v7e-m/fpv4-sp/hard/libgcc.a(_dvmd_tls.o)

.debug_abbrev   0x0000000000000000     0x35e6
 .debug_abbrev  0x0000000000000000      0x2ff build/main.o
 .debug_abbrev  0x00000000000002ff      0x29c build/waves.o
 .debug_abbrev  0x000000000000059b      0x193 build/midi.o
 .debug_abbrev  0x000000000000072e      0x186 build/stm32f4xx_it.o
 .debug_abbrev  0x00000000000008b4      0x1b9 build/stm32f4xx_hal_msp.o
 .debug_abbrev  0x0000000000000a6d      0x296 build/stm32f4xx_hal_spi.o
 .debug_abbrev  0x0000000000000d03      0x2bd build/stm32f4xx_hal_uart.o
 .debug_abbrev  0x0000000000000fc0      0x28b build/stm32f4xx_hal_rcc.o
 .debug_abbrev  0x000000000000124b      0x21a build/stm32f4xx_hal_gpio.o
 .debug_abbrev  0x0000000000001465      0x2aa build/stm32f4xx_hal_dma.o
 .debug_abbrev  0x000000000000170f      0x33b build/stm32f4xx_hal_cortex.o
 .debug_abbrev  0x0000000000001a4a      0x1ef build/stm32f4xx_hal.o
 .debug_abbrev  0x0000000000001c39      0x110 build/system_stm32f4xx.o
 .debug_abbrev  0x0000000000001d49       0x12 build/startup_stm32f429xx.o
 .debug_abbrev  0x0000000000001d5b       0xba /usr/lib/gcc/arm-none-eabi/6.3.1/../../../arm-none-eabi/lib/thumb/v7e-m/fpv4-sp/hard/libc_nano.a(lib_a-init.o)
 .debug_abbrev  0x0000000000001e15      0x197 /usr/lib/gcc/arm-none-eabi/6.3.1/../../../arm-none-eabi/lib/thumb/v7e-m/fpv4-sp/hard/libc_nano.a(lib_a-memset.o)
 .debug_abbrev  0x0000000000001fac      0x253 /usr/lib/gcc/arm-none-eabi/6.3.1/../../../arm-none-eabi/lib/thumb/v7e-m/fpv4-sp/hard/libm.a(lib_a-s_sin.o)
 .debug_abbrev  0x00000000000021ff      0x274 /usr/lib/gcc/arm-none-eabi/6.3.1/../../../arm-none-eabi/lib/thumb/v7e-m/fpv4-sp/hard/libm.a(lib_a-e_rem_pio2.o)
 .debug_abbrev  0x0000000000002473      0x21a /usr/lib/gcc/arm-none-eabi/6.3.1/../../../arm-none-eabi/lib/thumb/v7e-m/fpv4-sp/hard/libm.a(lib_a-k_cos.o)
 .debug_abbrev  0x000000000000268d      0x288 /usr/lib/gcc/arm-none-eabi/6.3.1/../../../arm-none-eabi/lib/thumb/v7e-m/fpv4-sp/hard/libm.a(lib_a-k_rem_pio2.o)
 .debug_abbrev  0x0000000000002915      0x20f /usr/lib/gcc/arm-none-eabi/6.3.1/../../../arm-none-eabi/lib/thumb/v7e-m/fpv4-sp/hard/libm.a(lib_a-k_sin.o)
 .debug_abbrev  0x0000000000002b24      0x20b /usr/lib/gcc/arm-none-eabi/6.3.1/../../../arm-none-eabi/lib/thumb/v7e-m/fpv4-sp/hard/libm.a(lib_a-s_fabs.o)
 .debug_abbrev  0x0000000000002d2f      0x21c /usr/lib/gcc/arm-none-eabi/6.3.1/../../../arm-none-eabi/lib/thumb/v7e-m/fpv4-sp/hard/libm.a(lib_a-s_floor.o)
 .debug_abbrev  0x0000000000002f4b      0x25c /usr/lib/gcc/arm-none-eabi/6.3.1/../../../arm-none-eabi/lib/thumb/v7e-m/fpv4-sp/hard/libm.a(lib_a-s_scalbn.o)
 .debug_abbrev  0x00000000000031a7      0x227 /usr/lib/gcc/arm-none-eabi/6.3.1/../../../arm-none-eabi/lib/thumb/v7e-m/fpv4-sp/hard/libm.a(lib_a-s_copysign.o)
 .debug_abbrev  0x00000000000033ce       0x14 /usr/lib/gcc/arm-none-eabi/6.3.1/thumb/v7e-m/fpv4-sp/hard/libgcc.a(_arm_addsubdf3.o)
 .debug_abbrev  0x00000000000033e2       0x14 /usr/lib/gcc/arm-none-eabi/6.3.1/thumb/v7e-m/fpv4-sp/hard/libgcc.a(_arm_muldivdf3.o)
 .debug_abbrev  0x00000000000033f6       0x14 /usr/lib/gcc/arm-none-eabi/6.3.1/thumb/v7e-m/fpv4-sp/hard/libgcc.a(_arm_cmpdf2.o)
 .debug_abbrev  0x000000000000340a       0x14 /usr/lib/gcc/arm-none-eabi/6.3.1/thumb/v7e-m/fpv4-sp/hard/libgcc.a(_arm_fixdfsi.o)
 .debug_abbrev  0x000000000000341e       0x14 /usr/lib/gcc/arm-none-eabi/6.3.1/thumb/v7e-m/fpv4-sp/hard/libgcc.a(_arm_fixunsdfsi.o)
 .debug_abbrev  0x0000000000003432       0x14 /usr/lib/gcc/arm-none-eabi/6.3.1/thumb/v7e-m/fpv4-sp/hard/libgcc.a(_aeabi_uldivmod.o)
 .debug_abbrev  0x0000000000003446      0x18c /usr/lib/gcc/arm-none-eabi/6.3.1/thumb/v7e-m/fpv4-sp/hard/libgcc.a(_udivmoddi4.o)
 .debug_abbrev  0x00000000000035d2       0x14 /usr/lib/gcc/arm-none-eabi/6.3.1/thumb/v7e-m/fpv4-sp/hard/libgcc.a(_dvmd_tls.o)

.debug_loc      0x0000000000000000     0x8d99
 .debug_loc     0x0000000000000000      0x1a3 build/main.o
 .debug_loc     0x00000000000001a3      0x25e build/waves.o
 .debug_loc     0x0000000000000401       0x85 build/midi.o
 .debug_loc     0x0000000000000486       0x40 build/stm32f4xx_it.o
 .debug_loc     0x00000000000004c6      0x1e8 build/stm32f4xx_hal_msp.o
 .debug_loc     0x00000000000006ae     0x2172 build/stm32f4xx_hal_spi.o
 .debug_loc     0x0000000000002820     0x19fb build/stm32f4xx_hal_uart.o
 .debug_loc     0x000000000000421b      0x53e build/stm32f4xx_hal_rcc.o
 .debug_loc     0x0000000000004759      0x491 build/stm32f4xx_hal_gpio.o
 .debug_loc     0x0000000000004bea      0xc1d build/stm32f4xx_hal_dma.o
 .debug_loc     0x0000000000005807      0x6a6 build/stm32f4xx_hal_cortex.o
 .debug_loc     0x0000000000005ead      0x1a8 build/stm32f4xx_hal.o
 .debug_loc     0x0000000000006055      0x13e build/system_stm32f4xx.o
 .debug_loc     0x0000000000006193       0xae /usr/lib/gcc/arm-none-eabi/6.3.1/../../../arm-none-eabi/lib/thumb/v7e-m/fpv4-sp/hard/libc_nano.a(lib_a-init.o)
 .debug_loc     0x0000000000006241      0x1bd /usr/lib/gcc/arm-none-eabi/6.3.1/../../../arm-none-eabi/lib/thumb/v7e-m/fpv4-sp/hard/libc_nano.a(lib_a-memset.o)
 .debug_loc     0x00000000000063fe       0xe8 /usr/lib/gcc/arm-none-eabi/6.3.1/../../../arm-none-eabi/lib/thumb/v7e-m/fpv4-sp/hard/libm.a(lib_a-s_sin.o)
 .debug_loc     0x00000000000064e6      0x64d /usr/lib/gcc/arm-none-eabi/6.3.1/../../../arm-none-eabi/lib/thumb/v7e-m/fpv4-sp/hard/libm.a(lib_a-e_rem_pio2.o)
 .debug_loc     0x0000000000006b33      0x24c /usr/lib/gcc/arm-none-eabi/6.3.1/../../../arm-none-eabi/lib/thumb/v7e-m/fpv4-sp/hard/libm.a(lib_a-k_cos.o)
 .debug_loc     0x0000000000006d7f      0xb3c /usr/lib/gcc/arm-none-eabi/6.3.1/../../../arm-none-eabi/lib/thumb/v7e-m/fpv4-sp/hard/libm.a(lib_a-k_rem_pio2.o)
 .debug_loc     0x00000000000078bb      0x1d2 /usr/lib/gcc/arm-none-eabi/6.3.1/../../../arm-none-eabi/lib/thumb/v7e-m/fpv4-sp/hard/libm.a(lib_a-k_sin.o)
 .debug_loc     0x0000000000007a8d       0x3d /usr/lib/gcc/arm-none-eabi/6.3.1/../../../arm-none-eabi/lib/thumb/v7e-m/fpv4-sp/hard/libm.a(lib_a-s_fabs.o)
 .debug_loc     0x0000000000007aca      0x30a /usr/lib/gcc/arm-none-eabi/6.3.1/../../../arm-none-eabi/lib/thumb/v7e-m/fpv4-sp/hard/libm.a(lib_a-s_floor.o)
 .debug_loc     0x0000000000007dd4      0x211 /usr/lib/gcc/arm-none-eabi/6.3.1/../../../arm-none-eabi/lib/thumb/v7e-m/fpv4-sp/hard/libm.a(lib_a-s_scalbn.o)
 .debug_loc     0x0000000000007fe5       0x3d /usr/lib/gcc/arm-none-eabi/6.3.1/../../../arm-none-eabi/lib/thumb/v7e-m/fpv4-sp/hard/libm.a(lib_a-s_copysign.o)
 .debug_loc     0x0000000000008022      0xd77 /usr/lib/gcc/arm-none-eabi/6.3.1/thumb/v7e-m/fpv4-sp/hard/libgcc.a(_udivmoddi4.o)

.debug_aranges  0x0000000000000000      0xad0
 .debug_aranges
                0x0000000000000000       0x50 build/main.o
 .debug_aranges
                0x0000000000000050       0x50 build/waves.o
 .debug_aranges
                0x00000000000000a0       0x20 build/midi.o
 .debug_aranges
                0x00000000000000c0       0x68 build/stm32f4xx_it.o
 .debug_aranges
                0x0000000000000128       0x40 build/stm32f4xx_hal_msp.o
 .debug_aranges
                0x0000000000000168      0x1d0 build/stm32f4xx_hal_spi.o
 .debug_aranges
                0x0000000000000338      0x1d0 build/stm32f4xx_hal_uart.o
 .debug_aranges
                0x0000000000000508       0x88 build/stm32f4xx_hal_rcc.o
 .debug_aranges
                0x0000000000000590       0x58 build/stm32f4xx_hal_gpio.o
 .debug_aranges
                0x00000000000005e8       0x90 build/stm32f4xx_hal_dma.o
 .debug_aranges
                0x0000000000000678       0xa8 build/stm32f4xx_hal_cortex.o
 .debug_aranges
                0x0000000000000720      0x100 build/stm32f4xx_hal.o
 .debug_aranges
                0x0000000000000820       0x28 build/system_stm32f4xx.o
 .debug_aranges
                0x0000000000000848       0x28 build/startup_stm32f429xx.o
 .debug_aranges
                0x0000000000000870       0x20 /usr/lib/gcc/arm-none-eabi/6.3.1/../../../arm-none-eabi/lib/thumb/v7e-m/fpv4-sp/hard/libc_nano.a(lib_a-init.o)
 .debug_aranges
                0x0000000000000890       0x20 /usr/lib/gcc/arm-none-eabi/6.3.1/../../../arm-none-eabi/lib/thumb/v7e-m/fpv4-sp/hard/libc_nano.a(lib_a-memset.o)
 .debug_aranges
                0x00000000000008b0       0x20 /usr/lib/gcc/arm-none-eabi/6.3.1/../../../arm-none-eabi/lib/thumb/v7e-m/fpv4-sp/hard/libm.a(lib_a-s_sin.o)
 .debug_aranges
                0x00000000000008d0       0x20 /usr/lib/gcc/arm-none-eabi/6.3.1/../../../arm-none-eabi/lib/thumb/v7e-m/fpv4-sp/hard/libm.a(lib_a-e_rem_pio2.o)
 .debug_aranges
                0x00000000000008f0       0x20 /usr/lib/gcc/arm-none-eabi/6.3.1/../../../arm-none-eabi/lib/thumb/v7e-m/fpv4-sp/hard/libm.a(lib_a-k_cos.o)
 .debug_aranges
                0x0000000000000910       0x20 /usr/lib/gcc/arm-none-eabi/6.3.1/../../../arm-none-eabi/lib/thumb/v7e-m/fpv4-sp/hard/libm.a(lib_a-k_rem_pio2.o)
 .debug_aranges
                0x0000000000000930       0x20 /usr/lib/gcc/arm-none-eabi/6.3.1/../../../arm-none-eabi/lib/thumb/v7e-m/fpv4-sp/hard/libm.a(lib_a-k_sin.o)
 .debug_aranges
                0x0000000000000950       0x20 /usr/lib/gcc/arm-none-eabi/6.3.1/../../../arm-none-eabi/lib/thumb/v7e-m/fpv4-sp/hard/libm.a(lib_a-s_fabs.o)
 .debug_aranges
                0x0000000000000970       0x20 /usr/lib/gcc/arm-none-eabi/6.3.1/../../../arm-none-eabi/lib/thumb/v7e-m/fpv4-sp/hard/libm.a(lib_a-s_floor.o)
 .debug_aranges
                0x0000000000000990       0x20 /usr/lib/gcc/arm-none-eabi/6.3.1/../../../arm-none-eabi/lib/thumb/v7e-m/fpv4-sp/hard/libm.a(lib_a-s_scalbn.o)
 .debug_aranges
                0x00000000000009b0       0x20 /usr/lib/gcc/arm-none-eabi/6.3.1/../../../arm-none-eabi/lib/thumb/v7e-m/fpv4-sp/hard/libm.a(lib_a-s_copysign.o)
 .debug_aranges
                0x00000000000009d0       0x20 /usr/lib/gcc/arm-none-eabi/6.3.1/thumb/v7e-m/fpv4-sp/hard/libgcc.a(_arm_addsubdf3.o)
 .debug_aranges
                0x00000000000009f0       0x20 /usr/lib/gcc/arm-none-eabi/6.3.1/thumb/v7e-m/fpv4-sp/hard/libgcc.a(_arm_muldivdf3.o)
 .debug_aranges
                0x0000000000000a10       0x20 /usr/lib/gcc/arm-none-eabi/6.3.1/thumb/v7e-m/fpv4-sp/hard/libgcc.a(_arm_cmpdf2.o)
 .debug_aranges
                0x0000000000000a30       0x20 /usr/lib/gcc/arm-none-eabi/6.3.1/thumb/v7e-m/fpv4-sp/hard/libgcc.a(_arm_fixdfsi.o)
 .debug_aranges
                0x0000000000000a50       0x20 /usr/lib/gcc/arm-none-eabi/6.3.1/thumb/v7e-m/fpv4-sp/hard/libgcc.a(_arm_fixunsdfsi.o)
 .debug_aranges
                0x0000000000000a70       0x20 /usr/lib/gcc/arm-none-eabi/6.3.1/thumb/v7e-m/fpv4-sp/hard/libgcc.a(_aeabi_uldivmod.o)
 .debug_aranges
                0x0000000000000a90       0x20 /usr/lib/gcc/arm-none-eabi/6.3.1/thumb/v7e-m/fpv4-sp/hard/libgcc.a(_udivmoddi4.o)
 .debug_aranges
                0x0000000000000ab0       0x20 /usr/lib/gcc/arm-none-eabi/6.3.1/thumb/v7e-m/fpv4-sp/hard/libgcc.a(_dvmd_tls.o)

.debug_ranges   0x0000000000000000      0x998
 .debug_ranges  0x0000000000000000       0x60 build/main.o
 .debug_ranges  0x0000000000000060       0x70 build/waves.o
 .debug_ranges  0x00000000000000d0       0x10 build/midi.o
 .debug_ranges  0x00000000000000e0       0x58 build/stm32f4xx_it.o
 .debug_ranges  0x0000000000000138       0x30 build/stm32f4xx_hal_msp.o
 .debug_ranges  0x0000000000000168      0x1c0 build/stm32f4xx_hal_spi.o
 .debug_ranges  0x0000000000000328      0x1c0 build/stm32f4xx_hal_uart.o
 .debug_ranges  0x00000000000004e8       0x90 build/stm32f4xx_hal_rcc.o
 .debug_ranges  0x0000000000000578       0x48 build/stm32f4xx_hal_gpio.o
 .debug_ranges  0x00000000000005c0       0x80 build/stm32f4xx_hal_dma.o
 .debug_ranges  0x0000000000000640       0xf8 build/stm32f4xx_hal_cortex.o
 .debug_ranges  0x0000000000000738       0xf0 build/stm32f4xx_hal.o
 .debug_ranges  0x0000000000000828       0x18 build/system_stm32f4xx.o
 .debug_ranges  0x0000000000000840       0x20 build/startup_stm32f429xx.o
 .debug_ranges  0x0000000000000860       0x38 /usr/lib/gcc/arm-none-eabi/6.3.1/../../../arm-none-eabi/lib/thumb/v7e-m/fpv4-sp/hard/libm.a(lib_a-e_rem_pio2.o)
 .debug_ranges  0x0000000000000898       0x18 /usr/lib/gcc/arm-none-eabi/6.3.1/../../../arm-none-eabi/lib/thumb/v7e-m/fpv4-sp/hard/libm.a(lib_a-s_floor.o)
 .debug_ranges  0x00000000000008b0       0x18 /usr/lib/gcc/arm-none-eabi/6.3.1/../../../arm-none-eabi/lib/thumb/v7e-m/fpv4-sp/hard/libm.a(lib_a-s_scalbn.o)
 .debug_ranges  0x00000000000008c8       0xd0 /usr/lib/gcc/arm-none-eabi/6.3.1/thumb/v7e-m/fpv4-sp/hard/libgcc.a(_udivmoddi4.o)

.debug_line     0x0000000000000000     0x5675
 .debug_line    0x0000000000000000      0x43b build/main.o
 .debug_line    0x000000000000043b      0x20d build/waves.o
 .debug_line    0x0000000000000648      0x17c build/midi.o
 .debug_line    0x00000000000007c4      0x219 build/stm32f4xx_it.o
 .debug_line    0x00000000000009dd      0x236 build/stm32f4xx_hal_msp.o
 .debug_line    0x0000000000000c13      0xbc9 build/stm32f4xx_hal_spi.o
 .debug_line    0x00000000000017dc      0xaf3 build/stm32f4xx_hal_uart.o
 .debug_line    0x00000000000022cf      0x423 build/stm32f4xx_hal_rcc.o
 .debug_line    0x00000000000026f2      0x31f build/stm32f4xx_hal_gpio.o
 .debug_line    0x0000000000002a11      0x4b0 build/stm32f4xx_hal_dma.o
 .debug_line    0x0000000000002ec1      0x3a3 build/stm32f4xx_hal_cortex.o
 .debug_line    0x0000000000003264      0x3aa build/stm32f4xx_hal.o
 .debug_line    0x000000000000360e      0x144 build/system_stm32f4xx.o
 .debug_line    0x0000000000003752       0x74 build/startup_stm32f429xx.o
 .debug_line    0x00000000000037c6       0xbe /usr/lib/gcc/arm-none-eabi/6.3.1/../../../arm-none-eabi/lib/thumb/v7e-m/fpv4-sp/hard/libc_nano.a(lib_a-init.o)
 .debug_line    0x0000000000003884      0x17c /usr/lib/gcc/arm-none-eabi/6.3.1/../../../arm-none-eabi/lib/thumb/v7e-m/fpv4-sp/hard/libc_nano.a(lib_a-memset.o)
 .debug_line    0x0000000000003a00      0x210 /usr/lib/gcc/arm-none-eabi/6.3.1/../../../arm-none-eabi/lib/thumb/v7e-m/fpv4-sp/hard/libm.a(lib_a-s_sin.o)
 .debug_line    0x0000000000003c10      0x295 /usr/lib/gcc/arm-none-eabi/6.3.1/../../../arm-none-eabi/lib/thumb/v7e-m/fpv4-sp/hard/libm.a(lib_a-e_rem_pio2.o)
 .debug_line    0x0000000000003ea5      0x210 /usr/lib/gcc/arm-none-eabi/6.3.1/../../../arm-none-eabi/lib/thumb/v7e-m/fpv4-sp/hard/libm.a(lib_a-k_cos.o)
 .debug_line    0x00000000000040b5      0x3cc /usr/lib/gcc/arm-none-eabi/6.3.1/../../../arm-none-eabi/lib/thumb/v7e-m/fpv4-sp/hard/libm.a(lib_a-k_rem_pio2.o)
 .debug_line    0x0000000000004481      0x204 /usr/lib/gcc/arm-none-eabi/6.3.1/../../../arm-none-eabi/lib/thumb/v7e-m/fpv4-sp/hard/libm.a(lib_a-k_sin.o)
 .debug_line    0x0000000000004685      0x1e7 /usr/lib/gcc/arm-none-eabi/6.3.1/../../../arm-none-eabi/lib/thumb/v7e-m/fpv4-sp/hard/libm.a(lib_a-s_fabs.o)
 .debug_line    0x000000000000486c      0x25b /usr/lib/gcc/arm-none-eabi/6.3.1/../../../arm-none-eabi/lib/thumb/v7e-m/fpv4-sp/hard/libm.a(lib_a-s_floor.o)
 .debug_line    0x0000000000004ac7      0x1e3 /usr/lib/gcc/arm-none-eabi/6.3.1/../../../arm-none-eabi/lib/thumb/v7e-m/fpv4-sp/hard/libm.a(lib_a-s_scalbn.o)
 .debug_line    0x0000000000004caa      0x1b7 /usr/lib/gcc/arm-none-eabi/6.3.1/../../../arm-none-eabi/lib/thumb/v7e-m/fpv4-sp/hard/libm.a(lib_a-s_copysign.o)
 .debug_line    0x0000000000004e61      0x189 /usr/lib/gcc/arm-none-eabi/6.3.1/thumb/v7e-m/fpv4-sp/hard/libgcc.a(_arm_addsubdf3.o)
 .debug_line    0x0000000000004fea      0x1a5 /usr/lib/gcc/arm-none-eabi/6.3.1/thumb/v7e-m/fpv4-sp/hard/libgcc.a(_arm_muldivdf3.o)
 .debug_line    0x000000000000518f       0xc4 /usr/lib/gcc/arm-none-eabi/6.3.1/thumb/v7e-m/fpv4-sp/hard/libgcc.a(_arm_cmpdf2.o)
 .debug_line    0x0000000000005253       0x80 /usr/lib/gcc/arm-none-eabi/6.3.1/thumb/v7e-m/fpv4-sp/hard/libgcc.a(_arm_fixdfsi.o)
 .debug_line    0x00000000000052d3       0x7c /usr/lib/gcc/arm-none-eabi/6.3.1/thumb/v7e-m/fpv4-sp/hard/libgcc.a(_arm_fixunsdfsi.o)
 .debug_line    0x000000000000534f       0x67 /usr/lib/gcc/arm-none-eabi/6.3.1/thumb/v7e-m/fpv4-sp/hard/libgcc.a(_aeabi_uldivmod.o)
 .debug_line    0x00000000000053b6      0x258 /usr/lib/gcc/arm-none-eabi/6.3.1/thumb/v7e-m/fpv4-sp/hard/libgcc.a(_udivmoddi4.o)
 .debug_line    0x000000000000560e       0x67 /usr/lib/gcc/arm-none-eabi/6.3.1/thumb/v7e-m/fpv4-sp/hard/libgcc.a(_dvmd_tls.o)

.debug_str      0x0000000000000000     0x41de
 .debug_str     0x0000000000000000      0xee0 build/main.o
                                       0x100c (size before relaxing)
 .debug_str     0x0000000000000ee0       0xea build/waves.o
                                        0x683 (size before relaxing)
 .debug_str     0x0000000000000fca       0x26 build/midi.o
                                        0x655 (size before relaxing)
 .debug_str     0x0000000000000ff0       0xd2 build/stm32f4xx_it.o
                                        0x6d7 (size before relaxing)
 .debug_str     0x00000000000010c2      0x62b build/stm32f4xx_hal_msp.o
                                        0xf19 (size before relaxing)
 .debug_str     0x00000000000016ed      0x532 build/stm32f4xx_hal_spi.o
                                        0xbeb (size before relaxing)
 .debug_str     0x0000000000001c1f      0x520 build/stm32f4xx_hal_uart.o
                                        0xc2a (size before relaxing)
 .debug_str     0x000000000000213f      0x1a0 build/stm32f4xx_hal_rcc.o
                                        0x6e8 (size before relaxing)
 .debug_str     0x00000000000022df      0x125 build/stm32f4xx_hal_gpio.o
                                        0x515 (size before relaxing)
 .debug_str     0x0000000000002404      0x2ca build/stm32f4xx_hal_dma.o
                                        0x788 (size before relaxing)
 .debug_str     0x00000000000026ce      0x4ae build/stm32f4xx_hal_cortex.o
                                        0xca0 (size before relaxing)
 .debug_str     0x0000000000002b7c      0x2d8 build/stm32f4xx_hal.o
                                        0xc23 (size before relaxing)
 .debug_str     0x0000000000002e54       0x42 build/system_stm32f4xx.o
                                        0x379 (size before relaxing)
 .debug_str     0x0000000000002e96      0x1af /usr/lib/gcc/arm-none-eabi/6.3.1/../../../arm-none-eabi/lib/thumb/v7e-m/fpv4-sp/hard/libc_nano.a(lib_a-init.o)
                                        0x253 (size before relaxing)
 .debug_str     0x0000000000003045      0x12d /usr/lib/gcc/arm-none-eabi/6.3.1/../../../arm-none-eabi/lib/thumb/v7e-m/fpv4-sp/hard/libc_nano.a(lib_a-memset.o)
                                        0x61a (size before relaxing)
 .debug_str     0x0000000000003172       0xec /usr/lib/gcc/arm-none-eabi/6.3.1/../../../arm-none-eabi/lib/thumb/v7e-m/fpv4-sp/hard/libm.a(lib_a-s_sin.o)
                                        0x683 (size before relaxing)
 .debug_str     0x000000000000325e       0xbe /usr/lib/gcc/arm-none-eabi/6.3.1/../../../arm-none-eabi/lib/thumb/v7e-m/fpv4-sp/hard/libm.a(lib_a-e_rem_pio2.o)
                                        0x6f3 (size before relaxing)
 .debug_str     0x000000000000331c       0x39 /usr/lib/gcc/arm-none-eabi/6.3.1/../../../arm-none-eabi/lib/thumb/v7e-m/fpv4-sp/hard/libm.a(lib_a-k_cos.o)
                                        0x668 (size before relaxing)
 .debug_str     0x0000000000003355       0x70 /usr/lib/gcc/arm-none-eabi/6.3.1/../../../arm-none-eabi/lib/thumb/v7e-m/fpv4-sp/hard/libm.a(lib_a-k_rem_pio2.o)
                                        0x681 (size before relaxing)
 .debug_str     0x00000000000033c5       0x34 /usr/lib/gcc/arm-none-eabi/6.3.1/../../../arm-none-eabi/lib/thumb/v7e-m/fpv4-sp/hard/libm.a(lib_a-k_sin.o)
                                        0x668 (size before relaxing)
 .debug_str     0x00000000000033f9       0x35 /usr/lib/gcc/arm-none-eabi/6.3.1/../../../arm-none-eabi/lib/thumb/v7e-m/fpv4-sp/hard/libm.a(lib_a-s_fabs.o)
                                        0x65c (size before relaxing)
 .debug_str     0x000000000000342e       0xba /usr/lib/gcc/arm-none-eabi/6.3.1/../../../arm-none-eabi/lib/thumb/v7e-m/fpv4-sp/hard/libm.a(lib_a-s_floor.o)
                                        0x679 (size before relaxing)
 .debug_str     0x00000000000034e8       0xbf /usr/lib/gcc/arm-none-eabi/6.3.1/../../../arm-none-eabi/lib/thumb/v7e-m/fpv4-sp/hard/libm.a(lib_a-s_scalbn.o)
                                        0x68e (size before relaxing)
 .debug_str     0x00000000000035a7       0x3b /usr/lib/gcc/arm-none-eabi/6.3.1/../../../arm-none-eabi/lib/thumb/v7e-m/fpv4-sp/hard/libm.a(lib_a-s_copysign.o)
                                        0x663 (size before relaxing)
 .debug_str     0x00000000000035e2      0xbfc /usr/lib/gcc/arm-none-eabi/6.3.1/thumb/v7e-m/fpv4-sp/hard/libgcc.a(_udivmoddi4.o)
                                        0xcf4 (size before relaxing)

.debug_frame    0x0000000000000000     0x1c08
 .debug_frame   0x0000000000000000       0xf4 build/main.o
 .debug_frame   0x00000000000000f4       0xd0 build/waves.o
 .debug_frame   0x00000000000001c4       0x30 build/midi.o
 .debug_frame   0x00000000000001f4       0xc8 build/stm32f4xx_it.o
 .debug_frame   0x00000000000002bc       0xb0 build/stm32f4xx_hal_msp.o
 .debug_frame   0x000000000000036c      0x628 build/stm32f4xx_hal_spi.o
 .debug_frame   0x0000000000000994      0x57c build/stm32f4xx_hal_uart.o
 .debug_frame   0x0000000000000f10      0x1ac build/stm32f4xx_hal_rcc.o
 .debug_frame   0x00000000000010bc       0xe4 build/stm32f4xx_hal_gpio.o
 .debug_frame   0x00000000000011a0      0x1a8 build/stm32f4xx_hal_dma.o
 .debug_frame   0x0000000000001348      0x16c build/stm32f4xx_hal_cortex.o
 .debug_frame   0x00000000000014b4      0x220 build/stm32f4xx_hal.o
 .debug_frame   0x00000000000016d4       0x30 build/system_stm32f4xx.o
 .debug_frame   0x0000000000001704       0x2c /usr/lib/gcc/arm-none-eabi/6.3.1/../../../arm-none-eabi/lib/thumb/v7e-m/fpv4-sp/hard/libc_nano.a(lib_a-init.o)
 .debug_frame   0x0000000000001730       0x34 /usr/lib/gcc/arm-none-eabi/6.3.1/../../../arm-none-eabi/lib/thumb/v7e-m/fpv4-sp/hard/libc_nano.a(lib_a-memset.o)
 .debug_frame   0x0000000000001764       0x3c /usr/lib/gcc/arm-none-eabi/6.3.1/../../../arm-none-eabi/lib/thumb/v7e-m/fpv4-sp/hard/libm.a(lib_a-s_sin.o)
 .debug_frame   0x00000000000017a0       0x44 /usr/lib/gcc/arm-none-eabi/6.3.1/../../../arm-none-eabi/lib/thumb/v7e-m/fpv4-sp/hard/libm.a(lib_a-e_rem_pio2.o)
 .debug_frame   0x00000000000017e4       0x68 /usr/lib/gcc/arm-none-eabi/6.3.1/../../../arm-none-eabi/lib/thumb/v7e-m/fpv4-sp/hard/libm.a(lib_a-k_cos.o)
 .debug_frame   0x000000000000184c       0x50 /usr/lib/gcc/arm-none-eabi/6.3.1/../../../arm-none-eabi/lib/thumb/v7e-m/fpv4-sp/hard/libm.a(lib_a-k_rem_pio2.o)
 .debug_frame   0x000000000000189c       0x68 /usr/lib/gcc/arm-none-eabi/6.3.1/../../../arm-none-eabi/lib/thumb/v7e-m/fpv4-sp/hard/libm.a(lib_a-k_sin.o)
 .debug_frame   0x0000000000001904       0x20 /usr/lib/gcc/arm-none-eabi/6.3.1/../../../arm-none-eabi/lib/thumb/v7e-m/fpv4-sp/hard/libm.a(lib_a-s_fabs.o)
 .debug_frame   0x0000000000001924       0x30 /usr/lib/gcc/arm-none-eabi/6.3.1/../../../arm-none-eabi/lib/thumb/v7e-m/fpv4-sp/hard/libm.a(lib_a-s_floor.o)
 .debug_frame   0x0000000000001954       0x2c /usr/lib/gcc/arm-none-eabi/6.3.1/../../../arm-none-eabi/lib/thumb/v7e-m/fpv4-sp/hard/libm.a(lib_a-s_scalbn.o)
 .debug_frame   0x0000000000001980       0x20 /usr/lib/gcc/arm-none-eabi/6.3.1/../../../arm-none-eabi/lib/thumb/v7e-m/fpv4-sp/hard/libm.a(lib_a-s_copysign.o)
 .debug_frame   0x00000000000019a0       0xac /usr/lib/gcc/arm-none-eabi/6.3.1/thumb/v7e-m/fpv4-sp/hard/libgcc.a(_arm_addsubdf3.o)
 .debug_frame   0x0000000000001a4c       0x50 /usr/lib/gcc/arm-none-eabi/6.3.1/thumb/v7e-m/fpv4-sp/hard/libgcc.a(_arm_muldivdf3.o)
 .debug_frame   0x0000000000001a9c       0xc4 /usr/lib/gcc/arm-none-eabi/6.3.1/thumb/v7e-m/fpv4-sp/hard/libgcc.a(_arm_cmpdf2.o)
 .debug_frame   0x0000000000001b60       0x24 /usr/lib/gcc/arm-none-eabi/6.3.1/thumb/v7e-m/fpv4-sp/hard/libgcc.a(_arm_fixdfsi.o)
 .debug_frame   0x0000000000001b84       0x24 /usr/lib/gcc/arm-none-eabi/6.3.1/thumb/v7e-m/fpv4-sp/hard/libgcc.a(_arm_fixunsdfsi.o)
 .debug_frame   0x0000000000001ba8       0x2c /usr/lib/gcc/arm-none-eabi/6.3.1/thumb/v7e-m/fpv4-sp/hard/libgcc.a(_aeabi_uldivmod.o)
 .debug_frame   0x0000000000001bd4       0x34 /usr/lib/gcc/arm-none-eabi/6.3.1/thumb/v7e-m/fpv4-sp/hard/libgcc.a(_udivmoddi4.o)

Cross Reference Table

Symbol                                            File
ADC_IRQHandler                                    build/startup_stm32f429xx.o
AHBPrescTable                                     build/system_stm32f4xx.o
                                                  build/stm32f4xx_hal_rcc.o
APBPrescTable                                     build/system_stm32f4xx.o
                                                  build/stm32f4xx_hal_rcc.o
BusFault_Handler                                  build/stm32f4xx_it.o
CAN1_RX0_IRQHandler                               build/startup_stm32f429xx.o
CAN1_RX1_IRQHandler                               build/startup_stm32f429xx.o
CAN1_SCE_IRQHandler                               build/startup_stm32f429xx.o
CAN1_TX_IRQHandler                                build/startup_stm32f429xx.o
CAN2_RX0_IRQHandler                               build/startup_stm32f429xx.o
CAN2_RX1_IRQHandler                               build/startup_stm32f429xx.o
CAN2_SCE_IRQHandler                               build/startup_stm32f429xx.o
CAN2_TX_IRQHandler                                build/startup_stm32f429xx.o
DCMI_IRQHandler                                   build/startup_stm32f429xx.o
DMA1_Stream0_IRQHandler                           build/startup_stm32f429xx.o
DMA1_Stream1_IRQHandler                           build/startup_stm32f429xx.o
DMA1_Stream2_IRQHandler                           build/startup_stm32f429xx.o
DMA1_Stream3_IRQHandler                           build/startup_stm32f429xx.o
DMA1_Stream4_IRQHandler                           build/startup_stm32f429xx.o
DMA1_Stream5_IRQHandler                           build/startup_stm32f429xx.o
DMA1_Stream6_IRQHandler                           build/startup_stm32f429xx.o
DMA1_Stream7_IRQHandler                           build/startup_stm32f429xx.o
DMA2D_IRQHandler                                  build/startup_stm32f429xx.o
DMA2_Stream0_IRQHandler                           build/startup_stm32f429xx.o
DMA2_Stream1_IRQHandler                           build/startup_stm32f429xx.o
DMA2_Stream2_IRQHandler                           build/startup_stm32f429xx.o
DMA2_Stream3_IRQHandler                           build/startup_stm32f429xx.o
DMA2_Stream4_IRQHandler                           build/startup_stm32f429xx.o
DMA2_Stream5_IRQHandler                           build/startup_stm32f429xx.o
DMA2_Stream6_IRQHandler                           build/startup_stm32f429xx.o
DMA2_Stream7_IRQHandler                           build/startup_stm32f429xx.o
DebugMon_Handler                                  build/stm32f4xx_it.o
Default_Handler                                   build/startup_stm32f429xx.o
ETH_IRQHandler                                    build/startup_stm32f429xx.o
ETH_WKUP_IRQHandler                               build/startup_stm32f429xx.o
EXTI0_IRQHandler                                  build/startup_stm32f429xx.o
EXTI15_10_IRQHandler                              build/startup_stm32f429xx.o
EXTI1_IRQHandler                                  build/startup_stm32f429xx.o
EXTI2_IRQHandler                                  build/startup_stm32f429xx.o
EXTI3_IRQHandler                                  build/startup_stm32f429xx.o
EXTI4_IRQHandler                                  build/startup_stm32f429xx.o
EXTI9_5_IRQHandler                                build/startup_stm32f429xx.o
Error_Handler                                     build/main.o
FLASH_Erase_Sector                                build/stm32f4xx_hal_flash_ex.o
                                                  build/stm32f4xx_hal_flash.o
FLASH_FlushCaches                                 build/stm32f4xx_hal_flash_ex.o
                                                  build/stm32f4xx_hal_flash.o
FLASH_IRQHandler                                  build/startup_stm32f429xx.o
FLASH_WaitForLastOperation                        build/stm32f4xx_hal_flash.o
                                                  build/stm32f4xx_hal_flash_ex.o
FMC_IRQHandler                                    build/startup_stm32f429xx.o
FPU_IRQHandler                                    build/startup_stm32f429xx.o
HAL_DBGMCU_DisableDBGSleepMode                    build/stm32f4xx_hal.o
HAL_DBGMCU_DisableDBGStandbyMode                  build/stm32f4xx_hal.o
HAL_DBGMCU_DisableDBGStopMode                     build/stm32f4xx_hal.o
HAL_DBGMCU_EnableDBGSleepMode                     build/stm32f4xx_hal.o
HAL_DBGMCU_EnableDBGStandbyMode                   build/stm32f4xx_hal.o
HAL_DBGMCU_EnableDBGStopMode                      build/stm32f4xx_hal.o
HAL_DMAEx_ChangeMemory                            build/stm32f4xx_hal_dma_ex.o
HAL_DMAEx_MultiBufferStart                        build/stm32f4xx_hal_dma_ex.o
HAL_DMAEx_MultiBufferStart_IT                     build/stm32f4xx_hal_dma_ex.o
HAL_DMA_Abort                                     build/stm32f4xx_hal_dma.o
                                                  build/stm32f4xx_hal_uart.o
                                                  build/stm32f4xx_hal_spi.o
HAL_DMA_Abort_IT                                  build/stm32f4xx_hal_dma.o
                                                  build/stm32f4xx_hal_uart.o
                                                  build/stm32f4xx_hal_spi.o
HAL_DMA_DeInit                                    build/stm32f4xx_hal_dma.o
HAL_DMA_GetError                                  build/stm32f4xx_hal_dma.o
                                                  build/stm32f4xx_hal_uart.o
HAL_DMA_GetState                                  build/stm32f4xx_hal_dma.o
HAL_DMA_IRQHandler                                build/stm32f4xx_hal_dma.o
HAL_DMA_Init                                      build/stm32f4xx_hal_dma.o
HAL_DMA_PollForTransfer                           build/stm32f4xx_hal_dma.o
HAL_DMA_RegisterCallback                          build/stm32f4xx_hal_dma.o
HAL_DMA_Start                                     build/stm32f4xx_hal_dma.o
HAL_DMA_Start_IT                                  build/stm32f4xx_hal_dma.o
                                                  build/stm32f4xx_hal_uart.o
                                                  build/stm32f4xx_hal_spi.o
HAL_DMA_UnRegisterCallback                        build/stm32f4xx_hal_dma.o
HAL_DeInit                                        build/stm32f4xx_hal.o
HAL_Delay                                         build/stm32f4xx_hal.o
HAL_DisableCompensationCell                       build/stm32f4xx_hal.o
HAL_DisableMemorySwappingBank                     build/stm32f4xx_hal.o
HAL_EXTI_ClearConfigLine                          build/stm32f4xx_hal_exti.o
HAL_EXTI_ClearPending                             build/stm32f4xx_hal_exti.o
HAL_EXTI_GenerateSWI                              build/stm32f4xx_hal_exti.o
HAL_EXTI_GetConfigLine                            build/stm32f4xx_hal_exti.o
HAL_EXTI_GetHandle                                build/stm32f4xx_hal_exti.o
HAL_EXTI_GetPending                               build/stm32f4xx_hal_exti.o
HAL_EXTI_IRQHandler                               build/stm32f4xx_hal_exti.o
HAL_EXTI_RegisterCallback                         build/stm32f4xx_hal_exti.o
HAL_EXTI_SetConfigLine                            build/stm32f4xx_hal_exti.o
HAL_EnableCompensationCell                        build/stm32f4xx_hal.o
HAL_EnableMemorySwappingBank                      build/stm32f4xx_hal.o
HAL_FLASHEx_AdvOBGetConfig                        build/stm32f4xx_hal_flash_ex.o
HAL_FLASHEx_AdvOBProgram                          build/stm32f4xx_hal_flash_ex.o
HAL_FLASHEx_Erase                                 build/stm32f4xx_hal_flash_ex.o
HAL_FLASHEx_Erase_IT                              build/stm32f4xx_hal_flash_ex.o
HAL_FLASHEx_OBGetConfig                           build/stm32f4xx_hal_flash_ex.o
HAL_FLASHEx_OBProgram                             build/stm32f4xx_hal_flash_ex.o
HAL_FLASHEx_OB_DeSelectPCROP                      build/stm32f4xx_hal_flash_ex.o
HAL_FLASHEx_OB_GetBank2WRP                        build/stm32f4xx_hal_flash_ex.o
HAL_FLASHEx_OB_SelectPCROP                        build/stm32f4xx_hal_flash_ex.o
HAL_FLASH_EndOfOperationCallback                  build/stm32f4xx_hal_flash.o
HAL_FLASH_GetError                                build/stm32f4xx_hal_flash.o
HAL_FLASH_IRQHandler                              build/stm32f4xx_hal_flash.o
HAL_FLASH_Lock                                    build/stm32f4xx_hal_flash.o
HAL_FLASH_OB_Launch                               build/stm32f4xx_hal_flash.o
HAL_FLASH_OB_Lock                                 build/stm32f4xx_hal_flash.o
HAL_FLASH_OB_Unlock                               build/stm32f4xx_hal_flash.o
HAL_FLASH_OperationErrorCallback                  build/stm32f4xx_hal_flash.o
HAL_FLASH_Program                                 build/stm32f4xx_hal_flash.o
HAL_FLASH_Program_IT                              build/stm32f4xx_hal_flash.o
HAL_FLASH_Unlock                                  build/stm32f4xx_hal_flash.o
HAL_GPIO_DeInit                                   build/stm32f4xx_hal_gpio.o
                                                  build/stm32f4xx_hal_msp.o
HAL_GPIO_EXTI_Callback                            build/stm32f4xx_hal_gpio.o
HAL_GPIO_EXTI_IRQHandler                          build/stm32f4xx_hal_gpio.o
HAL_GPIO_Init                                     build/stm32f4xx_hal_gpio.o
                                                  build/stm32f4xx_hal_rcc.o
                                                  build/stm32f4xx_hal_msp.o
                                                  build/main.o
HAL_GPIO_LockPin                                  build/stm32f4xx_hal_gpio.o
HAL_GPIO_ReadPin                                  build/stm32f4xx_hal_gpio.o
HAL_GPIO_TogglePin                                build/stm32f4xx_hal_gpio.o
HAL_GPIO_WritePin                                 build/stm32f4xx_hal_gpio.o
                                                  build/main.o
HAL_GetDEVID                                      build/stm32f4xx_hal.o
HAL_GetHalVersion                                 build/stm32f4xx_hal.o
HAL_GetREVID                                      build/stm32f4xx_hal.o
HAL_GetTick                                       build/stm32f4xx_hal.o
                                                  build/stm32f4xx_hal_pwr_ex.o
                                                  build/stm32f4xx_hal_dma.o
                                                  build/stm32f4xx_hal_flash.o
                                                  build/stm32f4xx_hal_rcc_ex.o
                                                  build/stm32f4xx_hal_rcc.o
                                                  build/stm32f4xx_hal_uart.o
                                                  build/stm32f4xx_hal_spi.o
HAL_GetTickFreq                                   build/stm32f4xx_hal.o
HAL_GetTickPrio                                   build/stm32f4xx_hal.o
HAL_GetUIDw0                                      build/stm32f4xx_hal.o
HAL_GetUIDw1                                      build/stm32f4xx_hal.o
HAL_GetUIDw2                                      build/stm32f4xx_hal.o
HAL_HalfDuplex_EnableReceiver                     build/stm32f4xx_hal_uart.o
HAL_HalfDuplex_EnableTransmitter                  build/stm32f4xx_hal_uart.o
HAL_HalfDuplex_Init                               build/stm32f4xx_hal_uart.o
HAL_IncTick                                       build/stm32f4xx_hal.o
                                                  build/stm32f4xx_it.o
HAL_Init                                          build/stm32f4xx_hal.o
                                                  build/main.o
HAL_InitTick                                      build/stm32f4xx_hal.o
                                                  build/stm32f4xx_hal_rcc_ex.o
                                                  build/stm32f4xx_hal_rcc.o
HAL_LIN_Init                                      build/stm32f4xx_hal_uart.o
HAL_LIN_SendBreak                                 build/stm32f4xx_hal_uart.o
HAL_MPU_ConfigRegion                              build/stm32f4xx_hal_cortex.o
HAL_MPU_Disable                                   build/stm32f4xx_hal_cortex.o
HAL_MPU_Enable                                    build/stm32f4xx_hal_cortex.o
HAL_MspDeInit                                     build/stm32f4xx_hal.o
HAL_MspInit                                       build/stm32f4xx_hal_msp.o
HAL_MultiProcessor_EnterMuteMode                  build/stm32f4xx_hal_uart.o
HAL_MultiProcessor_ExitMuteMode                   build/stm32f4xx_hal_uart.o
HAL_MultiProcessor_Init                           build/stm32f4xx_hal_uart.o
HAL_NVIC_ClearPendingIRQ                          build/stm32f4xx_hal_cortex.o
HAL_NVIC_DisableIRQ                               build/stm32f4xx_hal_cortex.o
                                                  build/stm32f4xx_hal_msp.o
HAL_NVIC_EnableIRQ                                build/stm32f4xx_hal_cortex.o
                                                  build/stm32f4xx_hal_msp.o
HAL_NVIC_GetActive                                build/stm32f4xx_hal_cortex.o
HAL_NVIC_GetPendingIRQ                            build/stm32f4xx_hal_cortex.o
HAL_NVIC_GetPriority                              build/stm32f4xx_hal_cortex.o
HAL_NVIC_GetPriorityGrouping                      build/stm32f4xx_hal_cortex.o
HAL_NVIC_SetPendingIRQ                            build/stm32f4xx_hal_cortex.o
HAL_NVIC_SetPriority                              build/stm32f4xx_hal_cortex.o
                                                  build/stm32f4xx_hal.o
                                                  build/stm32f4xx_hal_msp.o
HAL_NVIC_SetPriorityGrouping                      build/stm32f4xx_hal_cortex.o
                                                  build/stm32f4xx_hal.o
                                                  build/stm32f4xx_hal_msp.o
HAL_NVIC_SystemReset                              build/stm32f4xx_hal_cortex.o
HAL_PWREx_ControlVoltageScaling                   build/stm32f4xx_hal_pwr_ex.o
HAL_PWREx_DisableBkUpReg                          build/stm32f4xx_hal_pwr_ex.o
HAL_PWREx_DisableFlashPowerDown                   build/stm32f4xx_hal_pwr_ex.o
HAL_PWREx_DisableOverDrive                        build/stm32f4xx_hal_pwr_ex.o
HAL_PWREx_EnableBkUpReg                           build/stm32f4xx_hal_pwr_ex.o
HAL_PWREx_EnableFlashPowerDown                    build/stm32f4xx_hal_pwr_ex.o
HAL_PWREx_EnableOverDrive                         build/stm32f4xx_hal_pwr_ex.o
HAL_PWREx_EnterUnderDriveSTOPMode                 build/stm32f4xx_hal_pwr_ex.o
HAL_PWREx_GetVoltageRange                         build/stm32f4xx_hal_pwr_ex.o
HAL_PWR_ConfigPVD                                 build/stm32f4xx_hal_pwr.o
HAL_PWR_DeInit                                    build/stm32f4xx_hal_pwr.o
HAL_PWR_DisableBkUpAccess                         build/stm32f4xx_hal_pwr.o
HAL_PWR_DisablePVD                                build/stm32f4xx_hal_pwr.o
HAL_PWR_DisableSEVOnPend                          build/stm32f4xx_hal_pwr.o
HAL_PWR_DisableSleepOnExit                        build/stm32f4xx_hal_pwr.o
HAL_PWR_DisableWakeUpPin                          build/stm32f4xx_hal_pwr.o
HAL_PWR_EnableBkUpAccess                          build/stm32f4xx_hal_pwr.o
HAL_PWR_EnablePVD                                 build/stm32f4xx_hal_pwr.o
HAL_PWR_EnableSEVOnPend                           build/stm32f4xx_hal_pwr.o
HAL_PWR_EnableSleepOnExit                         build/stm32f4xx_hal_pwr.o
HAL_PWR_EnableWakeUpPin                           build/stm32f4xx_hal_pwr.o
HAL_PWR_EnterSLEEPMode                            build/stm32f4xx_hal_pwr.o
HAL_PWR_EnterSTANDBYMode                          build/stm32f4xx_hal_pwr.o
HAL_PWR_EnterSTOPMode                             build/stm32f4xx_hal_pwr.o
HAL_PWR_PVDCallback                               build/stm32f4xx_hal_pwr.o
HAL_PWR_PVD_IRQHandler                            build/stm32f4xx_hal_pwr.o
HAL_RCCEx_DisablePLLI2S                           build/stm32f4xx_hal_rcc_ex.o
HAL_RCCEx_DisablePLLSAI                           build/stm32f4xx_hal_rcc_ex.o
HAL_RCCEx_EnablePLLI2S                            build/stm32f4xx_hal_rcc_ex.o
HAL_RCCEx_EnablePLLSAI                            build/stm32f4xx_hal_rcc_ex.o
HAL_RCCEx_GetPeriphCLKConfig                      build/stm32f4xx_hal_rcc_ex.o
HAL_RCCEx_GetPeriphCLKFreq                        build/stm32f4xx_hal_rcc_ex.o
HAL_RCCEx_PeriphCLKConfig                         build/stm32f4xx_hal_rcc_ex.o
HAL_RCC_CSSCallback                               build/stm32f4xx_hal_rcc.o
HAL_RCC_ClockConfig                               build/stm32f4xx_hal_rcc.o
                                                  build/main.o
HAL_RCC_DeInit                                    build/stm32f4xx_hal_rcc_ex.o
                                                  build/stm32f4xx_hal_rcc.o
HAL_RCC_DisableCSS                                build/stm32f4xx_hal_rcc.o
HAL_RCC_EnableCSS                                 build/stm32f4xx_hal_rcc.o
HAL_RCC_GetClockConfig                            build/stm32f4xx_hal_rcc.o
HAL_RCC_GetHCLKFreq                               build/stm32f4xx_hal_rcc.o
HAL_RCC_GetOscConfig                              build/stm32f4xx_hal_rcc.o
HAL_RCC_GetPCLK1Freq                              build/stm32f4xx_hal_rcc.o
                                                  build/stm32f4xx_hal_uart.o
HAL_RCC_GetPCLK2Freq                              build/stm32f4xx_hal_rcc.o
                                                  build/stm32f4xx_hal_uart.o
HAL_RCC_GetSysClockFreq                           build/stm32f4xx_hal_rcc.o
HAL_RCC_MCOConfig                                 build/stm32f4xx_hal_rcc.o
HAL_RCC_NMI_IRQHandler                            build/stm32f4xx_hal_rcc.o
HAL_RCC_OscConfig                                 build/stm32f4xx_hal_rcc.o
                                                  build/main.o
HAL_ResumeTick                                    build/stm32f4xx_hal.o
HAL_SPI_Abort                                     build/stm32f4xx_hal_spi.o
HAL_SPI_AbortCpltCallback                         build/stm32f4xx_hal_spi.o
HAL_SPI_Abort_IT                                  build/stm32f4xx_hal_spi.o
HAL_SPI_DMAPause                                  build/stm32f4xx_hal_spi.o
HAL_SPI_DMAResume                                 build/stm32f4xx_hal_spi.o
HAL_SPI_DMAStop                                   build/stm32f4xx_hal_spi.o
HAL_SPI_DeInit                                    build/stm32f4xx_hal_spi.o
HAL_SPI_ErrorCallback                             build/stm32f4xx_hal_spi.o
HAL_SPI_GetError                                  build/stm32f4xx_hal_spi.o
HAL_SPI_GetState                                  build/stm32f4xx_hal_spi.o
HAL_SPI_IRQHandler                                build/stm32f4xx_hal_spi.o
                                                  build/stm32f4xx_it.o
HAL_SPI_Init                                      build/stm32f4xx_hal_spi.o
                                                  build/main.o
HAL_SPI_MspDeInit                                 build/stm32f4xx_hal_msp.o
HAL_SPI_MspInit                                   build/stm32f4xx_hal_msp.o
HAL_SPI_Receive                                   build/stm32f4xx_hal_spi.o
HAL_SPI_Receive_DMA                               build/stm32f4xx_hal_spi.o
HAL_SPI_Receive_IT                                build/stm32f4xx_hal_spi.o
HAL_SPI_RxCpltCallback                            build/stm32f4xx_hal_spi.o
HAL_SPI_RxHalfCpltCallback                        build/stm32f4xx_hal_spi.o
HAL_SPI_Transmit                                  build/stm32f4xx_hal_spi.o
HAL_SPI_TransmitReceive                           build/stm32f4xx_hal_spi.o
HAL_SPI_TransmitReceive_DMA                       build/stm32f4xx_hal_spi.o
HAL_SPI_TransmitReceive_IT                        build/stm32f4xx_hal_spi.o
                                                  build/midi.o
HAL_SPI_Transmit_DMA                              build/stm32f4xx_hal_spi.o
HAL_SPI_Transmit_IT                               build/stm32f4xx_hal_spi.o
HAL_SPI_TxCpltCallback                            build/stm32f4xx_hal_spi.o
HAL_SPI_TxHalfCpltCallback                        build/stm32f4xx_hal_spi.o
HAL_SPI_TxRxCpltCallback                          build/main.o
HAL_SPI_TxRxHalfCpltCallback                      build/stm32f4xx_hal_spi.o
HAL_SYSTICK_CLKSourceConfig                       build/stm32f4xx_hal_cortex.o
HAL_SYSTICK_Callback                              build/stm32f4xx_hal_cortex.o
HAL_SYSTICK_Config                                build/stm32f4xx_hal_cortex.o
                                                  build/stm32f4xx_hal.o
HAL_SYSTICK_IRQHandler                            build/stm32f4xx_hal_cortex.o
HAL_SetTickFreq                                   build/stm32f4xx_hal.o
HAL_SuspendTick                                   build/stm32f4xx_hal.o
HAL_UART_Abort                                    build/stm32f4xx_hal_uart.o
HAL_UART_AbortCpltCallback                        build/stm32f4xx_hal_uart.o
HAL_UART_AbortReceive                             build/stm32f4xx_hal_uart.o
HAL_UART_AbortReceiveCpltCallback                 build/stm32f4xx_hal_uart.o
HAL_UART_AbortReceive_IT                          build/stm32f4xx_hal_uart.o
HAL_UART_AbortTransmit                            build/stm32f4xx_hal_uart.o
HAL_UART_AbortTransmitCpltCallback                build/stm32f4xx_hal_uart.o
HAL_UART_AbortTransmit_IT                         build/stm32f4xx_hal_uart.o
HAL_UART_Abort_IT                                 build/stm32f4xx_hal_uart.o
HAL_UART_DMAPause                                 build/stm32f4xx_hal_uart.o
HAL_UART_DMAResume                                build/stm32f4xx_hal_uart.o
HAL_UART_DMAStop                                  build/stm32f4xx_hal_uart.o
HAL_UART_DeInit                                   build/stm32f4xx_hal_uart.o
HAL_UART_ErrorCallback                            build/stm32f4xx_hal_uart.o
HAL_UART_GetError                                 build/stm32f4xx_hal_uart.o
HAL_UART_GetState                                 build/stm32f4xx_hal_uart.o
HAL_UART_IRQHandler                               build/stm32f4xx_hal_uart.o
HAL_UART_Init                                     build/stm32f4xx_hal_uart.o
                                                  build/main.o
HAL_UART_MspDeInit                                build/stm32f4xx_hal_msp.o
HAL_UART_MspInit                                  build/stm32f4xx_hal_msp.o
HAL_UART_Receive                                  build/stm32f4xx_hal_uart.o
HAL_UART_Receive_DMA                              build/stm32f4xx_hal_uart.o
HAL_UART_Receive_IT                               build/stm32f4xx_hal_uart.o
HAL_UART_RxCpltCallback                           build/stm32f4xx_hal_uart.o
HAL_UART_RxHalfCpltCallback                       build/stm32f4xx_hal_uart.o
HAL_UART_Transmit                                 build/stm32f4xx_hal_uart.o
                                                  build/main.o
HAL_UART_Transmit_DMA                             build/stm32f4xx_hal_uart.o
HAL_UART_Transmit_IT                              build/stm32f4xx_hal_uart.o
HAL_UART_TxCpltCallback                           build/stm32f4xx_hal_uart.o
HAL_UART_TxHalfCpltCallback                       build/stm32f4xx_hal_uart.o
HASH_RNG_IRQHandler                               build/startup_stm32f429xx.o
HardFault_Handler                                 build/stm32f4xx_it.o
I2C1_ER_IRQHandler                                build/startup_stm32f429xx.o
I2C1_EV_IRQHandler                                build/startup_stm32f429xx.o
I2C2_ER_IRQHandler                                build/startup_stm32f429xx.o
I2C2_EV_IRQHandler                                build/startup_stm32f429xx.o
I2C3_ER_IRQHandler                                build/startup_stm32f429xx.o
I2C3_EV_IRQHandler                                build/startup_stm32f429xx.o
LTDC_ER_IRQHandler                                build/startup_stm32f429xx.o
LTDC_IRQHandler                                   build/startup_stm32f429xx.o
MemManage_Handler                                 build/stm32f4xx_it.o
NMI_Handler                                       build/stm32f4xx_it.o
OTG_FS_IRQHandler                                 build/startup_stm32f429xx.o
OTG_FS_WKUP_IRQHandler                            build/startup_stm32f429xx.o
OTG_HS_EP1_IN_IRQHandler                          build/startup_stm32f429xx.o
OTG_HS_EP1_OUT_IRQHandler                         build/startup_stm32f429xx.o
OTG_HS_IRQHandler                                 build/startup_stm32f429xx.o
OTG_HS_WKUP_IRQHandler                            build/startup_stm32f429xx.o
PVD_IRQHandler                                    build/startup_stm32f429xx.o
PendSV_Handler                                    build/stm32f4xx_it.o
RCC_IRQHandler                                    build/startup_stm32f429xx.o
RTC_Alarm_IRQHandler                              build/startup_stm32f429xx.o
RTC_WKUP_IRQHandler                               build/startup_stm32f429xx.o
Receive_MIDI                                      build/midi.o
                                                  build/main.o
Reset_Handler                                     build/startup_stm32f429xx.o
SAI1_IRQHandler                                   build/startup_stm32f429xx.o
SDIO_IRQHandler                                   build/startup_stm32f429xx.o
SPI1_IRQHandler                                   build/startup_stm32f429xx.o
SPI2_IRQHandler                                   build/startup_stm32f429xx.o
SPI3_IRQHandler                                   build/startup_stm32f429xx.o
SPI4_IRQHandler                                   build/startup_stm32f429xx.o
SPI5_IRQHandler                                   build/stm32f4xx_it.o
SPI6_IRQHandler                                   build/startup_stm32f429xx.o
SVC_Handler                                       build/stm32f4xx_it.o
SysTick_Handler                                   build/stm32f4xx_it.o
SystemClock_Config                                build/main.o
SystemCoreClock                                   build/system_stm32f4xx.o
                                                  build/stm32f4xx_hal.o
                                                  build/stm32f4xx_hal_dma.o
                                                  build/stm32f4xx_hal_rcc_ex.o
                                                  build/stm32f4xx_hal_rcc.o
                                                  build/stm32f4xx_hal_spi.o
SystemCoreClockUpdate                             build/system_stm32f4xx.o