------------------------------------------------------------
Timing Analyzer Summary
------------------------------------------------------------

Type  : Slow 1200mV 85C Model Setup 'spi_slave:spi0|SPIPhy:spislave_0|single_output_pipeline_stage:SPIPhy_single_output_pipeline_stage|out_valid'
Slack : -1.964
TNS   : -16.494

Type  : Slow 1200mV 85C Model Setup 'spi_sclk'
Slack : -1.481
TNS   : -16.269

Type  : Slow 1200mV 85C Model Setup 'clk'
Slack : -1.171
TNS   : -10.265

Type  : Slow 1200mV 85C Model Hold 'clk'
Slack : 0.273
TNS   : 0.000

Type  : Slow 1200mV 85C Model Hold 'spi_slave:spi0|SPIPhy:spislave_0|single_output_pipeline_stage:SPIPhy_single_output_pipeline_stage|out_valid'
Slack : 0.324
TNS   : 0.000

Type  : Slow 1200mV 85C Model Hold 'spi_sclk'
Slack : 0.381
TNS   : 0.000

Type  : Slow 1200mV 85C Model Recovery 'spi_sclk'
Slack : -1.219
TNS   : -35.414

Type  : Slow 1200mV 85C Model Recovery 'clk'
Slack : -0.754
TNS   : -9.549

Type  : Slow 1200mV 85C Model Removal 'clk'
Slack : 1.053
TNS   : 0.000

Type  : Slow 1200mV 85C Model Removal 'spi_sclk'
Slack : 1.425
TNS   : 0.000

Type  : Slow 1200mV 85C Model Minimum Pulse Width 'spi_sclk'
Slack : -3.000
TNS   : -38.000

Type  : Slow 1200mV 85C Model Minimum Pulse Width 'clk'
Slack : -3.000
TNS   : -30.000

Type  : Slow 1200mV 85C Model Minimum Pulse Width 'spi_slave:spi0|SPIPhy:spislave_0|single_output_pipeline_stage:SPIPhy_single_output_pipeline_stage|out_valid'
Slack : -1.000
TNS   : -9.000

Type  : Slow 1200mV 0C Model Setup 'spi_slave:spi0|SPIPhy:spislave_0|single_output_pipeline_stage:SPIPhy_single_output_pipeline_stage|out_valid'
Slack : -1.664
TNS   : -13.783

Type  : Slow 1200mV 0C Model Setup 'spi_sclk'
Slack : -1.216
TNS   : -12.190

Type  : Slow 1200mV 0C Model Setup 'clk'
Slack : -0.975
TNS   : -7.414

Type  : Slow 1200mV 0C Model Hold 'clk'
Slack : 0.260
TNS   : 0.000

Type  : Slow 1200mV 0C Model Hold 'spi_slave:spi0|SPIPhy:spislave_0|single_output_pipeline_stage:SPIPhy_single_output_pipeline_stage|out_valid'
Slack : 0.280
TNS   : 0.000

Type  : Slow 1200mV 0C Model Hold 'spi_sclk'
Slack : 0.333
TNS   : 0.000

Type  : Slow 1200mV 0C Model Recovery 'spi_sclk'
Slack : -1.038
TNS   : -28.663

Type  : Slow 1200mV 0C Model Recovery 'clk'
Slack : -0.561
TNS   : -6.997

Type  : Slow 1200mV 0C Model Removal 'clk'
Slack : 0.942
TNS   : 0.000

Type  : Slow 1200mV 0C Model Removal 'spi_sclk'
Slack : 1.223
TNS   : 0.000

Type  : Slow 1200mV 0C Model Minimum Pulse Width 'spi_sclk'
Slack : -3.000
TNS   : -38.000

Type  : Slow 1200mV 0C Model Minimum Pulse Width 'clk'
Slack : -3.000
TNS   : -30.000

Type  : Slow 1200mV 0C Model Minimum Pulse Width 'spi_slave:spi0|SPIPhy:spislave_0|single_output_pipeline_stage:SPIPhy_single_output_pipeline_stage|out_valid'
Slack : -1.000
TNS   : -9.000

Type  : Fast 1200mV 0C Model Setup 'spi_slave:spi0|SPIPhy:spislave_0|single_output_pipeline_stage:SPIPhy_single_output_pipeline_stage|out_valid'
Slack : -0.638
TNS   : -5.184

Type  : Fast 1200mV 0C Model Setup 'spi_sclk'
Slack : -0.456
TNS   : -1.575

Type  : Fast 1200mV 0C Model Setup 'clk'
Slack : -0.248
TNS   : -2.683

Type  : Fast 1200mV 0C Model Hold 'spi_slave:spi0|SPIPhy:spislave_0|single_output_pipeline_stage:SPIPhy_single_output_pipeline_stage|out_valid'
Slack : 0.117
TNS   : 0.000

Type  : Fast 1200mV 0C Model Hold 'clk'
Slack : 0.187
TNS   : 0.000

Type  : Fast 1200mV 0C Model Hold 'spi_sclk'
Slack : 0.199
TNS   : 0.000

Type  : Fast 1200mV 0C Model Recovery 'spi_sclk'
Slack : -0.171
TNS   : -4.576

Type  : Fast 1200mV 0C Model Recovery 'clk'
Slack : -0.010
TNS   : -0.037

Type  : Fast 1200mV 0C Model Removal 'clk'
Slack : 0.586
TNS   : 0.000

Type  : Fast 1200mV 0C Model Removal 'spi_sclk'
Slack : 0.776
TNS   : 0.000

Type  : Fast 1200mV 0C Model Minimum Pulse Width 'spi_sclk'
Slack : -3.000
TNS   : -43.067

Type  : Fast 1200mV 0C Model Minimum Pulse Width 'clk'
Slack : -3.000
TNS   : -31.582

Type  : Fast 1200mV 0C Model Minimum Pulse Width 'spi_slave:spi0|SPIPhy:spislave_0|single_output_pipeline_stage:SPIPhy_single_output_pipeline_stage|out_valid'
Slack : -1.000
TNS   : -9.000

------------------------------------------------------------
