------------------------------------------------------------
Timing Analyzer Summary
------------------------------------------------------------

Type  : Slow 1200mV 85C Model Setup 'clk'
Slack : -2.622
TNS   : -154.976

Type  : Slow 1200mV 85C Model Setup 'spi_slave:spi0|SPIPhy:spislave_0|single_output_pipeline_stage:SPIPhy_single_output_pipeline_stage|out_valid'
Slack : -1.740
TNS   : -41.786

Type  : Slow 1200mV 85C Model Setup 'spi_sclk'
Slack : -1.137
TNS   : -15.756

Type  : Slow 1200mV 85C Model Hold 'clk'
Slack : 0.285
TNS   : 0.000

Type  : Slow 1200mV 85C Model Hold 'spi_slave:spi0|SPIPhy:spislave_0|single_output_pipeline_stage:SPIPhy_single_output_pipeline_stage|out_valid'
Slack : 0.358
TNS   : 0.000

Type  : Slow 1200mV 85C Model Hold 'spi_sclk'
Slack : 0.381
TNS   : 0.000

Type  : Slow 1200mV 85C Model Recovery 'spi_sclk'
Slack : -1.139
TNS   : -32.586

Type  : Slow 1200mV 85C Model Recovery 'clk'
Slack : -0.768
TNS   : -8.985

Type  : Slow 1200mV 85C Model Removal 'clk'
Slack : 0.997
TNS   : 0.000

Type  : Slow 1200mV 85C Model Removal 'spi_sclk'
Slack : 1.315
TNS   : 0.000

Type  : Slow 1200mV 85C Model Minimum Pulse Width 'clk'
Slack : -3.000
TNS   : -124.088

Type  : Slow 1200mV 85C Model Minimum Pulse Width 'spi_sclk'
Slack : -3.000
TNS   : -38.000

Type  : Slow 1200mV 85C Model Minimum Pulse Width 'spi_slave:spi0|SPIPhy:spislave_0|single_output_pipeline_stage:SPIPhy_single_output_pipeline_stage|out_valid'
Slack : -1.000
TNS   : -47.000

Type  : Slow 1200mV 0C Model Setup 'clk'
Slack : -2.287
TNS   : -131.157

Type  : Slow 1200mV 0C Model Setup 'spi_slave:spi0|SPIPhy:spislave_0|single_output_pipeline_stage:SPIPhy_single_output_pipeline_stage|out_valid'
Slack : -1.462
TNS   : -33.753

Type  : Slow 1200mV 0C Model Setup 'spi_sclk'
Slack : -0.884
TNS   : -11.904

Type  : Slow 1200mV 0C Model Hold 'clk'
Slack : 0.249
TNS   : 0.000

Type  : Slow 1200mV 0C Model Hold 'spi_slave:spi0|SPIPhy:spislave_0|single_output_pipeline_stage:SPIPhy_single_output_pipeline_stage|out_valid'
Slack : 0.311
TNS   : 0.000

Type  : Slow 1200mV 0C Model Hold 'spi_sclk'
Slack : 0.333
TNS   : 0.000

Type  : Slow 1200mV 0C Model Recovery 'spi_sclk'
Slack : -0.948
TNS   : -26.227

Type  : Slow 1200mV 0C Model Recovery 'clk'
Slack : -0.576
TNS   : -6.524

Type  : Slow 1200mV 0C Model Removal 'clk'
Slack : 0.914
TNS   : 0.000

Type  : Slow 1200mV 0C Model Removal 'spi_sclk'
Slack : 1.127
TNS   : 0.000

Type  : Slow 1200mV 0C Model Minimum Pulse Width 'clk'
Slack : -3.000
TNS   : -124.088

Type  : Slow 1200mV 0C Model Minimum Pulse Width 'spi_sclk'
Slack : -3.000
TNS   : -38.000

Type  : Slow 1200mV 0C Model Minimum Pulse Width 'spi_slave:spi0|SPIPhy:spislave_0|single_output_pipeline_stage:SPIPhy_single_output_pipeline_stage|out_valid'
Slack : -1.000
TNS   : -47.000

Type  : Fast 1200mV 0C Model Setup 'clk'
Slack : -1.071
TNS   : -53.810

Type  : Fast 1200mV 0C Model Setup 'spi_slave:spi0|SPIPhy:spislave_0|single_output_pipeline_stage:SPIPhy_single_output_pipeline_stage|out_valid'
Slack : -0.567
TNS   : -11.505

Type  : Fast 1200mV 0C Model Setup 'spi_sclk'
Slack : -0.226
TNS   : -1.109

Type  : Fast 1200mV 0C Model Hold 'spi_slave:spi0|SPIPhy:spislave_0|single_output_pipeline_stage:SPIPhy_single_output_pipeline_stage|out_valid'
Slack : 0.151
TNS   : 0.000

Type  : Fast 1200mV 0C Model Hold 'clk'
Slack : 0.159
TNS   : 0.000

Type  : Fast 1200mV 0C Model Hold 'spi_sclk'
Slack : 0.199
TNS   : 0.000

Type  : Fast 1200mV 0C Model Recovery 'spi_sclk'
Slack : -0.147
TNS   : -2.735

Type  : Fast 1200mV 0C Model Recovery 'clk'
Slack : -0.028
TNS   : -0.224

Type  : Fast 1200mV 0C Model Removal 'clk'
Slack : 0.536
TNS   : 0.000

Type  : Fast 1200mV 0C Model Removal 'spi_sclk'
Slack : 0.740
TNS   : 0.000

Type  : Fast 1200mV 0C Model Minimum Pulse Width 'clk'
Slack : -3.000
TNS   : -117.804

Type  : Fast 1200mV 0C Model Minimum Pulse Width 'spi_sclk'
Slack : -3.000
TNS   : -44.423

Type  : Fast 1200mV 0C Model Minimum Pulse Width 'spi_slave:spi0|SPIPhy:spislave_0|single_output_pipeline_stage:SPIPhy_single_output_pipeline_stage|out_valid'
Slack : -1.000
TNS   : -47.000

------------------------------------------------------------
